Archive member included to satisfy reference by file (symbol)

/Applications/STM32CubeIDE.app/Contents/Eclipse/plugins/com.st.stm32cube.ide.mcu.externaltools.gnu-tools-for-stm32.12.3.rel1.macos64_1.0.100.202403111906/tools/bin/../lib/gcc/arm-none-eabi/12.3.1/../../../../arm-none-eabi/lib/thumb/v7e-m+fp/hard/libc_nano.a(libc_a-exit.o)
                              /Applications/STM32CubeIDE.app/Contents/Eclipse/plugins/com.st.stm32cube.ide.mcu.externaltools.gnu-tools-for-stm32.12.3.rel1.macos64_1.0.100.202403111906/tools/bin/../lib/gcc/arm-none-eabi/12.3.1/../../../../arm-none-eabi/lib/thumb/v7e-m+fp/hard/crt0.o (exit)
/Applications/STM32CubeIDE.app/Contents/Eclipse/plugins/com.st.stm32cube.ide.mcu.externaltools.gnu-tools-for-stm32.12.3.rel1.macos64_1.0.100.202403111906/tools/bin/../lib/gcc/arm-none-eabi/12.3.1/../../../../arm-none-eabi/lib/thumb/v7e-m+fp/hard/libc_nano.a(libc_a-malloc.o)
                              ./Middlewares/ST/STM32_USB_Host_Library/Class/CDC/Src/usbh_cdc.o (malloc)
/Applications/STM32CubeIDE.app/Contents/Eclipse/plugins/com.st.stm32cube.ide.mcu.externaltools.gnu-tools-for-stm32.12.3.rel1.macos64_1.0.100.202403111906/tools/bin/../lib/gcc/arm-none-eabi/12.3.1/../../../../arm-none-eabi/lib/thumb/v7e-m+fp/hard/libc_nano.a(libc_a-mallocr.o)
                              /Applications/STM32CubeIDE.app/Contents/Eclipse/plugins/com.st.stm32cube.ide.mcu.externaltools.gnu-tools-for-stm32.12.3.rel1.macos64_1.0.100.202403111906/tools/bin/../lib/gcc/arm-none-eabi/12.3.1/../../../../arm-none-eabi/lib/thumb/v7e-m+fp/hard/libc_nano.a(libc_a-malloc.o) (_malloc_r)
/Applications/STM32CubeIDE.app/Contents/Eclipse/plugins/com.st.stm32cube.ide.mcu.externaltools.gnu-tools-for-stm32.12.3.rel1.macos64_1.0.100.202403111906/tools/bin/../lib/gcc/arm-none-eabi/12.3.1/../../../../arm-none-eabi/lib/thumb/v7e-m+fp/hard/libc_nano.a(libc_a-mlock.o)
                              /Applications/STM32CubeIDE.app/Contents/Eclipse/plugins/com.st.stm32cube.ide.mcu.externaltools.gnu-tools-for-stm32.12.3.rel1.macos64_1.0.100.202403111906/tools/bin/../lib/gcc/arm-none-eabi/12.3.1/../../../../arm-none-eabi/lib/thumb/v7e-m+fp/hard/libc_nano.a(libc_a-mallocr.o) (__malloc_lock)
/Applications/STM32CubeIDE.app/Contents/Eclipse/plugins/com.st.stm32cube.ide.mcu.externaltools.gnu-tools-for-stm32.12.3.rel1.macos64_1.0.100.202403111906/tools/bin/../lib/gcc/arm-none-eabi/12.3.1/../../../../arm-none-eabi/lib/thumb/v7e-m+fp/hard/libc_nano.a(libc_a-findfp.o)
                              /Applications/STM32CubeIDE.app/Contents/Eclipse/plugins/com.st.stm32cube.ide.mcu.externaltools.gnu-tools-for-stm32.12.3.rel1.macos64_1.0.100.202403111906/tools/bin/../lib/gcc/arm-none-eabi/12.3.1/../../../../arm-none-eabi/lib/thumb/v7e-m+fp/hard/libc_nano.a(libc_a-exit.o) (__stdio_exit_handler)
/Applications/STM32CubeIDE.app/Contents/Eclipse/plugins/com.st.stm32cube.ide.mcu.externaltools.gnu-tools-for-stm32.12.3.rel1.macos64_1.0.100.202403111906/tools/bin/../lib/gcc/arm-none-eabi/12.3.1/../../../../arm-none-eabi/lib/thumb/v7e-m+fp/hard/libc_nano.a(libc_a-fwalk.o)
                              /Applications/STM32CubeIDE.app/Contents/Eclipse/plugins/com.st.stm32cube.ide.mcu.externaltools.gnu-tools-for-stm32.12.3.rel1.macos64_1.0.100.202403111906/tools/bin/../lib/gcc/arm-none-eabi/12.3.1/../../../../arm-none-eabi/lib/thumb/v7e-m+fp/hard/libc_nano.a(libc_a-findfp.o) (_fwalk_sglue)
/Applications/STM32CubeIDE.app/Contents/Eclipse/plugins/com.st.stm32cube.ide.mcu.externaltools.gnu-tools-for-stm32.12.3.rel1.macos64_1.0.100.202403111906/tools/bin/../lib/gcc/arm-none-eabi/12.3.1/../../../../arm-none-eabi/lib/thumb/v7e-m+fp/hard/libc_nano.a(libc_a-memset.o)
                              /Applications/STM32CubeIDE.app/Contents/Eclipse/plugins/com.st.stm32cube.ide.mcu.externaltools.gnu-tools-for-stm32.12.3.rel1.macos64_1.0.100.202403111906/tools/bin/../lib/gcc/arm-none-eabi/12.3.1/../../../../arm-none-eabi/lib/thumb/v7e-m+fp/hard/crt0.o (memset)
/Applications/STM32CubeIDE.app/Contents/Eclipse/plugins/com.st.stm32cube.ide.mcu.externaltools.gnu-tools-for-stm32.12.3.rel1.macos64_1.0.100.202403111906/tools/bin/../lib/gcc/arm-none-eabi/12.3.1/../../../../arm-none-eabi/lib/thumb/v7e-m+fp/hard/libc_nano.a(libc_a-impure.o)
                              /Applications/STM32CubeIDE.app/Contents/Eclipse/plugins/com.st.stm32cube.ide.mcu.externaltools.gnu-tools-for-stm32.12.3.rel1.macos64_1.0.100.202403111906/tools/bin/../lib/gcc/arm-none-eabi/12.3.1/../../../../arm-none-eabi/lib/thumb/v7e-m+fp/hard/libc_nano.a(libc_a-malloc.o) (_impure_ptr)
/Applications/STM32CubeIDE.app/Contents/Eclipse/plugins/com.st.stm32cube.ide.mcu.externaltools.gnu-tools-for-stm32.12.3.rel1.macos64_1.0.100.202403111906/tools/bin/../lib/gcc/arm-none-eabi/12.3.1/../../../../arm-none-eabi/lib/thumb/v7e-m+fp/hard/libc_nano.a(libc_a-sbrkr.o)
[...]
Memory Configuration

Name             Origin             Length             Attributes
CCMRAM           0x10000000         0x00010000         xrw
RAM              0x20000000         0x00030000         xrw
FLASH            0x08000000         0x00200000         xr
*default*        0x00000000         0xffffffff

Linker script and memory map

LOAD /Applications/STM32CubeIDE.app/Contents/Eclipse/plugins/com.st.stm32cube.ide.mcu.externaltools.gnu-tools-for-stm32.12.3.rel1.macos64_1.0.100.202403111906/tools/bin/../lib/gcc/arm-none-eabi/12.3.1/thumb/v7e-m+fp/hard/crti.o
LOAD /Applications/STM32CubeIDE.app/Contents/Eclipse/plugins/com.st.stm32cube.ide.mcu.externaltools.gnu-tools-for-stm32.12.3.rel1.macos64_1.0.100.202403111906/tools/bin/../lib/gcc/arm-none-eabi/12.3.1/thumb/v7e-m+fp/hard/crtbegin.o
LOAD /Applications/STM32CubeIDE.app/Contents/Eclipse/plugins/com.st.stm32cube.ide.mcu.externaltools.gnu-tools-for-stm32.12.3.rel1.macos64_1.0.100.202403111906/tools/bin/../lib/gcc/arm-none-eabi/12.3.1/../../../../arm-none-eabi/lib/thumb/v7e-m+fp/hard/crt0.o
LOAD ./Core/Src/freertos.o
LOAD ./Core/Src/main.o
LOAD ./Core/Src/stm32f4xx_hal_msp.o
LOAD ./Core/Src/stm32f4xx_hal_timebase_tim.o
LOAD ./Core/Src/stm32f4xx_it.o
LOAD ./Core/Src/syscalls.o
LOAD ./Core/Src/sysmem.o
LOAD ./Core/Src/system_stm32f4xx.o
LOAD ./Core/Startup/startup_stm32f429zitx.o
LOAD ./Drivers/STM32F4xx_HAL_Driver/Src/stm32f4xx_hal.o
LOAD ./Drivers/STM32F4xx_HAL_Driver/Src/stm32f4xx_hal_cortex.o
LOAD ./Drivers/STM32F4xx_HAL_Driver/Src/stm32f4xx_hal_crc.o
LOAD ./Drivers/STM32F4xx_HAL_Driver/Src/stm32f4xx_hal_dma.o
LOAD ./Drivers/STM32F4xx_HAL_Driver/Src/stm32f4xx_hal_dma2d.o
LOAD ./Drivers/STM32F4xx_HAL_Driver/Src/stm32f4xx_hal_dma_ex.o
LOAD ./Drivers/STM32F4xx_HAL_Driver/Src/stm32f4xx_hal_dsi.o
LOAD ./Drivers/STM32F4xx_HAL_Driver/Src/stm32f4xx_hal_exti.o
LOAD ./Drivers/STM32F4xx_HAL_Driver/Src/stm32f4xx_hal_flash.o
LOAD ./Drivers/STM32F4xx_HAL_Driver/Src/stm32f4xx_hal_flash_ex.o
LOAD ./Drivers/STM32F4xx_HAL_Driver/Src/stm32f4xx_hal_flash_ramfunc.o
LOAD ./Drivers/STM32F4xx_HAL_Driver/Src/stm32f4xx_hal_gpio.o
LOAD ./Drivers/STM32F4xx_HAL_Driver/Src/stm32f4xx_hal_hcd.o
LOAD ./Drivers/STM32F4xx_HAL_Driver/Src/stm32f4xx_hal_i2c.o
LOAD ./Drivers/STM32F4xx_HAL_Driver/Src/stm32f4xx_hal_i2c_ex.o
LOAD ./Drivers/STM32F4xx_HAL_Driver/Src/stm32f4xx_hal_ltdc.o
LOAD ./Drivers/STM32F4xx_HAL_Driver/Src/stm32f4xx_hal_ltdc_ex.o
LOAD ./Drivers/STM32F4xx_HAL_Driver/Src/stm32f4xx_hal_pwr.o
LOAD ./Drivers/STM32F4xx_HAL_Driver/Src/stm32f4xx_hal_pwr_ex.o
LOAD ./Drivers/STM32F4xx_HAL_Driver/Src/stm32f4xx_hal_rcc.o
LOAD ./Drivers/STM32F4xx_HAL_Driver/Src/stm32f4xx_hal_rcc_ex.o
LOAD ./Drivers/STM32F4xx_HAL_Driver/Src/stm32f4xx_hal_sdram.o
LOAD ./Drivers/STM32F4xx_HAL_Driver/Src/stm32f4xx_hal_spi.o
LOAD ./Drivers/STM32F4xx_HAL_Driver/Src/stm32f4xx_hal_tim.o
LOAD ./Drivers/STM32F4xx_HAL_Driver/Src/stm32f4xx_hal_tim_ex.o
LOAD ./Drivers/STM32F4xx_HAL_Driver/Src/stm32f4xx_hal_uart.o
LOAD ./Drivers/STM32F4xx_HAL_Driver/Src/stm32f4xx_ll_fmc.o
LOAD ./Drivers/STM32F4xx_HAL_Driver/Src/stm32f4xx_ll_usb.o
LOAD ./Middlewares/ST/STM32_USB_Host_Library/Class/CDC/Src/usbh_cdc.o
LOAD ./Middlewares/ST/STM32_USB_Host_Library/Core/Src/usbh_core.o
LOAD ./Middlewares/ST/STM32_USB_Host_Library/Core/Src/usbh_ctlreq.o
LOAD ./Middlewares/ST/STM32_USB_Host_Library/Core/Src/usbh_ioreq.o
LOAD ./Middlewares/ST/STM32_USB_Host_Library/Core/Src/usbh_pipes.o
LOAD ./Middlewares/Third_Party/FreeRTOS/Source/CMSIS_RTOS_V2/cmsis_os2.o
LOAD ./Middlewares/Third_Party/FreeRTOS/Source/croutine.o
LOAD ./Middlewares/Third_Party/FreeRTOS/Source/event_groups.o
LOAD ./Middlewares/Third_Party/FreeRTOS/Source/list.o
LOAD ./Middlewares/Third_Party/FreeRTOS/Source/queue.o
LOAD ./Middlewares/Third_Party/FreeRTOS/Source/stream_buffer.o
LOAD ./Middlewares/Third_Party/FreeRTOS/Source/tasks.o
LOAD ./Middlewares/Third_Party/FreeRTOS/Source/timers.o
LOAD ./Middlewares/Third_Party/FreeRTOS/Source/portable/GCC/ARM_CM4F/port.o
LOAD ./Middlewares/Third_Party/FreeRTOS/Source/portable/MemMang/heap_4.o
LOAD ./USB_HOST/App/usb_host.o
LOAD ./USB_HOST/Target/usbh_conf.o
LOAD ./USB_HOST/Target/usbh_platform.o
START GROUP
LOAD /Applications/STM32CubeIDE.app/Contents/Eclipse/plugins/com.st.stm32cube.ide.mcu.externaltools.gnu-tools-for-stm32.12.3.rel1.macos64_1.0.100.202403111906/tools/bin/../lib/gcc/arm-none-eabi/12.3.1/../../../../arm-none-eabi/lib/thumb/v7e-m+fp/hard/libc_nano.a
LOAD /Applications/STM32CubeIDE.app/Contents/Eclipse/plugins/com.st.stm32cube.ide.mcu.externaltools.gnu-tools-for-stm32.12.3.rel1.macos64_1.0.100.202403111906/tools/bin/../lib/gcc/arm-none-eabi/12.3.1/../../../../arm-none-eabi/lib/thumb/v7e-m+fp/hard/libm.a
END GROUP
START GROUP
LOAD /Applications/STM32CubeIDE.app/Contents/Eclipse/plugins/com.st.stm32cube.ide.mcu.externaltools.gnu-tools-for-stm32.12.3.rel1.macos64_1.0.100.202403111906/tools/bin/../lib/gcc/arm-none-eabi/12.3.1/thumb/v7e-m+fp/hard/libgcc.a
LOAD /Applications/STM32CubeIDE.app/Contents/Eclipse/plugins/com.st.stm32cube.ide.mcu.externaltools.gnu-tools-for-stm32.12.3.rel1.macos64_1.0.100.202403111906/tools/bin/../lib/gcc/arm-none-eabi/12.3.1/../../../../arm-none-eabi/lib/thumb/v7e-m+fp/hard/libc_nano.a
END GROUP
START GROUP
LOAD /Applications/STM32CubeIDE.app/Contents/Eclipse/plugins/com.st.stm32cube.ide.mcu.externaltools.gnu-tools-for-stm32.12.3.rel1.macos64_1.0.100.202403111906/tools/bin/../lib/gcc/arm-none-eabi/12.3.1/thumb/v7e-m+fp/hard/libgcc.a
LOAD /Applications/STM32CubeIDE.app/Contents/Eclipse/plugins/com.st.stm32cube.ide.mcu.externaltools.gnu-tools-for-stm32.12.3.rel1.macos64_1.0.100.202403111906/tools/bin/../lib/gcc/arm-none-eabi/12.3.1/../../../../arm-none-eabi/lib/thumb/v7e-m+fp/hard/libc_nano.a
LOAD /Applications/STM32CubeIDE.app/Contents/Eclipse/plugins/com.st.stm32cube.ide.mcu.externaltools.gnu-tools-for-stm32.12.3.rel1.macos64_1.0.100.202403111906/tools/bin/../lib/gcc/arm-none-eabi/12.3.1/../../../../arm-none-eabi/lib/thumb/v7e-m+fp/hard/libnosys.a
END GROUP
START GROUP
LOAD /Applications/STM32CubeIDE.app/Contents/Eclipse/plugins/com.st.stm32cube.ide.mcu.externaltools.gnu-tools-for-stm32.12.3.rel1.macos64_1.0.100.202403111906/tools/bin/../lib/gcc/arm-none-eabi/12.3.1/thumb/v7e-m+fp/hard/libgcc.a
LOAD /Applications/STM32CubeIDE.app/Contents/Eclipse/plugins/com.st.stm32cube.ide.mcu.externaltools.gnu-tools-for-stm32.12.3.rel1.macos64_1.0.100.202403111906/tools/bin/../lib/gcc/arm-none-eabi/12.3.1/../../../../arm-none-eabi/lib/thumb/v7e-m+fp/hard/libc_nano.a
LOAD /Applications/STM32CubeIDE.app/Contents/Eclipse/plugins/com.st.stm32cube.ide.mcu.externaltools.gnu-tools-for-stm32.12.3.rel1.macos64_1.0.100.202403111906/tools/bin/../lib/gcc/arm-none-eabi/12.3.1/../../../../arm-none-eabi/lib/thumb/v7e-m+fp/hard/libnosys.a
END GROUP
LOAD /Applications/STM32CubeIDE.app/Contents/Eclipse/plugins/com.st.stm32cube.ide.mcu.externaltools.gnu-tools-for-stm32.12.3.rel1.macos64_1.0.100.202403111906/tools/bin/../lib/gcc/arm-none-eabi/12.3.1/thumb/v7e-m+fp/hard/crtend.o
LOAD /Applications/STM32CubeIDE.app/Contents/Eclipse/plugins/com.st.stm32cube.ide.mcu.externaltools.gnu-tools-for-stm32.12.3.rel1.macos64_1.0.100.202403111906/tools/bin/../lib/gcc/arm-none-eabi/12.3.1/thumb/v7e-m+fp/hard/crtn.o
                0x20030000                        _estack = (ORIGIN (RAM) + LENGTH (RAM))
                0x00000200                        _Min_Heap_Size = 0x200
                0x00000400                        _Min_Stack_Size = 0x400

.isr_vector     0x08000000      0x1ac
                0x08000000                        . = ALIGN (0x4)
 *(.isr_vector)
 .isr_vector    0x08000000      0x1ac ./Core/Startup/startup_stm32f429zitx.o
                0x08000000                g_pfnVectors
                0x080001ac                        . = ALIGN (0x4)

.text           0x080001b0     0xdbc4
                0x080001b0                        . = ALIGN (0x4)
 *(.text)
 .text          0x080001b0       0x40 /Applications/STM32CubeIDE.app/Contents/Eclipse/plugins/com.st.stm32cube.ide.mcu.externaltools.gnu-tools-for-stm32.12.3.rel1.macos64_1.0.100.202403111906/tools/bin/../lib/gcc/arm-none-eabi/12.3.1/thumb/v7e-m+fp/hard/crtbegin.o
 .text          0x080001f0       0x30 /Applications/STM32CubeIDE.app/Contents/Eclipse/plugins/com.st.stm32cube.ide.mcu.externaltools.gnu-tools-for-stm32.12.3.rel1.macos64_1.0.100.202403111906/tools/bin/../lib/gcc/arm-none-eabi/12.3.1/thumb/v7e-m+fp/hard/libgcc.a(_aeabi_uldivmod.o)
                0x080001f0                __aeabi_uldivmod
 .text          0x08000220      0x2bc /Applications/STM32CubeIDE.app/Contents/Eclipse/plugins/com.st.stm32cube.ide.mcu.externaltools.gnu-tools-for-stm32.12.3.rel1.macos64_1.0.100.202403111906/tools/bin/../lib/gcc/arm-none-eabi/12.3.1/thumb/v7e-m+fp/hard/libgcc.a(_udivmoddi4.o)
                0x08000220                __udivmoddi4
 .text          0x080004dc        0x4 /Applications/STM32CubeIDE.app/Contents/Eclipse/plugins/com.st.stm32cube.ide.mcu.externaltools.gnu-tools-for-stm32.12.3.rel1.macos64_1.0.100.202403111906/tools/bin/../lib/gcc/arm-none-eabi/12.3.1/thumb/v7e-m+fp/hard/libgcc.a(_dvmd_tls.o)
                0x080004dc                __aeabi_ldiv0
                0x080004dc                __aeabi_idiv0
 *(.text*)
 .text.vApplicationIdleHook
                0x080004e0        0xe ./Core/Src/freertos.o
                0x080004e0                vApplicationIdleHook
 .text.vApplicationStackOverflowHook
                0x080004ee       0x16 ./Core/Src/freertos.o
                0x080004ee                vApplicationStackOverflowHook
 .text.vApplicationMallocFailedHook
                0x08000504        0xe ./Core/Src/freertos.o
                0x08000504                vApplicationMallocFailedHook
 .text.ITM_SendChar
                0x08000512       0x4e ./Core/Src/main.o
 .text.main     0x08000560       0x58 ./Core/Src/main.o
                0x08000560                main
 .text.SystemClock_Config
                0x080005b8       0xd4 ./Core/Src/main.o
                0x080005b8                SystemClock_Config
 .text.MX_CRC_Init
                0x0800068c       0x28 ./Core/Src/main.o
 .text.MX_DMA2D_Init
                0x080006b4       0x64 ./Core/Src/main.o
 .text.MX_I2C3_Init
                0x08000718       0x80 ./Core/Src/main.o
 .text.MX_LTDC_Init
                0x08000798      0x100 ./Core/Src/main.o
 .text.MX_SPI5_Init
                0x08000898       0x6c ./Core/Src/main.o
 .text.MX_TIM1_Init
                0x08000904       0xa0 ./Core/Src/main.o
 .text.MX_USART1_UART_Init
                0x080009a4       0x54 ./Core/Src/main.o
 .text.MX_FMC_Init
                0x080009f8       0xa0 ./Core/Src/main.o
 .text.MX_GPIO_Init
                0x08000a98      0x248 ./Core/Src/main.o
 .text.Task_action
                0x08000ce0       0x20 ./Core/Src/main.o
                0x08000ce0                Task_action
 .text.StartDefaultTask
                0x08000d00       0x2c ./Core/Src/main.o
                0x08000d00                StartDefaultTask
 .text.HAL_TIM_PeriodElapsedCallback
                0x08000d2c       0x24 ./Core/Src/main.o
                0x08000d2c                HAL_TIM_PeriodElapsedCallback
 .text.Error_Handler
                0x08000d50        0xc ./Core/Src/main.o
                0x08000d50                Error_Handler
 .text.HAL_MspInit
                0x08000d5c       0x58 ./Core/Src/stm32f4xx_hal_msp.o
                0x08000d5c                HAL_MspInit
 .text.HAL_CRC_MspInit
                0x08000db4       0x44 ./Core/Src/stm32f4xx_hal_msp.o
                0x08000db4                HAL_CRC_MspInit
 .text.HAL_DMA2D_MspInit
                0x08000df8       0x50 ./Core/Src/stm32f4xx_hal_msp.o
                0x08000df8                HAL_DMA2D_MspInit
 .text.HAL_I2C_MspInit
                0x08000e48       0xd4 ./Core/Src/stm32f4xx_hal_msp.o
                0x08000e48                HAL_I2C_MspInit
 .text.HAL_LTDC_MspInit
                0x08000f1c      0x260 ./Core/Src/stm32f4xx_hal_msp.o
                0x08000f1c                HAL_LTDC_MspInit
 .text.HAL_SPI_MspInit
                0x0800117c       0x90 ./Core/Src/stm32f4xx_hal_msp.o
                0x0800117c                HAL_SPI_MspInit
 .text.HAL_TIM_Base_MspInit
                0x0800120c       0x44 ./Core/Src/stm32f4xx_hal_msp.o
                0x0800120c                HAL_TIM_Base_MspInit
 .text.HAL_UART_MspInit
                0x08001250       0x90 ./Core/Src/stm32f4xx_hal_msp.o
                0x08001250                HAL_UART_MspInit
 .text.HAL_FMC_MspInit
                0x080012e0      0x124 ./Core/Src/stm32f4xx_hal_msp.o
 .text.HAL_SDRAM_MspInit
                0x08001404       0x14 ./Core/Src/stm32f4xx_hal_msp.o
                0x08001404                HAL_SDRAM_MspInit
 .text.HAL_InitTick
                0x08001418       0xf8 ./Core/Src/stm32f4xx_hal_timebase_tim.o
                0x08001418                HAL_InitTick
 .text.NMI_Handler
                0x08001510        0x8 ./Core/Src/stm32f4xx_it.o
                0x08001510                NMI_Handler
 .text.HardFault_Handler
                0x08001518        0x8 ./Core/Src/stm32f4xx_it.o
                0x08001518                HardFault_Handler
 .text.MemManage_Handler
                0x08001520        0x8 ./Core/Src/stm32f4xx_it.o
                0x08001520                MemManage_Handler
 .text.BusFault_Handler
                0x08001528        0x8 ./Core/Src/stm32f4xx_it.o
                0x08001528                BusFault_Handler
 .text.UsageFault_Handler
                0x08001530        0x8 ./Core/Src/stm32f4xx_it.o
                0x08001530                UsageFault_Handler
 .text.DebugMon_Handler
                0x08001538        0xe ./Core/Src/stm32f4xx_it.o
                0x08001538                DebugMon_Handler
 .text.EXTI0_IRQHandler
                0x08001546        0xe ./Core/Src/stm32f4xx_it.o
                0x08001546                EXTI0_IRQHandler
 .text.TIM6_DAC_IRQHandler
                0x08001554       0x14 ./Core/Src/stm32f4xx_it.o
                0x08001554                TIM6_DAC_IRQHandler
 .text.OTG_HS_IRQHandler
                0x08001568       0x14 ./Core/Src/stm32f4xx_it.o
                0x08001568                OTG_HS_IRQHandler
 .text.LTDC_IRQHandler
                0x0800157c       0x14 ./Core/Src/stm32f4xx_it.o
                0x0800157c                LTDC_IRQHandler
 .text.DMA2D_IRQHandler
                0x08001590       0x14 ./Core/Src/stm32f4xx_it.o
                0x08001590                DMA2D_IRQHandler
 .text._sbrk    0x080015a4       0x6c ./Core/Src/sysmem.o
                0x080015a4                _sbrk
 .text.SystemInit
                0x08001610       0x24 ./Core/Src/system_stm32f4xx.o
                0x08001610                SystemInit
 .text.Reset_Handler
                0x08001634       0x50 ./Core/Startup/startup_stm32f429zitx.o
                0x08001634                Reset_Handler
 .text.Default_Handler
                0x08001684        0x2 ./Core/Startup/startup_stm32f429zitx.o
                0x08001684                DMA1_Stream3_IRQHandler
                0x08001684                HASH_RNG_IRQHandler
                0x08001684                EXTI2_IRQHandler
                0x08001684                TIM8_CC_IRQHandler
                0x08001684                UART8_IRQHandler
                0x08001684                SPI4_IRQHandler
                0x08001684                TIM1_CC_IRQHandler
                0x08001684                DMA2_Stream5_IRQHandler
                0x08001684                DMA1_Stream5_IRQHandler
                0x08001684                PVD_IRQHandler
                0x08001684                SDIO_IRQHandler
                0x08001684                TAMP_STAMP_IRQHandler
                0x08001684                CAN2_RX1_IRQHandler
                0x08001684                EXTI3_IRQHandler
                0x08001684                TIM8_TRG_COM_TIM14_IRQHandler
                0x08001684                TIM1_UP_TIM10_IRQHandler
                0x08001684                TIM8_UP_TIM13_IRQHandler
                0x08001684                I2C3_ER_IRQHandler
                0x08001684                I2C2_EV_IRQHandler
                0x08001684                DMA1_Stream2_IRQHandler
                0x08001684                CAN1_RX0_IRQHandler
                0x08001684                FPU_IRQHandler
                0x08001684                OTG_HS_WKUP_IRQHandler
                0x08001684                LTDC_ER_IRQHandler
                0x08001684                CAN2_SCE_IRQHandler
                0x08001684                DMA2_Stream2_IRQHandler
                0x08001684                SPI1_IRQHandler
                0x08001684                TIM1_BRK_TIM9_IRQHandler
                0x08001684                DCMI_IRQHandler
                0x08001684                CAN2_RX0_IRQHandler
                0x08001684                DMA2_Stream3_IRQHandler
                0x08001684                USART6_IRQHandler
                0x08001684                USART3_IRQHandler
                0x08001684                CAN1_RX1_IRQHandler
                0x08001684                UART5_IRQHandler
                0x08001684                DMA2_Stream0_IRQHandler
                0x08001684                TIM4_IRQHandler
                0x08001684                I2C1_EV_IRQHandler
                0x08001684                DMA1_Stream6_IRQHandler
                0x08001684                DMA1_Stream1_IRQHandler
                0x08001684                UART4_IRQHandler
                0x08001684                TIM3_IRQHandler
                0x08001684                RCC_IRQHandler
                0x08001684                TIM8_BRK_TIM12_IRQHandler
                0x08001684                Default_Handler
                0x08001684                EXTI15_10_IRQHandler
                0x08001684                ADC_IRQHandler
                0x08001684                DMA1_Stream7_IRQHandler
                0x08001684                SPI5_IRQHandler
                0x08001684                TIM7_IRQHandler
                0x08001684                CAN2_TX_IRQHandler
                0x08001684                TIM5_IRQHandler
                0x08001684                DMA2_Stream7_IRQHandler
                0x08001684                I2C3_EV_IRQHandler
                0x08001684                EXTI9_5_IRQHandler
                0x08001684                RTC_WKUP_IRQHandler
                0x08001684                ETH_WKUP_IRQHandler
                0x08001684                SPI2_IRQHandler
                0x08001684                OTG_HS_EP1_IN_IRQHandler
                0x08001684                DMA1_Stream0_IRQHandler
                0x08001684                CAN1_TX_IRQHandler
                0x08001684                EXTI4_IRQHandler
                0x08001684                ETH_IRQHandler
                0x08001684                OTG_HS_EP1_OUT_IRQHandler
                0x08001684                WWDG_IRQHandler
                0x08001684                SPI6_IRQHandler
                0x08001684                TIM2_IRQHandler
                0x08001684                OTG_FS_WKUP_IRQHandler
                0x08001684                TIM1_TRG_COM_TIM11_IRQHandler
                0x08001684                EXTI1_IRQHandler
                0x08001684                UART7_IRQHandler
                0x08001684                USART2_IRQHandler
                0x08001684                I2C2_ER_IRQHandler
                0x08001684                DMA2_Stream1_IRQHandler
                0x08001684                CAN1_SCE_IRQHandler
                0x08001684                FLASH_IRQHandler
                0x08001684                DMA2_Stream4_IRQHandler
                0x08001684                USART1_IRQHandler
                0x08001684                OTG_FS_IRQHandler
                0x08001684                SPI3_IRQHandler
                0x08001684                DMA1_Stream4_IRQHandler
                0x08001684                I2C1_ER_IRQHandler
                0x08001684                FMC_IRQHandler
                0x08001684                DMA2_Stream6_IRQHandler
                0x08001684                SAI1_IRQHandler
                0x08001684                RTC_Alarm_IRQHandler
 *fill*         0x08001686        0x2 
 .text.HAL_Init
                0x08001688       0x44 ./Drivers/STM32F4xx_HAL_Driver/Src/stm32f4xx_hal.o
                0x08001688                HAL_Init
 .text.HAL_IncTick
                0x080016cc       0x28 ./Drivers/STM32F4xx_HAL_Driver/Src/stm32f4xx_hal.o
                0x080016cc                HAL_IncTick
 .text.HAL_GetTick
                0x080016f4       0x18 ./Drivers/STM32F4xx_HAL_Driver/Src/stm32f4xx_hal.o
                0x080016f4                HAL_GetTick
 .text.HAL_Delay
                0x0800170c       0x48 ./Drivers/STM32F4xx_HAL_Driver/Src/stm32f4xx_hal.o
                0x0800170c                HAL_Delay
 .text.__NVIC_SetPriorityGrouping
                0x08001754       0x48 ./Drivers/STM32F4xx_HAL_Driver/Src/stm32f4xx_hal_cortex.o
 .text.__NVIC_GetPriorityGrouping
                0x0800179c       0x1c ./Drivers/STM32F4xx_HAL_Driver/Src/stm32f4xx_hal_cortex.o
 .text.__NVIC_EnableIRQ
                0x080017b8       0x3c ./Drivers/STM32F4xx_HAL_Driver/Src/stm32f4xx_hal_cortex.o
 .text.__NVIC_SetPriority
                0x080017f4       0x54 ./Drivers/STM32F4xx_HAL_Driver/Src/stm32f4xx_hal_cortex.o
 .text.NVIC_EncodePriority
                0x08001848       0x66 ./Drivers/STM32F4xx_HAL_Driver/Src/stm32f4xx_hal_cortex.o
 .text.HAL_NVIC_SetPriorityGrouping
                0x080018ae       0x16 ./Drivers/STM32F4xx_HAL_Driver/Src/stm32f4xx_hal_cortex.o
                0x080018ae                HAL_NVIC_SetPriorityGrouping
 .text.HAL_NVIC_SetPriority
                0x080018c4       0x38 ./Drivers/STM32F4xx_HAL_Driver/Src/stm32f4xx_hal_cortex.o
                0x080018c4                HAL_NVIC_SetPriority
 .text.HAL_NVIC_EnableIRQ
                0x080018fc       0x1c ./Drivers/STM32F4xx_HAL_Driver/Src/stm32f4xx_hal_cortex.o
                0x080018fc                HAL_NVIC_EnableIRQ
 .text.HAL_CRC_Init
                0x08001918       0x38 ./Drivers/STM32F4xx_HAL_Driver/Src/stm32f4xx_hal_crc.o
                0x08001918                HAL_CRC_Init
 .text.HAL_DMA2D_Init
                0x08001950       0x92 ./Drivers/STM32F4xx_HAL_Driver/Src/stm32f4xx_hal_dma2d.o
                0x08001950                HAL_DMA2D_Init
 .text.HAL_DMA2D_IRQHandler
                0x080019e2      0x1f8 ./Drivers/STM32F4xx_HAL_Driver/Src/stm32f4xx_hal_dma2d.o
                0x080019e2                HAL_DMA2D_IRQHandler
 .text.HAL_DMA2D_LineEventCallback
                0x08001bda       0x14 ./Drivers/STM32F4xx_HAL_Driver/Src/stm32f4xx_hal_dma2d.o
                0x08001bda                HAL_DMA2D_LineEventCallback
 .text.HAL_DMA2D_CLUTLoadingCpltCallback
                0x08001bee       0x14 ./Drivers/STM32F4xx_HAL_Driver/Src/stm32f4xx_hal_dma2d.o
                0x08001bee                HAL_DMA2D_CLUTLoadingCpltCallback
 *fill*         0x08001c02        0x2 
 .text.HAL_DMA2D_ConfigLayer
                0x08001c04      0x124 ./Drivers/STM32F4xx_HAL_Driver/Src/stm32f4xx_hal_dma2d.o
                0x08001c04                HAL_DMA2D_ConfigLayer
 .text.HAL_GPIO_Init
                0x08001d28      0x358 ./Drivers/STM32F4xx_HAL_Driver/Src/stm32f4xx_hal_gpio.o
                0x08001d28                HAL_GPIO_Init
 .text.HAL_GPIO_WritePin
                0x08002080       0x32 ./Drivers/STM32F4xx_HAL_Driver/Src/stm32f4xx_hal_gpio.o
                0x08002080                HAL_GPIO_WritePin
 .text.HAL_GPIO_TogglePin
                0x080020b2       0x34 ./Drivers/STM32F4xx_HAL_Driver/Src/stm32f4xx_hal_gpio.o
                0x080020b2                HAL_GPIO_TogglePin
 *fill*         0x080020e6        0x2 
 .text.HAL_GPIO_EXTI_IRQHandler
                0x080020e8       0x30 ./Drivers/STM32F4xx_HAL_Driver/Src/stm32f4xx_hal_gpio.o
                0x080020e8                HAL_GPIO_EXTI_IRQHandler
 .text.HAL_GPIO_EXTI_Callback
                0x08002118       0x16 ./Drivers/STM32F4xx_HAL_Driver/Src/stm32f4xx_hal_gpio.o
                0x08002118                HAL_GPIO_EXTI_Callback
 .text.HAL_HCD_Init
                0x0800212e       0xce ./Drivers/STM32F4xx_HAL_Driver/Src/stm32f4xx_hal_hcd.o
                0x0800212e                HAL_HCD_Init
 .text.HAL_HCD_HC_Init
                0x080021fc      0x170 ./Drivers/STM32F4xx_HAL_Driver/Src/stm32f4xx_hal_hcd.o
                0x080021fc                HAL_HCD_HC_Init
 .text.HAL_HCD_HC_Halt
                0x0800236c       0x46 ./Drivers/STM32F4xx_HAL_Driver/Src/stm32f4xx_hal_hcd.o
                0x0800236c                HAL_HCD_HC_Halt
 *fill*         0x080023b2        0x2 
 .text.HAL_HCD_HC_SubmitRequest
                0x080023b4      0x33c ./Drivers/STM32F4xx_HAL_Driver/Src/stm32f4xx_hal_hcd.o
                0x080023b4                HAL_HCD_HC_SubmitRequest
 .text.HAL_HCD_IRQHandler
                0x080026f0      0x220 ./Drivers/STM32F4xx_HAL_Driver/Src/stm32f4xx_hal_hcd.o
                0x080026f0                HAL_HCD_IRQHandler
 .text.HAL_HCD_Start
                0x08002910       0x46 ./Drivers/STM32F4xx_HAL_Driver/Src/stm32f4xx_hal_hcd.o
                0x08002910                HAL_HCD_Start
 .text.HAL_HCD_Stop
                0x08002956       0x3a ./Drivers/STM32F4xx_HAL_Driver/Src/stm32f4xx_hal_hcd.o
                0x08002956                HAL_HCD_Stop
 .text.HAL_HCD_ResetPort
                0x08002990       0x1c ./Drivers/STM32F4xx_HAL_Driver/Src/stm32f4xx_hal_hcd.o
                0x08002990                HAL_HCD_ResetPort
 .text.HAL_HCD_HC_GetURBState
                0x080029ac       0x2a ./Drivers/STM32F4xx_HAL_Driver/Src/stm32f4xx_hal_hcd.o
                0x080029ac                HAL_HCD_HC_GetURBState
 .text.HAL_HCD_HC_GetXferCount
                0x080029d6       0x2a ./Drivers/STM32F4xx_HAL_Driver/Src/stm32f4xx_hal_hcd.o
                0x080029d6                HAL_HCD_HC_GetXferCount
 .text.HAL_HCD_GetCurrentFrame
                0x08002a00       0x1c ./Drivers/STM32F4xx_HAL_Driver/Src/stm32f4xx_hal_hcd.o
                0x08002a00                HAL_HCD_GetCurrentFrame
 .text.HAL_HCD_GetCurrentSpeed
                0x08002a1c       0x1c ./Drivers/STM32F4xx_HAL_Driver/Src/stm32f4xx_hal_hcd.o
                0x08002a1c                HAL_HCD_GetCurrentSpeed
 .text.HAL_HCD_HC_ClearHubInfo
                0x08002a38       0x6a ./Drivers/STM32F4xx_HAL_Driver/Src/stm32f4xx_hal_hcd.o
                0x08002a38                HAL_HCD_HC_ClearHubInfo
 .text.HCD_HC_IN_IRQHandler
                0x08002aa2      0xcd2 ./Drivers/STM32F4xx_HAL_Driver/Src/stm32f4xx_hal_hcd.o
 .text.HCD_HC_OUT_IRQHandler
                0x08003774      0x94a ./Drivers/STM32F4xx_HAL_Driver/Src/stm32f4xx_hal_hcd.o
 .text.HCD_RXQLVL_IRQHandler
                0x080040be      0x1be ./Drivers/STM32F4xx_HAL_Driver/Src/stm32f4xx_hal_hcd.o
 .text.HCD_Port_IRQHandler
                0x0800427c       0xe6 ./Drivers/STM32F4xx_HAL_Driver/Src/stm32f4xx_hal_hcd.o
 *fill*         0x08004362        0x2 
 .text.HAL_I2C_Init
                0x08004364      0x288 ./Drivers/STM32F4xx_HAL_Driver/Src/stm32f4xx_hal_i2c.o
                0x08004364                HAL_I2C_Init
 .text.HAL_I2CEx_ConfigAnalogFilter
                0x080045ec       0x78 ./Drivers/STM32F4xx_HAL_Driver/Src/stm32f4xx_hal_i2c_ex.o
                0x080045ec                HAL_I2CEx_ConfigAnalogFilter
 .text.HAL_I2CEx_ConfigDigitalFilter
                0x08004664       0x7e ./Drivers/STM32F4xx_HAL_Driver/Src/stm32f4xx_hal_i2c_ex.o
                0x08004664                HAL_I2CEx_ConfigDigitalFilter
 *fill*         0x080046e2        0x2 
 .text.HAL_LTDC_Init
                0x080046e4      0x1a0 ./Drivers/STM32F4xx_HAL_Driver/Src/stm32f4xx_hal_ltdc.o
                0x080046e4                HAL_LTDC_Init
 .text.HAL_LTDC_IRQHandler
                0x08004884      0x148 ./Drivers/STM32F4xx_HAL_Driver/Src/stm32f4xx_hal_ltdc.o
                0x08004884                HAL_LTDC_IRQHandler
 .text.HAL_LTDC_ErrorCallback
                0x080049cc       0x14 ./Drivers/STM32F4xx_HAL_Driver/Src/stm32f4xx_hal_ltdc.o
                0x080049cc                HAL_LTDC_ErrorCallback
 .text.HAL_LTDC_LineEventCallback
                0x080049e0       0x14 ./Drivers/STM32F4xx_HAL_Driver/Src/stm32f4xx_hal_ltdc.o
                0x080049e0                HAL_LTDC_LineEventCallback
 .text.HAL_LTDC_ReloadEventCallback
                0x080049f4       0x14 ./Drivers/STM32F4xx_HAL_Driver/Src/stm32f4xx_hal_ltdc.o
                0x080049f4                HAL_LTDC_ReloadEventCallback
 .text.HAL_LTDC_ConfigLayer
                0x08004a08       0x7c ./Drivers/STM32F4xx_HAL_Driver/Src/stm32f4xx_hal_ltdc.o
                0x08004a08                HAL_LTDC_ConfigLayer
 .text.LTDC_SetConfig
                0x08004a84      0x32e ./Drivers/STM32F4xx_HAL_Driver/Src/stm32f4xx_hal_ltdc.o
 *fill*         0x08004db2        0x2 
 .text.HAL_RCC_OscConfig
                0x08004db4      0x4f0 ./Drivers/STM32F4xx_HAL_Driver/Src/stm32f4xx_hal_rcc.o
                0x08004db4                HAL_RCC_OscConfig
 .text.HAL_RCC_ClockConfig
                0x080052a4      0x1cc ./Drivers/STM32F4xx_HAL_Driver/Src/stm32f4xx_hal_rcc.o
                0x080052a4                HAL_RCC_ClockConfig
 .text.HAL_RCC_GetSysClockFreq
                0x08005470      0x20c ./Drivers/STM32F4xx_HAL_Driver/Src/stm32f4xx_hal_rcc.o
                0x08005470                HAL_RCC_GetSysClockFreq
 .text.HAL_RCC_GetHCLKFreq
                0x0800567c       0x18 ./Drivers/STM32F4xx_HAL_Driver/Src/stm32f4xx_hal_rcc.o
                0x0800567c                HAL_RCC_GetHCLKFreq
 .text.HAL_RCC_GetPCLK1Freq
                0x08005694       0x28 ./Drivers/STM32F4xx_HAL_Driver/Src/stm32f4xx_hal_rcc.o
                0x08005694                HAL_RCC_GetPCLK1Freq
 .text.HAL_RCC_GetPCLK2Freq
                0x080056bc       0x28 ./Drivers/STM32F4xx_HAL_Driver/Src/stm32f4xx_hal_rcc.o
                0x080056bc                HAL_RCC_GetPCLK2Freq
 .text.HAL_RCC_GetClockConfig
                0x080056e4       0x64 ./Drivers/STM32F4xx_HAL_Driver/Src/stm32f4xx_hal_rcc.o
                0x080056e4                HAL_RCC_GetClockConfig
 .text.HAL_RCCEx_PeriphCLKConfig
                0x08005748      0x380 ./Drivers/STM32F4xx_HAL_Driver/Src/stm32f4xx_hal_rcc_ex.o
                0x08005748                HAL_RCCEx_PeriphCLKConfig
 .text.HAL_SDRAM_Init
                0x08005ac8       0x68 ./Drivers/STM32F4xx_HAL_Driver/Src/stm32f4xx_hal_sdram.o
                0x08005ac8                HAL_SDRAM_Init
 .text.HAL_SPI_Init
                0x08005b30      0x112 ./Drivers/STM32F4xx_HAL_Driver/Src/stm32f4xx_hal_spi.o
                0x08005b30                HAL_SPI_Init
 .text.HAL_TIM_Base_Init
                0x08005c42       0x9e ./Drivers/STM32F4xx_HAL_Driver/Src/stm32f4xx_hal_tim.o
                0x08005c42                HAL_TIM_Base_Init
 .text.HAL_TIM_Base_Start_IT
                0x08005ce0       0xe0 ./Drivers/STM32F4xx_HAL_Driver/Src/stm32f4xx_hal_tim.o
                0x08005ce0                HAL_TIM_Base_Start_IT
 .text.HAL_TIM_IRQHandler
                0x08005dc0      0x1e0 ./Drivers/STM32F4xx_HAL_Driver/Src/stm32f4xx_hal_tim.o
                0x08005dc0                HAL_TIM_IRQHandler
 .text.HAL_TIM_ConfigClockSource
                0x08005fa0      0x18e ./Drivers/STM32F4xx_HAL_Driver/Src/stm32f4xx_hal_tim.o
                0x08005fa0                HAL_TIM_ConfigClockSource
 .text.HAL_TIM_OC_DelayElapsedCallback
                0x0800612e       0x14 ./Drivers/STM32F4xx_HAL_Driver/Src/stm32f4xx_hal_tim.o
                0x0800612e                HAL_TIM_OC_DelayElapsedCallback
 .text.HAL_TIM_IC_CaptureCallback
                0x08006142       0x14 ./Drivers/STM32F4xx_HAL_Driver/Src/stm32f4xx_hal_tim.o
                0x08006142                HAL_TIM_IC_CaptureCallback
 .text.HAL_TIM_PWM_PulseFinishedCallback
                0x08006156       0x14 ./Drivers/STM32F4xx_HAL_Driver/Src/stm32f4xx_hal_tim.o
                0x08006156                HAL_TIM_PWM_PulseFinishedCallback
 .text.HAL_TIM_TriggerCallback
                0x0800616a       0x14 ./Drivers/STM32F4xx_HAL_Driver/Src/stm32f4xx_hal_tim.o
                0x0800616a                HAL_TIM_TriggerCallback
 *fill*         0x0800617e        0x2 
 .text.TIM_Base_SetConfig
                0x08006180      0x158 ./Drivers/STM32F4xx_HAL_Driver/Src/stm32f4xx_hal_tim.o
                0x08006180                TIM_Base_SetConfig
 .text.TIM_TI1_ConfigInputStage
                0x080062d8       0x5e ./Drivers/STM32F4xx_HAL_Driver/Src/stm32f4xx_hal_tim.o
 .text.TIM_TI2_ConfigInputStage
                0x08006336       0x60 ./Drivers/STM32F4xx_HAL_Driver/Src/stm32f4xx_hal_tim.o
 .text.TIM_ITRx_SetConfig
                0x08006396       0x36 ./Drivers/STM32F4xx_HAL_Driver/Src/stm32f4xx_hal_tim.o
 .text.TIM_ETR_SetConfig
                0x080063cc       0x40 ./Drivers/STM32F4xx_HAL_Driver/Src/stm32f4xx_hal_tim.o
                0x080063cc                TIM_ETR_SetConfig
 .text.HAL_TIMEx_MasterConfigSynchronization
                0x0800640c       0xf8 ./Drivers/STM32F4xx_HAL_Driver/Src/stm32f4xx_hal_tim_ex.o
                0x0800640c                HAL_TIMEx_MasterConfigSynchronization
 .text.HAL_TIMEx_CommutCallback
                0x08006504       0x14 ./Drivers/STM32F4xx_HAL_Driver/Src/stm32f4xx_hal_tim_ex.o
                0x08006504                HAL_TIMEx_CommutCallback
 .text.HAL_TIMEx_BreakCallback
                0x08006518       0x14 ./Drivers/STM32F4xx_HAL_Driver/Src/stm32f4xx_hal_tim_ex.o
                0x08006518                HAL_TIMEx_BreakCallback
 .text.HAL_UART_Init
                0x0800652c       0xa0 ./Drivers/STM32F4xx_HAL_Driver/Src/stm32f4xx_hal_uart.o
                0x0800652c                HAL_UART_Init
 .text.UART_SetConfig
                0x080065cc      0x4e8 ./Drivers/STM32F4xx_HAL_Driver/Src/stm32f4xx_hal_uart.o
 .text.FMC_SDRAM_Init
                0x08006ab4       0xba ./Drivers/STM32F4xx_HAL_Driver/Src/stm32f4xx_ll_fmc.o
                0x08006ab4                FMC_SDRAM_Init
 .text.FMC_SDRAM_Timing_Init
                0x08006b6e       0xd2 ./Drivers/STM32F4xx_HAL_Driver/Src/stm32f4xx_ll_fmc.o
                0x08006b6e                FMC_SDRAM_Timing_Init
 .text.USB_CoreInit
                0x08006c40       0xc8 ./Drivers/STM32F4xx_HAL_Driver/Src/stm32f4xx_ll_usb.o
                0x08006c40                USB_CoreInit
 .text.USB_EnableGlobalInt
                0x08006d08       0x22 ./Drivers/STM32F4xx_HAL_Driver/Src/stm32f4xx_ll_usb.o
                0x08006d08                USB_EnableGlobalInt
 .text.USB_DisableGlobalInt
                0x08006d2a       0x22 ./Drivers/STM32F4xx_HAL_Driver/Src/stm32f4xx_ll_usb.o
                0x08006d2a                USB_DisableGlobalInt
 .text.USB_SetCurrentMode
                0x08006d4c       0x98 ./Drivers/STM32F4xx_HAL_Driver/Src/stm32f4xx_ll_usb.o
                0x08006d4c                USB_SetCurrentMode
 .text.USB_FlushTxFifo
                0x08006de4       0x64 ./Drivers/STM32F4xx_HAL_Driver/Src/stm32f4xx_ll_usb.o
                0x08006de4                USB_FlushTxFifo
 .text.USB_FlushRxFifo
                0x08006e48       0x5c ./Drivers/STM32F4xx_HAL_Driver/Src/stm32f4xx_ll_usb.o
                0x08006e48                USB_FlushRxFifo
 .text.USB_WritePacket
                0x08006ea4       0x7c ./Drivers/STM32F4xx_HAL_Driver/Src/stm32f4xx_ll_usb.o
                0x08006ea4                USB_WritePacket
 .text.USB_ReadPacket
                0x08006f20       0xb0 ./Drivers/STM32F4xx_HAL_Driver/Src/stm32f4xx_ll_usb.o
                0x08006f20                USB_ReadPacket
 .text.USB_ReadInterrupts
                0x08006fd0       0x26 ./Drivers/STM32F4xx_HAL_Driver/Src/stm32f4xx_ll_usb.o
                0x08006fd0                USB_ReadInterrupts
 .text.USB_ReadChInterrupts
                0x08006ff6       0x42 ./Drivers/STM32F4xx_HAL_Driver/Src/stm32f4xx_ll_usb.o
                0x08006ff6                USB_ReadChInterrupts
 .text.USB_GetMode
                0x08007038       0x1c ./Drivers/STM32F4xx_HAL_Driver/Src/stm32f4xx_ll_usb.o
                0x08007038                USB_GetMode
 .text.USB_CoreReset
                0x08007054       0x62 ./Drivers/STM32F4xx_HAL_Driver/Src/stm32f4xx_ll_usb.o
 *fill*         0x080070b6        0x2 
 .text.USB_HostInit
                0x080070b8      0x188 ./Drivers/STM32F4xx_HAL_Driver/Src/stm32f4xx_ll_usb.o
                0x080070b8                USB_HostInit
 .text.USB_InitFSLSPClkSel
                0x08007240       0x7a ./Drivers/STM32F4xx_HAL_Driver/Src/stm32f4xx_ll_usb.o
                0x08007240                USB_InitFSLSPClkSel
 .text.USB_ResetPort
                0x080072ba       0x54 ./Drivers/STM32F4xx_HAL_Driver/Src/stm32f4xx_ll_usb.o
                0x080072ba                USB_ResetPort
 .text.USB_DriveVbus
                0x0800730e       0x72 ./Drivers/STM32F4xx_HAL_Driver/Src/stm32f4xx_ll_usb.o
                0x0800730e                USB_DriveVbus
 .text.USB_GetHostSpeed
                0x08007380       0x2e ./Drivers/STM32F4xx_HAL_Driver/Src/stm32f4xx_ll_usb.o
                0x08007380                USB_GetHostSpeed
 .text.USB_GetCurrentFrame
                0x080073ae       0x22 ./Drivers/STM32F4xx_HAL_Driver/Src/stm32f4xx_ll_usb.o
                0x080073ae                USB_GetCurrentFrame
 .text.USB_HC_Init
                0x080073d0      0x258 ./Drivers/STM32F4xx_HAL_Driver/Src/stm32f4xx_ll_usb.o
                0x080073d0                USB_HC_Init
 .text.USB_HC_StartXfer
                0x08007628      0x4f4 ./Drivers/STM32F4xx_HAL_Driver/Src/stm32f4xx_ll_usb.o
                0x08007628                USB_HC_StartXfer
 .text.USB_HC_ReadInterrupt
                0x08007b1c       0x22 ./Drivers/STM32F4xx_HAL_Driver/Src/stm32f4xx_ll_usb.o
                0x08007b1c                USB_HC_ReadInterrupt
 .text.USB_HC_Halt
                0x08007b3e      0x240 ./Drivers/STM32F4xx_HAL_Driver/Src/stm32f4xx_ll_usb.o
                0x08007b3e                USB_HC_Halt
 *fill*         0x08007d7e        0x2 
 .text.USB_DoPing
                0x08007d80       0x78 ./Drivers/STM32F4xx_HAL_Driver/Src/stm32f4xx_ll_usb.o
                0x08007d80                USB_DoPing
 .text.USB_StopHost
                0x08007df8      0x124 ./Drivers/STM32F4xx_HAL_Driver/Src/stm32f4xx_ll_usb.o
                0x08007df8                USB_StopHost
 .text.USBH_CDC_InterfaceInit
                0x08007f1c      0x2ac ./Middlewares/ST/STM32_USB_Host_Library/Class/CDC/Src/usbh_cdc.o
 .text.USBH_CDC_InterfaceDeInit
                0x080081c8       0xb2 ./Middlewares/ST/STM32_USB_Host_Library/Class/CDC/Src/usbh_cdc.o
 .text.USBH_CDC_ClassRequest
                0x0800827a       0x3e ./Middlewares/ST/STM32_USB_Host_Library/Class/CDC/Src/usbh_cdc.o
 .text.USBH_CDC_Process
                0x080082b8      0x12c ./Middlewares/ST/STM32_USB_Host_Library/Class/CDC/Src/usbh_cdc.o
 .text.USBH_CDC_SOFProcess
                0x080083e4       0x16 ./Middlewares/ST/STM32_USB_Host_Library/Class/CDC/Src/usbh_cdc.o
 .text.GetLineCoding
                0x080083fa       0x3e ./Middlewares/ST/STM32_USB_Host_Library/Class/CDC/Src/usbh_cdc.o
 .text.SetLineCoding
                0x08008438       0x3e ./Middlewares/ST/STM32_USB_Host_Library/Class/CDC/Src/usbh_cdc.o
 .text.CDC_ProcessTransmission
                0x08008476      0x124 ./Middlewares/ST/STM32_USB_Host_Library/Class/CDC/Src/usbh_cdc.o
 .text.CDC_ProcessReception
                0x0800859a       0xd2 ./Middlewares/ST/STM32_USB_Host_Library/Class/CDC/Src/usbh_cdc.o
 .text.USBH_CDC_TransmitCallback
                0x0800866c       0x14 ./Middlewares/ST/STM32_USB_Host_Library/Class/CDC/Src/usbh_cdc.o
                0x0800866c                USBH_CDC_TransmitCallback
 .text.USBH_CDC_ReceiveCallback
                0x08008680       0x14 ./Middlewares/ST/STM32_USB_Host_Library/Class/CDC/Src/usbh_cdc.o
                0x08008680                USBH_CDC_ReceiveCallback
 .text.USBH_CDC_LineCodingChanged
                0x08008694       0x14 ./Middlewares/ST/STM32_USB_Host_Library/Class/CDC/Src/usbh_cdc.o
                0x08008694                USBH_CDC_LineCodingChanged
 .text.USBH_Init
                0x080086a8       0xb8 ./Middlewares/ST/STM32_USB_Host_Library/Core/Src/usbh_core.o
                0x080086a8                USBH_Init
 .text.DeInitStateMachine
                0x08008760       0xe6 ./Middlewares/ST/STM32_USB_Host_Library/Core/Src/usbh_core.o
 .text.USBH_RegisterClass
                0x08008846       0x54 ./Middlewares/ST/STM32_USB_Host_Library/Core/Src/usbh_core.o
                0x08008846                USBH_RegisterClass
 .text.USBH_SelectInterface
                0x0800889a       0x38 ./Middlewares/ST/STM32_USB_Host_Library/Core/Src/usbh_core.o
                0x0800889a                USBH_SelectInterface
 .text.USBH_FindInterface
                0x080088d2       0x8c ./Middlewares/ST/STM32_USB_Host_Library/Core/Src/usbh_core.o
                0x080088d2                USBH_FindInterface
 .text.USBH_Start
                0x0800895e       0x20 ./Middlewares/ST/STM32_USB_Host_Library/Core/Src/usbh_core.o
                0x0800895e                USBH_Start
 *fill*         0x0800897e        0x2 
 .text.USBH_Process
                0x08008980      0x4d4 ./Middlewares/ST/STM32_USB_Host_Library/Core/Src/usbh_core.o
                0x08008980                USBH_Process
 .text.USBH_HandleEnum
                0x08008e54      0x450 ./Middlewares/ST/STM32_USB_Host_Library/Core/Src/usbh_core.o
 .text.USBH_LL_SetTimer
                0x080092a4       0x1e ./Middlewares/ST/STM32_USB_Host_Library/Core/Src/usbh_core.o
                0x080092a4                USBH_LL_SetTimer
 .text.USBH_LL_IncTimer
                0x080092c2       0x24 ./Middlewares/ST/STM32_USB_Host_Library/Core/Src/usbh_core.o
                0x080092c2                USBH_LL_IncTimer
 .text.USBH_HandleSof
                0x080092e6       0x30 ./Middlewares/ST/STM32_USB_Host_Library/Core/Src/usbh_core.o
 .text.USBH_LL_PortEnabled
                0x08009316       0x34 ./Middlewares/ST/STM32_USB_Host_Library/Core/Src/usbh_core.o
                0x08009316                USBH_LL_PortEnabled
 .text.USBH_LL_PortDisabled
                0x0800934a       0x1c ./Middlewares/ST/STM32_USB_Host_Library/Core/Src/usbh_core.o
                0x0800934a                USBH_LL_PortDisabled
 .text.USBH_LL_Connect
                0x08009366       0x46 ./Middlewares/ST/STM32_USB_Host_Library/Core/Src/usbh_core.o
                0x08009366                USBH_LL_Connect
 .text.USBH_LL_Disconnect
                0x080093ac       0x64 ./Middlewares/ST/STM32_USB_Host_Library/Core/Src/usbh_core.o
                0x080093ac                USBH_LL_Disconnect
 .text.USBH_Process_OS
                0x08009410       0x2e ./Middlewares/ST/STM32_USB_Host_Library/Core/Src/usbh_core.o
 .text.USBH_LL_NotifyURBChange
                0x0800943e       0x2e ./Middlewares/ST/STM32_USB_Host_Library/Core/Src/usbh_core.o
                0x0800943e                USBH_LL_NotifyURBChange
 .text.USBH_Get_DevDesc
                0x0800946c       0x58 ./Middlewares/ST/STM32_USB_Host_Library/Core/Src/usbh_ctlreq.o
                0x0800946c                USBH_Get_DevDesc
 .text.USBH_Get_CfgDesc
                0x080094c4       0x54 ./Middlewares/ST/STM32_USB_Host_Library/Core/Src/usbh_ctlreq.o
                0x080094c4                USBH_Get_CfgDesc
 .text.USBH_Get_StringDesc
                0x08009518       0x68 ./Middlewares/ST/STM32_USB_Host_Library/Core/Src/usbh_ctlreq.o
                0x08009518                USBH_Get_StringDesc
 .text.USBH_GetDescriptor
                0x08009580       0x6a ./Middlewares/ST/STM32_USB_Host_Library/Core/Src/usbh_ctlreq.o
                0x08009580                USBH_GetDescriptor
 .text.USBH_SetAddress
                0x080095ea       0x48 ./Middlewares/ST/STM32_USB_Host_Library/Core/Src/usbh_ctlreq.o
                0x080095ea                USBH_SetAddress
 .text.USBH_SetCfg
                0x08009632       0x46 ./Middlewares/ST/STM32_USB_Host_Library/Core/Src/usbh_ctlreq.o
                0x08009632                USBH_SetCfg
 .text.USBH_SetFeature
                0x08009678       0x48 ./Middlewares/ST/STM32_USB_Host_Library/Core/Src/usbh_ctlreq.o
                0x08009678                USBH_SetFeature
 .text.USBH_ClrFeature
                0x080096c0       0x48 ./Middlewares/ST/STM32_USB_Host_Library/Core/Src/usbh_ctlreq.o
                0x080096c0                USBH_ClrFeature
 .text.USBH_ParseDevDesc
                0x08009708      0x160 ./Middlewares/ST/STM32_USB_Host_Library/Core/Src/usbh_ctlreq.o
 .text.USBH_ParseCfgDesc
                0x08009868      0x1f0 ./Middlewares/ST/STM32_USB_Host_Library/Core/Src/usbh_ctlreq.o
 .text.USBH_ParseInterfaceDesc
                0x08009a58       0x68 ./Middlewares/ST/STM32_USB_Host_Library/Core/Src/usbh_ctlreq.o
 .text.USBH_ParseEPDesc
                0x08009ac0      0x1d0 ./Middlewares/ST/STM32_USB_Host_Library/Core/Src/usbh_ctlreq.o
 .text.USBH_ParseStringDesc
                0x08009c90       0x66 ./Middlewares/ST/STM32_USB_Host_Library/Core/Src/usbh_ctlreq.o
 .text.USBH_GetNextDesc
                0x08009cf6       0x34 ./Middlewares/ST/STM32_USB_Host_Library/Core/Src/usbh_ctlreq.o
                0x08009cf6                USBH_GetNextDesc
 .text.USBH_CtlReq
                0x08009d2a       0xb2 ./Middlewares/ST/STM32_USB_Host_Library/Core/Src/usbh_ctlreq.o
                0x08009d2a                USBH_CtlReq
 .text.USBH_HandleControl
                0x08009ddc      0x490 ./Middlewares/ST/STM32_USB_Host_Library/Core/Src/usbh_ctlreq.o
 .text.USBH_CtlSendSetup
                0x0800a26c       0x34 ./Middlewares/ST/STM32_USB_Host_Library/Core/Src/usbh_ioreq.o
                0x0800a26c                USBH_CtlSendSetup
 .text.USBH_CtlSendData
                0x0800a2a0       0x4a ./Middlewares/ST/STM32_USB_Host_Library/Core/Src/usbh_ioreq.o
                0x0800a2a0                USBH_CtlSendData
 .text.USBH_CtlReceiveData
                0x0800a2ea       0x3c ./Middlewares/ST/STM32_USB_Host_Library/Core/Src/usbh_ioreq.o
                0x0800a2ea                USBH_CtlReceiveData
 .text.USBH_BulkSendData
                0x0800a326       0x4a ./Middlewares/ST/STM32_USB_Host_Library/Core/Src/usbh_ioreq.o
                0x0800a326                USBH_BulkSendData
 .text.USBH_BulkReceiveData
                0x0800a370       0x3c ./Middlewares/ST/STM32_USB_Host_Library/Core/Src/usbh_ioreq.o
                0x0800a370                USBH_BulkReceiveData
 .text.USBH_OpenPipe
                0x0800a3ac       0x3e ./Middlewares/ST/STM32_USB_Host_Library/Core/Src/usbh_pipes.o
                0x0800a3ac                USBH_OpenPipe
 .text.USBH_ClosePipe
                0x0800a3ea       0x20 ./Middlewares/ST/STM32_USB_Host_Library/Core/Src/usbh_pipes.o
                0x0800a3ea                USBH_ClosePipe
 .text.USBH_AllocPipe
                0x0800a40a       0x42 ./Middlewares/ST/STM32_USB_Host_Library/Core/Src/usbh_pipes.o
                0x0800a40a                USBH_AllocPipe
 .text.USBH_FreePipe
                0x0800a44c       0x3c ./Middlewares/ST/STM32_USB_Host_Library/Core/Src/usbh_pipes.o
                0x0800a44c                USBH_FreePipe
 .text.USBH_GetFreePipe
                0x0800a488       0x48 ./Middlewares/ST/STM32_USB_Host_Library/Core/Src/usbh_pipes.o
 .text.__NVIC_SetPriority
                0x0800a4d0       0x54 ./Middlewares/Third_Party/FreeRTOS/Source/CMSIS_RTOS_V2/cmsis_os2.o
 .text.SysTick_Handler
                0x0800a524       0x20 ./Middlewares/Third_Party/FreeRTOS/Source/CMSIS_RTOS_V2/cmsis_os2.o
                0x0800a524                SysTick_Handler
 .text.SVC_Setup
                0x0800a544       0x12 ./Middlewares/Third_Party/FreeRTOS/Source/CMSIS_RTOS_V2/cmsis_os2.o
 *fill*         0x0800a556        0x2 
 .text.osKernelInitialize
                0x0800a558       0x48 ./Middlewares/Third_Party/FreeRTOS/Source/CMSIS_RTOS_V2/cmsis_os2.o
                0x0800a558                osKernelInitialize
 .text.osKernelStart
                0x0800a5a0       0x4c ./Middlewares/Third_Party/FreeRTOS/Source/CMSIS_RTOS_V2/cmsis_os2.o
                0x0800a5a0                osKernelStart
 .text.osThreadNew
                0x0800a5ec      0x124 ./Middlewares/Third_Party/FreeRTOS/Source/CMSIS_RTOS_V2/cmsis_os2.o
                0x0800a5ec                osThreadNew
 .text.osDelay  0x0800a710       0x36 ./Middlewares/Third_Party/FreeRTOS/Source/CMSIS_RTOS_V2/cmsis_os2.o
                0x0800a710                osDelay
 .text.osMessageQueueNew
                0x0800a746       0xe6 ./Middlewares/Third_Party/FreeRTOS/Source/CMSIS_RTOS_V2/cmsis_os2.o
                0x0800a746                osMessageQueueNew
 .text.osMessageQueuePut
                0x0800a82c       0xc0 ./Middlewares/Third_Party/FreeRTOS/Source/CMSIS_RTOS_V2/cmsis_os2.o
                0x0800a82c                osMessageQueuePut
 .text.osMessageQueueGet
                0x0800a8ec       0xbc ./Middlewares/Third_Party/FreeRTOS/Source/CMSIS_RTOS_V2/cmsis_os2.o
                0x0800a8ec                osMessageQueueGet
 .text.vApplicationGetIdleTaskMemory
                0x0800a9a8       0x34 ./Middlewares/Third_Party/FreeRTOS/Source/CMSIS_RTOS_V2/cmsis_os2.o
                0x0800a9a8                vApplicationGetIdleTaskMemory
 .text.vApplicationGetTimerTaskMemory
                0x0800a9dc       0x34 ./Middlewares/Third_Party/FreeRTOS/Source/CMSIS_RTOS_V2/cmsis_os2.o
                0x0800a9dc                vApplicationGetTimerTaskMemory
 .text.vListInitialise
                0x0800aa10       0x40 ./Middlewares/Third_Party/FreeRTOS/Source/list.o
                0x0800aa10                vListInitialise
 .text.vListInitialiseItem
                0x0800aa50       0x1a ./Middlewares/Third_Party/FreeRTOS/Source/list.o
                0x0800aa50                vListInitialiseItem
 .text.vListInsertEnd
                0x0800aa6a       0x48 ./Middlewares/Third_Party/FreeRTOS/Source/list.o
                0x0800aa6a                vListInsertEnd
 .text.vListInsert
                0x0800aab2       0x72 ./Middlewares/Third_Party/FreeRTOS/Source/list.o
                0x0800aab2                vListInsert
 .text.uxListRemove
                0x0800ab24       0x54 ./Middlewares/Third_Party/FreeRTOS/Source/list.o
                0x0800ab24                uxListRemove
 .text.xQueueGenericReset
                0x0800ab78       0xd4 ./Middlewares/Third_Party/FreeRTOS/Source/queue.o
                0x0800ab78                xQueueGenericReset
 .text.xQueueGenericCreateStatic
                0x0800ac4c       0xfa ./Middlewares/Third_Party/FreeRTOS/Source/queue.o
                0x0800ac4c                xQueueGenericCreateStatic
 .text.xQueueGenericCreate
                0x0800ad46       0x76 ./Middlewares/Third_Party/FreeRTOS/Source/queue.o
                0x0800ad46                xQueueGenericCreate
 .text.prvInitialiseNewQueue
                0x0800adbc       0x46 ./Middlewares/Third_Party/FreeRTOS/Source/queue.o
 *fill*         0x0800ae02        0x2 
 .text.xQueueGenericSend
                0x0800ae04      0x204 ./Middlewares/Third_Party/FreeRTOS/Source/queue.o
                0x0800ae04                xQueueGenericSend
 .text.xQueueGenericSendFromISR
                0x0800b008      0x13c ./Middlewares/Third_Party/FreeRTOS/Source/queue.o
                0x0800b008                xQueueGenericSendFromISR
 .text.xQueueReceive
                0x0800b144      0x1c4 ./Middlewares/Third_Party/FreeRTOS/Source/queue.o
                0x0800b144                xQueueReceive
 .text.xQueueReceiveFromISR
                0x0800b308      0x104 ./Middlewares/Third_Party/FreeRTOS/Source/queue.o
                0x0800b308                xQueueReceiveFromISR
 .text.prvCopyDataToQueue
                0x0800b40c       0xd4 ./Middlewares/Third_Party/FreeRTOS/Source/queue.o
 .text.prvCopyDataFromQueue
                0x0800b4e0       0x4c ./Middlewares/Third_Party/FreeRTOS/Source/queue.o
 .text.prvUnlockQueue
                0x0800b52c       0xa4 ./Middlewares/Third_Party/FreeRTOS/Source/queue.o
 .text.prvIsQueueEmpty
                0x0800b5d0       0x2c ./Middlewares/Third_Party/FreeRTOS/Source/queue.o
 .text.prvIsQueueFull
                0x0800b5fc       0x30 ./Middlewares/Third_Party/FreeRTOS/Source/queue.o
 .text.vQueueAddToRegistry
                0x0800b62c       0x54 ./Middlewares/Third_Party/FreeRTOS/Source/queue.o
                0x0800b62c                vQueueAddToRegistry
 .text.vQueueWaitForMessageRestricted
                0x0800b680       0x68 ./Middlewares/Third_Party/FreeRTOS/Source/queue.o
                0x0800b680                vQueueWaitForMessageRestricted
 .text.xTaskCreateStatic
                0x0800b6e8       0xc0 ./Middlewares/Third_Party/FreeRTOS/Source/tasks.o
                0x0800b6e8                xTaskCreateStatic
 .text.xTaskCreate
                0x0800b7a8       0x8a ./Middlewares/Third_Party/FreeRTOS/Source/tasks.o
                0x0800b7a8                xTaskCreate
 .text.prvInitialiseNewTask
                0x0800b832      0x126 ./Middlewares/Third_Party/FreeRTOS/Source/tasks.o
 .text.prvAddNewTaskToReadyList
                0x0800b958       0xe0 ./Middlewares/Third_Party/FreeRTOS/Source/tasks.o
 .text.vTaskDelay
                0x0800ba38       0x6c ./Middlewares/Third_Party/FreeRTOS/Source/tasks.o
                0x0800ba38                vTaskDelay
 .text.vTaskStartScheduler
                0x0800baa4       0xd0 ./Middlewares/Third_Party/FreeRTOS/Source/tasks.o
                0x0800baa4                vTaskStartScheduler
 .text.vTaskSuspendAll
                0x0800bb74       0x1c ./Middlewares/Third_Party/FreeRTOS/Source/tasks.o
                0x0800bb74                vTaskSuspendAll
 .text.xTaskResumeAll
                0x0800bb90      0x13c ./Middlewares/Third_Party/FreeRTOS/Source/tasks.o
                0x0800bb90                xTaskResumeAll
 .text.xTaskGetTickCount
                0x0800bccc       0x20 ./Middlewares/Third_Party/FreeRTOS/Source/tasks.o
                0x0800bccc                xTaskGetTickCount
 .text.xTaskIncrementTick
                0x0800bcec      0x174 ./Middlewares/Third_Party/FreeRTOS/Source/tasks.o
                0x0800bcec                xTaskIncrementTick
 .text.vTaskSwitchContext
                0x0800be60      0x108 ./Middlewares/Third_Party/FreeRTOS/Source/tasks.o
                0x0800be60                vTaskSwitchContext
 .text.vTaskPlaceOnEventList
                0x0800bf68       0x4c ./Middlewares/Third_Party/FreeRTOS/Source/tasks.o
                0x0800bf68                vTaskPlaceOnEventList
 .text.vTaskPlaceOnEventListRestricted
                0x0800bfb4       0x58 ./Middlewares/Third_Party/FreeRTOS/Source/tasks.o
                0x0800bfb4                vTaskPlaceOnEventListRestricted
 .text.xTaskRemoveFromEventList
                0x0800c00c       0xc8 ./Middlewares/Third_Party/FreeRTOS/Source/tasks.o
                0x0800c00c                xTaskRemoveFromEventList
 .text.vTaskInternalSetTimeOutState
                0x0800c0d4       0x2c ./Middlewares/Third_Party/FreeRTOS/Source/tasks.o
                0x0800c0d4                vTaskInternalSetTimeOutState
 .text.xTaskCheckForTimeOut
                0x0800c100       0xc8 ./Middlewares/Third_Party/FreeRTOS/Source/tasks.o
                0x0800c100                xTaskCheckForTimeOut
 .text.vTaskMissedYield
                0x0800c1c8       0x18 ./Middlewares/Third_Party/FreeRTOS/Source/tasks.o
                0x0800c1c8                vTaskMissedYield
 .text.prvIdleTask
                0x0800c1e0       0x34 ./Middlewares/Third_Party/FreeRTOS/Source/tasks.o
 .text.prvInitialiseTaskLists
                0x0800c214       0x80 ./Middlewares/Third_Party/FreeRTOS/Source/tasks.o
 .text.prvCheckTasksWaitingTermination
                0x0800c294       0x5c ./Middlewares/Third_Party/FreeRTOS/Source/tasks.o
 .text.prvDeleteTCB
                0x0800c2f0       0x60 ./Middlewares/Third_Party/FreeRTOS/Source/tasks.o
 .text.prvResetNextTaskUnblockTime
                0x0800c350       0x40 ./Middlewares/Third_Party/FreeRTOS/Source/tasks.o
 .text.xTaskGetSchedulerState
                0x0800c390       0x3c ./Middlewares/Third_Party/FreeRTOS/Source/tasks.o
                0x0800c390                xTaskGetSchedulerState
 .text.xTaskPriorityDisinherit
                0x0800c3cc       0xe0 ./Middlewares/Third_Party/FreeRTOS/Source/tasks.o
                0x0800c3cc                xTaskPriorityDisinherit
 .text.prvAddCurrentTaskToDelayedList
                0x0800c4ac       0xa8 ./Middlewares/Third_Party/FreeRTOS/Source/tasks.o
 .text.xTimerCreateTimerTask
                0x0800c554       0x94 ./Middlewares/Third_Party/FreeRTOS/Source/timers.o
                0x0800c554                xTimerCreateTimerTask
 .text.xTimerGenericCommand
                0x0800c5e8       0x9c ./Middlewares/Third_Party/FreeRTOS/Source/timers.o
                0x0800c5e8                xTimerGenericCommand
 .text.prvProcessExpiredTimer
                0x0800c684       0x9c ./Middlewares/Third_Party/FreeRTOS/Source/timers.o
 .text.prvTimerTask
                0x0800c720       0x26 ./Middlewares/Third_Party/FreeRTOS/Source/timers.o
 *fill*         0x0800c746        0x2 
 .text.prvProcessTimerOrBlockTask
                0x0800c748       0x9c ./Middlewares/Third_Party/FreeRTOS/Source/timers.o
 .text.prvGetNextExpireTime
                0x0800c7e4       0x48 ./Middlewares/Third_Party/FreeRTOS/Source/timers.o
 .text.prvSampleTimeNow
                0x0800c82c       0x40 ./Middlewares/Third_Party/FreeRTOS/Source/timers.o
 .text.prvInsertTimerInActiveList
                0x0800c86c       0x84 ./Middlewares/Third_Party/FreeRTOS/Source/timers.o
 .text.prvProcessReceivedCommands
                0x0800c8f0      0x1cc ./Middlewares/Third_Party/FreeRTOS/Source/timers.o
 .text.prvSwitchTimerLists
                0x0800cabc       0xcc ./Middlewares/Third_Party/FreeRTOS/Source/timers.o
 .text.prvCheckForValidListAndQueue
                0x0800cb88       0x80 ./Middlewares/Third_Party/FreeRTOS/Source/timers.o
 .text.pxPortInitialiseStack
                0x0800cc08       0x68 ./Middlewares/Third_Party/FreeRTOS/Source/portable/GCC/ARM_CM4F/port.o
                0x0800cc08                pxPortInitialiseStack
 .text.prvTaskExitError
                0x0800cc70       0x5c ./Middlewares/Third_Party/FreeRTOS/Source/portable/GCC/ARM_CM4F/port.o
 *fill*         0x0800cccc        0x4 
 .text.SVC_Handler
                0x0800ccd0       0x28 ./Middlewares/Third_Party/FreeRTOS/Source/portable/GCC/ARM_CM4F/port.o
                0x0800ccd0                SVC_Handler
 .text.prvPortStartFirstTask
                0x0800ccf8       0x28 ./Middlewares/Third_Party/FreeRTOS/Source/portable/GCC/ARM_CM4F/port.o
 .text.xPortStartScheduler
                0x0800cd20      0x148 ./Middlewares/Third_Party/FreeRTOS/Source/portable/GCC/ARM_CM4F/port.o
                0x0800cd20                xPortStartScheduler
 .text.vPortEnterCritical
                0x0800ce68       0x64 ./Middlewares/Third_Party/FreeRTOS/Source/portable/GCC/ARM_CM4F/port.o
                0x0800ce68                vPortEnterCritical
 .text.vPortExitCritical
                0x0800cecc       0x54 ./Middlewares/Third_Party/FreeRTOS/Source/portable/GCC/ARM_CM4F/port.o
                0x0800cecc                vPortExitCritical
 .text.PendSV_Handler
                0x0800cf20       0x68 ./Middlewares/Third_Party/FreeRTOS/Source/portable/GCC/ARM_CM4F/port.o
                0x0800cf20                PendSV_Handler
 .text.xPortSysTickHandler
                0x0800cf88       0x44 ./Middlewares/Third_Party/FreeRTOS/Source/portable/GCC/ARM_CM4F/port.o
                0x0800cf88                xPortSysTickHandler
 .text.vPortSetupTimerInterrupt
                0x0800cfcc       0x48 ./Middlewares/Third_Party/FreeRTOS/Source/portable/GCC/ARM_CM4F/port.o
                0x0800cfcc                vPortSetupTimerInterrupt
 .text.vPortEnableVFP
                0x0800d014       0x14 ./Middlewares/Third_Party/FreeRTOS/Source/portable/GCC/ARM_CM4F/port.o
 .text.vPortValidateInterruptPriority
                0x0800d028       0x84 ./Middlewares/Third_Party/FreeRTOS/Source/portable/GCC/ARM_CM4F/port.o
                0x0800d028                vPortValidateInterruptPriority
 .text.pvPortMalloc
                0x0800d0ac      0x1a8 ./Middlewares/Third_Party/FreeRTOS/Source/portable/MemMang/heap_4.o
                0x0800d0ac                pvPortMalloc
 .text.vPortFree
                0x0800d254       0xc8 ./Middlewares/Third_Party/FreeRTOS/Source/portable/MemMang/heap_4.o
                0x0800d254                vPortFree
 .text.prvHeapInit
                0x0800d31c       0xc4 ./Middlewares/Third_Party/FreeRTOS/Source/portable/MemMang/heap_4.o
 .text.prvInsertBlockIntoFreeList
                0x0800d3e0       0xb4 ./Middlewares/Third_Party/FreeRTOS/Source/portable/MemMang/heap_4.o
 .text.MX_USB_HOST_Init
                0x0800d494       0x4c ./USB_HOST/App/usb_host.o
                0x0800d494                MX_USB_HOST_Init
 .text.USBH_UserProcess
                0x0800d4e0       0x5c ./USB_HOST/App/usb_host.o
 .text.HAL_HCD_MspInit
                0x0800d53c       0xbc ./USB_HOST/Target/usbh_conf.o
                0x0800d53c                HAL_HCD_MspInit
 .text.HAL_HCD_SOF_Callback
                0x0800d5f8       0x1c ./USB_HOST/Target/usbh_conf.o
                0x0800d5f8                HAL_HCD_SOF_Callback
 .text.HAL_HCD_Connect_Callback
                0x0800d614       0x1c ./USB_HOST/Target/usbh_conf.o
                0x0800d614                HAL_HCD_Connect_Callback
 .text.HAL_HCD_Disconnect_Callback
                0x0800d630       0x1c ./USB_HOST/Target/usbh_conf.o
                0x0800d630                HAL_HCD_Disconnect_Callback
 .text.HAL_HCD_HC_NotifyURBChange_Callback
                0x0800d64c       0x24 ./USB_HOST/Target/usbh_conf.o
                0x0800d64c                HAL_HCD_HC_NotifyURBChange_Callback
 .text.HAL_HCD_PortEnabled_Callback
                0x0800d670       0x1c ./USB_HOST/Target/usbh_conf.o
                0x0800d670                HAL_HCD_PortEnabled_Callback
 .text.HAL_HCD_PortDisabled_Callback
                0x0800d68c       0x1c ./USB_HOST/Target/usbh_conf.o
                0x0800d68c                HAL_HCD_PortDisabled_Callback
 .text.USBH_LL_Init
                0x0800d6a8       0x8c ./USB_HOST/Target/usbh_conf.o
                0x0800d6a8                USBH_LL_Init
 .text.USBH_LL_Start
                0x0800d734       0x36 ./USB_HOST/Target/usbh_conf.o
                0x0800d734                USBH_LL_Start
 .text.USBH_LL_Stop
                0x0800d76a       0x36 ./USB_HOST/Target/usbh_conf.o
                0x0800d76a                USBH_LL_Stop
 .text.USBH_LL_GetSpeed
                0x0800d7a0       0x4e ./USB_HOST/Target/usbh_conf.o
                0x0800d7a0                USBH_LL_GetSpeed
 .text.USBH_LL_ResetPort
                0x0800d7ee       0x36 ./USB_HOST/Target/usbh_conf.o
                0x0800d7ee                USBH_LL_ResetPort
 .text.USBH_LL_GetLastXferSize
                0x0800d824       0x26 ./USB_HOST/Target/usbh_conf.o
                0x0800d824                USBH_LL_GetLastXferSize
 .text.USBH_LL_OpenPipe
                0x0800d84a       0x5e ./USB_HOST/Target/usbh_conf.o
                0x0800d84a                USBH_LL_OpenPipe
 .text.USBH_LL_ClosePipe
                0x0800d8a8       0x3e ./USB_HOST/Target/usbh_conf.o
                0x0800d8a8                USBH_LL_ClosePipe
 .text.USBH_LL_SubmitURB
                0x0800d8e6       0x62 ./USB_HOST/Target/usbh_conf.o
                0x0800d8e6                USBH_LL_SubmitURB
 .text.USBH_LL_GetURBState
                0x0800d948       0x26 ./USB_HOST/Target/usbh_conf.o
                0x0800d948                USBH_LL_GetURBState
 .text.USBH_LL_DriverVBUS
                0x0800d96e       0x2e ./USB_HOST/Target/usbh_conf.o
                0x0800d96e                USBH_LL_DriverVBUS
 .text.USBH_LL_SetToggle
                0x0800d99c       0x66 ./USB_HOST/Target/usbh_conf.o
                0x0800d99c                USBH_LL_SetToggle
 .text.USBH_Delay
                0x0800da02       0x16 ./USB_HOST/Target/usbh_conf.o
                0x0800da02                USBH_Delay
 .text.USBH_Get_USB_Status
                0x0800da18       0x58 ./USB_HOST/Target/usbh_conf.o
                0x0800da18                USBH_Get_USB_Status
 .text.MX_DriverVbusHS
                0x0800da70       0x38 ./USB_HOST/Target/usbh_platform.o
                0x0800da70                MX_DriverVbusHS
 .text.malloc   0x0800daa8       0x10 /Applications/STM32CubeIDE.app/Contents/Eclipse/plugins/com.st.stm32cube.ide.mcu.externaltools.gnu-tools-for-stm32.12.3.rel1.macos64_1.0.100.202403111906/tools/bin/../lib/gcc/arm-none-eabi/12.3.1/../../../../arm-none-eabi/lib/thumb/v7e-m+fp/hard/libc_nano.a(libc_a-malloc.o)
                0x0800daa8                malloc
 .text.free     0x0800dab8       0x10 /Applications/STM32CubeIDE.app/Contents/Eclipse/plugins/com.st.stm32cube.ide.mcu.externaltools.gnu-tools-for-stm32.12.3.rel1.macos64_1.0.100.202403111906/tools/bin/../lib/gcc/arm-none-eabi/12.3.1/../../../../arm-none-eabi/lib/thumb/v7e-m+fp/hard/libc_nano.a(libc_a-malloc.o)
                0x0800dab8                free
 .text.sbrk_aligned
                0x0800dac8       0x44 /Applications/STM32CubeIDE.app/Contents/Eclipse/plugins/com.st.stm32cube.ide.mcu.externaltools.gnu-tools-for-stm32.12.3.rel1.macos64_1.0.100.202403111906/tools/bin/../lib/gcc/arm-none-eabi/12.3.1/../../../../arm-none-eabi/lib/thumb/v7e-m+fp/hard/libc_nano.a(libc_a-mallocr.o)
 .text._malloc_r
                0x0800db0c      0x100 /Applications/STM32CubeIDE.app/Contents/Eclipse/plugins/com.st.stm32cube.ide.mcu.externaltools.gnu-tools-for-stm32.12.3.rel1.macos64_1.0.100.202403111906/tools/bin/../lib/gcc/arm-none-eabi/12.3.1/../../../../arm-none-eabi/lib/thumb/v7e-m+fp/hard/libc_nano.a(libc_a-mallocr.o)
                0x0800db0c                _malloc_r
 .text.__malloc_lock
                0x0800dc0c        0xc /Applications/STM32CubeIDE.app/Contents/Eclipse/plugins/com.st.stm32cube.ide.mcu.externaltools.gnu-tools-for-stm32.12.3.rel1.macos64_1.0.100.202403111906/tools/bin/../lib/gcc/arm-none-eabi/12.3.1/../../../../arm-none-eabi/lib/thumb/v7e-m+fp/hard/libc_nano.a(libc_a-mlock.o)
                0x0800dc0c                __malloc_lock
 .text.__malloc_unlock
                0x0800dc18        0xc /Applications/STM32CubeIDE.app/Contents/Eclipse/plugins/com.st.stm32cube.ide.mcu.externaltools.gnu-tools-for-stm32.12.3.rel1.macos64_1.0.100.202403111906/tools/bin/../lib/gcc/arm-none-eabi/12.3.1/../../../../arm-none-eabi/lib/thumb/v7e-m+fp/hard/libc_nano.a(libc_a-mlock.o)
                0x0800dc18                __malloc_unlock
 .text.memset   0x0800dc24       0x10 /Applications/STM32CubeIDE.app/Contents/Eclipse/plugins/com.st.stm32cube.ide.mcu.externaltools.gnu-tools-for-stm32.12.3.rel1.macos64_1.0.100.202403111906/tools/bin/../lib/gcc/arm-none-eabi/12.3.1/../../../../arm-none-eabi/lib/thumb/v7e-m+fp/hard/libc_nano.a(libc_a-memset.o)
                0x0800dc24                memset
 .text._sbrk_r  0x0800dc34       0x20 /Applications/STM32CubeIDE.app/Contents/Eclipse/plugins/com.st.stm32cube.ide.mcu.externaltools.gnu-tools-for-stm32.12.3.rel1.macos64_1.0.100.202403111906/tools/bin/../lib/gcc/arm-none-eabi/12.3.1/../../../../arm-none-eabi/lib/thumb/v7e-m+fp/hard/libc_nano.a(libc_a-sbrkr.o)
                0x0800dc34                _sbrk_r
 .text.__errno  0x0800dc54        0xc /Applications/STM32CubeIDE.app/Contents/Eclipse/plugins/com.st.stm32cube.ide.mcu.externaltools.gnu-tools-for-stm32.12.3.rel1.macos64_1.0.100.202403111906/tools/bin/../lib/gcc/arm-none-eabi/12.3.1/../../../../arm-none-eabi/lib/thumb/v7e-m+fp/hard/libc_nano.a(libc_a-errno.o)
                0x0800dc54                __errno
 .text.__libc_init_array
                0x0800dc60       0x48 /Applications/STM32CubeIDE.app/Contents/Eclipse/plugins/com.st.stm32cube.ide.mcu.externaltools.gnu-tools-for-stm32.12.3.rel1.macos64_1.0.100.202403111906/tools/bin/../lib/gcc/arm-none-eabi/12.3.1/../../../../arm-none-eabi/lib/thumb/v7e-m+fp/hard/libc_nano.a(libc_a-init.o)
                0x0800dc60                __libc_init_array
 .text.__retarget_lock_acquire_recursive
                0x0800dca8        0x2 /Applications/STM32CubeIDE.app/Contents/Eclipse/plugins/com.st.stm32cube.ide.mcu.externaltools.gnu-tools-for-stm32.12.3.rel1.macos64_1.0.100.202403111906/tools/bin/../lib/gcc/arm-none-eabi/12.3.1/../../../../arm-none-eabi/lib/thumb/v7e-m+fp/hard/libc_nano.a(libc_a-lock.o)
                0x0800dca8                __retarget_lock_acquire_recursive
 .text.__retarget_lock_release_recursive
                0x0800dcaa        0x2 /Applications/STM32CubeIDE.app/Contents/Eclipse/plugins/com.st.stm32cube.ide.mcu.externaltools.gnu-tools-for-stm32.12.3.rel1.macos64_1.0.100.202403111906/tools/bin/../lib/gcc/arm-none-eabi/12.3.1/../../../../arm-none-eabi/lib/thumb/v7e-m+fp/hard/libc_nano.a(libc_a-lock.o)
                0x0800dcaa                __retarget_lock_release_recursive
 .text.memcpy   0x0800dcac       0x1c /Applications/STM32CubeIDE.app/Contents/Eclipse/plugins/com.st.stm32cube.ide.mcu.externaltools.gnu-tools-for-stm32.12.3.rel1.macos64_1.0.100.202403111906/tools/bin/../lib/gcc/arm-none-eabi/12.3.1/../../../../arm-none-eabi/lib/thumb/v7e-m+fp/hard/libc_nano.a(libc_a-memcpy-stub.o)
                0x0800dcac                memcpy
 .text._free_r  0x0800dcc8       0x94 /Applications/STM32CubeIDE.app/Contents/Eclipse/plugins/com.st.stm32cube.ide.mcu.externaltools.gnu-tools-for-stm32.12.3.rel1.macos64_1.0.100.202403111906/tools/bin/../lib/gcc/arm-none-eabi/12.3.1/../../../../arm-none-eabi/lib/thumb/v7e-m+fp/hard/libc_nano.a(libc_a-freer.o)
                0x0800dcc8                _free_r
 *(.glue_7)
 .glue_7        0x0800dd5c        0x0 linker stubs
 *(.glue_7t)
 .glue_7t       0x0800dd5c        0x0 linker stubs
 *(.eh_frame)
 .eh_frame      0x0800dd5c        0x0 /Applications/STM32CubeIDE.app/Contents/Eclipse/plugins/com.st.stm32cube.ide.mcu.externaltools.gnu-tools-for-stm32.12.3.rel1.macos64_1.0.100.202403111906/tools/bin/../lib/gcc/arm-none-eabi/12.3.1/thumb/v7e-m+fp/hard/crtbegin.o
 *(.init)
 .init          0x0800dd5c        0x4 /Applications/STM32CubeIDE.app/Contents/Eclipse/plugins/com.st.stm32cube.ide.mcu.externaltools.gnu-tools-for-stm32.12.3.rel1.macos64_1.0.100.202403111906/tools/bin/../lib/gcc/arm-none-eabi/12.3.1/thumb/v7e-m+fp/hard/crti.o
                0x0800dd5c                _init
 .init          0x0800dd60        0x8 /Applications/STM32CubeIDE.app/Contents/Eclipse/plugins/com.st.stm32cube.ide.mcu.externaltools.gnu-tools-for-stm32.12.3.rel1.macos64_1.0.100.202403111906/tools/bin/../lib/gcc/arm-none-eabi/12.3.1/thumb/v7e-m+fp/hard/crtn.o
 *(.fini)
 .fini          0x0800dd68        0x4 /Applications/STM32CubeIDE.app/Contents/Eclipse/plugins/com.st.stm32cube.ide.mcu.externaltools.gnu-tools-for-stm32.12.3.rel1.macos64_1.0.100.202403111906/tools/bin/../lib/gcc/arm-none-eabi/12.3.1/thumb/v7e-m+fp/hard/crti.o
                0x0800dd68                _fini
 .fini          0x0800dd6c        0x8 /Applications/STM32CubeIDE.app/Contents/Eclipse/plugins/com.st.stm32cube.ide.mcu.externaltools.gnu-tools-for-stm32.12.3.rel1.macos64_1.0.100.202403111906/tools/bin/../lib/gcc/arm-none-eabi/12.3.1/thumb/v7e-m+fp/hard/crtn.o
                0x0800dd74                        . = ALIGN (0x4)
                0x0800dd74                        _etext = .

.vfp11_veneer   0x0800dd74        0x0
 .vfp11_veneer  0x0800dd74        0x0 linker stubs

.v4_bx          0x0800dd74        0x0
 .v4_bx         0x0800dd74        0x0 linker stubs

.iplt           0x0800dd74        0x0
 .iplt          0x0800dd74        0x0 /Applications/STM32CubeIDE.app/Contents/Eclipse/plugins/com.st.stm32cube.ide.mcu.externaltools.gnu-tools-for-stm32.12.3.rel1.macos64_1.0.100.202403111906/tools/bin/../lib/gcc/arm-none-eabi/12.3.1/thumb/v7e-m+fp/hard/crtbegin.o

.rodata         0x0800dd74       0x70
                0x0800dd74                        . = ALIGN (0x4)
 *(.rodata)
 .rodata        0x0800dd74        0xc ./Core/Src/main.o
 .rodata        0x0800dd80        0x4 ./Middlewares/ST/STM32_USB_Host_Library/Class/CDC/Src/usbh_cdc.o
 .rodata        0x0800dd84        0xb ./Middlewares/ST/STM32_USB_Host_Library/Core/Src/usbh_core.o
 *fill*         0x0800dd8f        0x1 
 .rodata        0x0800dd90        0x5 ./Middlewares/Third_Party/FreeRTOS/Source/tasks.o
 *fill*         0x0800dd95        0x3 
 .rodata        0x0800dd98        0xd ./Middlewares/Third_Party/FreeRTOS/Source/timers.o
 *(.rodata*)
 *fill*         0x0800dda5        0x3 
 .rodata.defaultTask_attributes
                0x0800dda8       0x24 ./Core/Src/main.o
                0x0800dda8                defaultTask_attributes
 .rodata.AHBPrescTable
                0x0800ddcc       0x10 ./Core/Src/system_stm32f4xx.o
                0x0800ddcc                AHBPrescTable
 .rodata.APBPrescTable
                0x0800dddc        0x8 ./Core/Src/system_stm32f4xx.o
                0x0800dddc                APBPrescTable
                0x0800dde4                        . = ALIGN (0x4)

.ARM.extab      0x0800dde4        0x0
                0x0800dde4                        . = ALIGN (0x4)
 *(.ARM.extab* .gnu.linkonce.armextab.*)
                0x0800dde4                        . = ALIGN (0x4)

.ARM            0x0800dde4        0x8
                0x0800dde4                        . = ALIGN (0x4)
                0x0800dde4                        __exidx_start = .
 *(.ARM.exidx*)
 .ARM.exidx     0x0800dde4        0x8 /Applications/STM32CubeIDE.app/Contents/Eclipse/plugins/com.st.stm32cube.ide.mcu.externaltools.gnu-tools-for-stm32.12.3.rel1.macos64_1.0.100.202403111906/tools/bin/../lib/gcc/arm-none-eabi/12.3.1/thumb/v7e-m+fp/hard/libgcc.a(_udivmoddi4.o)
                0x0800ddec                        __exidx_end = .
                0x0800ddec                        . = ALIGN (0x4)

.preinit_array  0x0800ddec        0x0
                0x0800ddec                        . = ALIGN (0x4)
                0x0800ddec                        PROVIDE (__preinit_array_start = .)
 *(.preinit_array*)
                0x0800ddec                        PROVIDE (__preinit_array_end = .)
                0x0800ddec                        . = ALIGN (0x4)

.init_array     0x0800ddec        0x4
                0x0800ddec                        . = ALIGN (0x4)
                0x0800ddec                        PROVIDE (__init_array_start = .)
 *(SORT_BY_NAME(.init_array.*))
 *(.init_array*)
 .init_array    0x0800ddec        0x4 /Applications/STM32CubeIDE.app/Contents/Eclipse/plugins/com.st.stm32cube.ide.mcu.externaltools.gnu-tools-for-stm32.12.3.rel1.macos64_1.0.100.202403111906/tools/bin/../lib/gcc/arm-none-eabi/12.3.1/thumb/v7e-m+fp/hard/crtbegin.o
                0x0800ddf0                        PROVIDE (__init_array_end = .)
                0x0800ddf0                        . = ALIGN (0x4)

.fini_array     0x0800ddf0        0x4
                0x0800ddf0                        . = ALIGN (0x4)
                [!provide]                        PROVIDE (__fini_array_start = .)
 *(SORT_BY_NAME(.fini_array.*))
 *(.fini_array*)
 .fini_array    0x0800ddf0        0x4 /Applications/STM32CubeIDE.app/Contents/Eclipse/plugins/com.st.stm32cube.ide.mcu.externaltools.gnu-tools-for-stm32.12.3.rel1.macos64_1.0.100.202403111906/tools/bin/../lib/gcc/arm-none-eabi/12.3.1/thumb/v7e-m+fp/hard/crtbegin.o
                [!provide]                        PROVIDE (__fini_array_end = .)
                0x0800ddf4                        . = ALIGN (0x4)
                0x0800ddf4                        _sidata = LOADADDR (.data)

.rel.dyn        0x0800ddf4        0x0
 .rel.iplt      0x0800ddf4        0x0 /Applications/STM32CubeIDE.app/Contents/Eclipse/plugins/com.st.stm32cube.ide.mcu.externaltools.gnu-tools-for-stm32.12.3.rel1.macos64_1.0.100.202403111906/tools/bin/../lib/gcc/arm-none-eabi/12.3.1/thumb/v7e-m+fp/hard/crtbegin.o

.data           0x20000000       0x80 load address 0x0800ddf4
                0x20000000                        . = ALIGN (0x4)
                0x20000000                        _sdata = .
 *(.data)
 *(.data*)
 .data.SystemCoreClock
                0x20000000        0x4 ./Core/Src/system_stm32f4xx.o
                0x20000000                SystemCoreClock
 .data.uwTickPrio
                0x20000004        0x4 ./Drivers/STM32F4xx_HAL_Driver/Src/stm32f4xx_hal.o
                0x20000004                uwTickPrio
 .data.uwTickFreq
                0x20000008        0x1 ./Drivers/STM32F4xx_HAL_Driver/Src/stm32f4xx_hal.o
                0x20000008                uwTickFreq
 *fill*         0x20000009        0x3 
 .data.CDC_Class
                0x2000000c       0x20 ./Middlewares/ST/STM32_USB_Host_Library/Class/CDC/Src/usbh_cdc.o
                0x2000000c                CDC_Class
 .data.uxCriticalNesting
                0x2000002c        0x4 ./Middlewares/Third_Party/FreeRTOS/Source/portable/GCC/ARM_CM4F/port.o
 .data._impure_ptr
                0x20000030        0x4 /Applications/STM32CubeIDE.app/Contents/Eclipse/plugins/com.st.stm32cube.ide.mcu.externaltools.gnu-tools-for-stm32.12.3.rel1.macos64_1.0.100.202403111906/tools/bin/../lib/gcc/arm-none-eabi/12.3.1/../../../../arm-none-eabi/lib/thumb/v7e-m+fp/hard/libc_nano.a(libc_a-impure.o)
                0x20000030                _impure_ptr
 .data._impure_data
                0x20000034       0x4c /Applications/STM32CubeIDE.app/Contents/Eclipse/plugins/com.st.stm32cube.ide.mcu.externaltools.gnu-tools-for-stm32.12.3.rel1.macos64_1.0.100.202403111906/tools/bin/../lib/gcc/arm-none-eabi/12.3.1/../../../../arm-none-eabi/lib/thumb/v7e-m+fp/hard/libc_nano.a(libc_a-impure.o)
                0x20000034                _impure_data
 *(.RamFunc)
 *(.RamFunc*)
                0x20000080                        . = ALIGN (0x4)
                0x20000080                        _edata = .
                0x0800de74                        _siccmram = LOADADDR (.ccmram)

.igot.plt       0x20000080        0x0 load address 0x0800de74
 .igot.plt      0x20000080        0x0 /Applications/STM32CubeIDE.app/Contents/Eclipse/plugins/com.st.stm32cube.ide.mcu.externaltools.gnu-tools-for-stm32.12.3.rel1.macos64_1.0.100.202403111906/tools/bin/../lib/gcc/arm-none-eabi/12.3.1/thumb/v7e-m+fp/hard/crtbegin.o

.ccmram         0x10000000        0x0 load address 0x0800de74
                0x10000000                        . = ALIGN (0x4)
                0x10000000                        _sccmram = .
 *(.ccmram)
 *(.ccmram*)
                0x10000000                        . = ALIGN (0x4)
                0x10000000                        _eccmram = .
                0x10000000                        . = ALIGN (0x4)

.bss            0x20000080     0x9960
                0x20000080                        _sbss = .
                0x20000080                        __bss_start__ = _sbss
 *(.bss)
 .bss           0x20000080       0x1c /Applications/STM32CubeIDE.app/Contents/Eclipse/plugins/com.st.stm32cube.ide.mcu.externaltools.gnu-tools-for-stm32.12.3.rel1.macos64_1.0.100.202403111906/tools/bin/../lib/gcc/arm-none-eabi/12.3.1/thumb/v7e-m+fp/hard/crtbegin.o
 *(.bss*)
 .bss.hcrc      0x2000009c        0x8 ./Core/Src/main.o
                0x2000009c                hcrc
 .bss.hdma2d    0x200000a4       0x40 ./Core/Src/main.o
                0x200000a4                hdma2d
 .bss.hi2c3     0x200000e4       0x54 ./Core/Src/main.o
                0x200000e4                hi2c3
 .bss.hltdc     0x20000138       0xa8 ./Core/Src/main.o
                0x20000138                hltdc
 .bss.hspi5     0x200001e0       0x58 ./Core/Src/main.o
                0x200001e0                hspi5
 .bss.htim1     0x20000238       0x48 ./Core/Src/main.o
                0x20000238                htim1
 .bss.huart1    0x20000280       0x48 ./Core/Src/main.o
                0x20000280                huart1
 .bss.hsdram1   0x200002c8       0x34 ./Core/Src/main.o
                0x200002c8                hsdram1
 .bss.defaultTaskHandle
                0x200002fc        0x4 ./Core/Src/main.o
                0x200002fc                defaultTaskHandle
 .bss.FMC_Initialized
                0x20000300        0x4 ./Core/Src/stm32f4xx_hal_msp.o
 .bss.htim6     0x20000304       0x48 ./Core/Src/stm32f4xx_hal_timebase_tim.o
                0x20000304                htim6
 .bss.__sbrk_heap_end
                0x2000034c        0x4 ./Core/Src/sysmem.o
 .bss.uwTick    0x20000350        0x4 ./Drivers/STM32F4xx_HAL_Driver/Src/stm32f4xx_hal.o
                0x20000350                uwTick
 .bss.USBH_Thread_Atrr
                0x20000354       0x24 ./Middlewares/ST/STM32_USB_Host_Library/Core/Src/usbh_core.o
                0x20000354                USBH_Thread_Atrr
 .bss.KernelState
                0x20000378        0x4 ./Middlewares/Third_Party/FreeRTOS/Source/CMSIS_RTOS_V2/cmsis_os2.o
 .bss.Idle_TCB.3
                0x2000037c       0x60 ./Middlewares/Third_Party/FreeRTOS/Source/CMSIS_RTOS_V2/cmsis_os2.o
 .bss.Idle_Stack.2
                0x200003dc      0x200 ./Middlewares/Third_Party/FreeRTOS/Source/CMSIS_RTOS_V2/cmsis_os2.o
 .bss.Timer_TCB.1
                0x200005dc       0x60 ./Middlewares/Third_Party/FreeRTOS/Source/CMSIS_RTOS_V2/cmsis_os2.o
 .bss.Timer_Stack.0
                0x2000063c      0x400 ./Middlewares/Third_Party/FreeRTOS/Source/CMSIS_RTOS_V2/cmsis_os2.o
 .bss.xQueueRegistry
                0x20000a3c       0x40 ./Middlewares/Third_Party/FreeRTOS/Source/queue.o
                0x20000a3c                xQueueRegistry
 .bss.pxCurrentTCB
                0x20000a7c        0x4 ./Middlewares/Third_Party/FreeRTOS/Source/tasks.o
                0x20000a7c                pxCurrentTCB
 .bss.pxReadyTasksLists
                0x20000a80      0x460 ./Middlewares/Third_Party/FreeRTOS/Source/tasks.o
 .bss.xDelayedTaskList1
                0x20000ee0       0x14 ./Middlewares/Third_Party/FreeRTOS/Source/tasks.o
 .bss.xDelayedTaskList2
                0x20000ef4       0x14 ./Middlewares/Third_Party/FreeRTOS/Source/tasks.o
 .bss.pxDelayedTaskList
                0x20000f08        0x4 ./Middlewares/Third_Party/FreeRTOS/Source/tasks.o
 .bss.pxOverflowDelayedTaskList
                0x20000f0c        0x4 ./Middlewares/Third_Party/FreeRTOS/Source/tasks.o
 .bss.xPendingReadyList
                0x20000f10       0x14 ./Middlewares/Third_Party/FreeRTOS/Source/tasks.o
 .bss.xTasksWaitingTermination
                0x20000f24       0x14 ./Middlewares/Third_Party/FreeRTOS/Source/tasks.o
 .bss.uxDeletedTasksWaitingCleanUp
                0x20000f38        0x4 ./Middlewares/Third_Party/FreeRTOS/Source/tasks.o
 .bss.xSuspendedTaskList
                0x20000f3c       0x14 ./Middlewares/Third_Party/FreeRTOS/Source/tasks.o
 .bss.uxCurrentNumberOfTasks
                0x20000f50        0x4 ./Middlewares/Third_Party/FreeRTOS/Source/tasks.o
 .bss.xTickCount
                0x20000f54        0x4 ./Middlewares/Third_Party/FreeRTOS/Source/tasks.o
 .bss.uxTopReadyPriority
                0x20000f58        0x4 ./Middlewares/Third_Party/FreeRTOS/Source/tasks.o
 .bss.xSchedulerRunning
                0x20000f5c        0x4 ./Middlewares/Third_Party/FreeRTOS/Source/tasks.o
 .bss.xPendedTicks
                0x20000f60        0x4 ./Middlewares/Third_Party/FreeRTOS/Source/tasks.o
 .bss.xYieldPending
                0x20000f64        0x4 ./Middlewares/Third_Party/FreeRTOS/Source/tasks.o
 .bss.xNumOfOverflows
                0x20000f68        0x4 ./Middlewares/Third_Party/FreeRTOS/Source/tasks.o
 .bss.uxTaskNumber
                0x20000f6c        0x4 ./Middlewares/Third_Party/FreeRTOS/Source/tasks.o
 .bss.xNextTaskUnblockTime
                0x20000f70        0x4 ./Middlewares/Third_Party/FreeRTOS/Source/tasks.o
 .bss.xIdleTaskHandle
                0x20000f74        0x4 ./Middlewares/Third_Party/FreeRTOS/Source/tasks.o
 .bss.uxSchedulerSuspended
                0x20000f78        0x4 ./Middlewares/Third_Party/FreeRTOS/Source/tasks.o
 .bss.xActiveTimerList1
                0x20000f7c       0x14 ./Middlewares/Third_Party/FreeRTOS/Source/timers.o
 .bss.xActiveTimerList2
                0x20000f90       0x14 ./Middlewares/Third_Party/FreeRTOS/Source/timers.o
 .bss.pxCurrentTimerList
                0x20000fa4        0x4 ./Middlewares/Third_Party/FreeRTOS/Source/timers.o
 .bss.pxOverflowTimerList
                0x20000fa8        0x4 ./Middlewares/Third_Party/FreeRTOS/Source/timers.o
 .bss.xTimerQueue
                0x20000fac        0x4 ./Middlewares/Third_Party/FreeRTOS/Source/timers.o
 .bss.xTimerTaskHandle
                0x20000fb0        0x4 ./Middlewares/Third_Party/FreeRTOS/Source/timers.o
 .bss.xLastTime.2
                0x20000fb4        0x4 ./Middlewares/Third_Party/FreeRTOS/Source/timers.o
 .bss.ucStaticTimerQueueStorage.1
                0x20000fb8       0xa0 ./Middlewares/Third_Party/FreeRTOS/Source/timers.o
 .bss.xStaticTimerQueue.0
                0x20001058       0x50 ./Middlewares/Third_Party/FreeRTOS/Source/timers.o
 .bss.ucMaxSysCallPriority
                0x200010a8        0x1 ./Middlewares/Third_Party/FreeRTOS/Source/portable/GCC/ARM_CM4F/port.o
 *fill*         0x200010a9        0x3 
 .bss.ulMaxPRIGROUPValue
                0x200010ac        0x4 ./Middlewares/Third_Party/FreeRTOS/Source/portable/GCC/ARM_CM4F/port.o
 .bss.ucHeap    0x200010b0     0x8000 ./Middlewares/Third_Party/FreeRTOS/Source/portable/MemMang/heap_4.o
 .bss.xStart    0x200090b0        0x8 ./Middlewares/Third_Party/FreeRTOS/Source/portable/MemMang/heap_4.o
 .bss.pxEnd     0x200090b8        0x4 ./Middlewares/Third_Party/FreeRTOS/Source/portable/MemMang/heap_4.o
 .bss.xFreeBytesRemaining
                0x200090bc        0x4 ./Middlewares/Third_Party/FreeRTOS/Source/portable/MemMang/heap_4.o
 .bss.xMinimumEverFreeBytesRemaining
                0x200090c0        0x4 ./Middlewares/Third_Party/FreeRTOS/Source/portable/MemMang/heap_4.o
 .bss.xNumberOfSuccessfulAllocations
                0x200090c4        0x4 ./Middlewares/Third_Party/FreeRTOS/Source/portable/MemMang/heap_4.o
 .bss.xNumberOfSuccessfulFrees
                0x200090c8        0x4 ./Middlewares/Third_Party/FreeRTOS/Source/portable/MemMang/heap_4.o
 .bss.xBlockAllocatedBit
                0x200090cc        0x4 ./Middlewares/Third_Party/FreeRTOS/Source/portable/MemMang/heap_4.o
 .bss.hUsbHostHS
                0x200090d0      0x3e4 ./USB_HOST/App/usb_host.o
                0x200090d0                hUsbHostHS
 .bss.Appli_state
                0x200094b4        0x1 ./USB_HOST/App/usb_host.o
                0x200094b4                Appli_state
 *fill*         0x200094b5        0x3 
 .bss.hhcd_USB_OTG_HS
                0x200094b8      0x3e0 ./USB_HOST/Target/usbh_conf.o
                0x200094b8                hhcd_USB_OTG_HS
 .bss.__malloc_sbrk_start
                0x20009898        0x4 /Applications/STM32CubeIDE.app/Contents/Eclipse/plugins/com.st.stm32cube.ide.mcu.externaltools.gnu-tools-for-stm32.12.3.rel1.macos64_1.0.100.202403111906/tools/bin/../lib/gcc/arm-none-eabi/12.3.1/../../../../arm-none-eabi/lib/thumb/v7e-m+fp/hard/libc_nano.a(libc_a-mallocr.o)
                0x20009898                __malloc_sbrk_start
 .bss.__malloc_free_list
                0x2000989c        0x4 /Applications/STM32CubeIDE.app/Contents/Eclipse/plugins/com.st.stm32cube.ide.mcu.externaltools.gnu-tools-for-stm32.12.3.rel1.macos64_1.0.100.202403111906/tools/bin/../lib/gcc/arm-none-eabi/12.3.1/../../../../arm-none-eabi/lib/thumb/v7e-m+fp/hard/libc_nano.a(libc_a-mallocr.o)
                0x2000989c                __malloc_free_list
 .bss.__sf      0x200098a0      0x138 /Applications/STM32CubeIDE.app/Contents/Eclipse/plugins/com.st.stm32cube.ide.mcu.externaltools.gnu-tools-for-stm32.12.3.rel1.macos64_1.0.100.202403111906/tools/bin/../lib/gcc/arm-none-eabi/12.3.1/../../../../arm-none-eabi/lib/thumb/v7e-m+fp/hard/libc_nano.a(libc_a-findfp.o)
                0x200098a0                __sf
 .bss.__lock___malloc_recursive_mutex
                0x200099d8        0x1 /Applications/STM32CubeIDE.app/Contents/Eclipse/plugins/com.st.stm32cube.ide.mcu.externaltools.gnu-tools-for-stm32.12.3.rel1.macos64_1.0.100.202403111906/tools/bin/../lib/gcc/arm-none-eabi/12.3.1/../../../../arm-none-eabi/lib/thumb/v7e-m+fp/hard/libc_nano.a(libc_a-lock.o)
                0x200099d8                __lock___malloc_recursive_mutex
 *fill*         0x200099d9        0x3 
 .bss.errno     0x200099dc        0x4 /Applications/STM32CubeIDE.app/Contents/Eclipse/plugins/com.st.stm32cube.ide.mcu.externaltools.gnu-tools-for-stm32.12.3.rel1.macos64_1.0.100.202403111906/tools/bin/../lib/gcc/arm-none-eabi/12.3.1/../../../../arm-none-eabi/lib/thumb/v7e-m+fp/hard/libc_nano.a(libc_a-reent.o)
                0x200099dc                errno
 *(COMMON)
                0x200099e0                        . = ALIGN (0x4)
                0x200099e0                        _ebss = .
                0x200099e0                        __bss_end__ = _ebss

._user_heap_stack
                0x200099e0      0x600
                0x200099e0                        . = ALIGN (0x8)
                [!provide]                        PROVIDE (end = .)
                0x200099e0                        PROVIDE (_end = .)
                0x20009be0                        . = (. + _Min_Heap_Size)
 *fill*         0x200099e0      0x200 
                0x20009fe0                        . = (. + _Min_Stack_Size)
 *fill*         0x20009be0      0x400 
                0x20009fe0                        . = ALIGN (0x8)

/DISCARD/
 libc.a(*)
 libm.a(*)
 libgcc.a(*)

.ARM.attributes
                0x00000000       0x30
 *(.ARM.attributes)
 .ARM.attributes
                0x00000000       0x22 /Applications/STM32CubeIDE.app/Contents/Eclipse/plugins/com.st.stm32cube.ide.mcu.externaltools.gnu-tools-for-stm32.12.3.rel1.macos64_1.0.100.202403111906/tools/bin/../lib/gcc/arm-none-eabi/12.3.1/thumb/v7e-m+fp/hard/crti.o
 .ARM.attributes
                0x00000022       0x34 /Applications/STM32CubeIDE.app/Contents/Eclipse/plugins/com.st.stm32cube.ide.mcu.externaltools.gnu-tools-for-stm32.12.3.rel1.macos64_1.0.100.202403111906/tools/bin/../lib/gcc/arm-none-eabi/12.3.1/thumb/v7e-m+fp/hard/crtbegin.o
 .ARM.attributes
                0x00000056       0x34 ./Core/Src/freertos.o
 .ARM.attributes
                0x0000008a       0x34 ./Core/Src/main.o
 .ARM.attributes
                0x000000be       0x34 ./Core/Src/stm32f4xx_hal_msp.o
 .ARM.attributes
                0x000000f2       0x34 ./Core/Src/stm32f4xx_hal_timebase_tim.o
 .ARM.attributes
                0x00000126       0x34 ./Core/Src/stm32f4xx_it.o
 .ARM.attributes
                0x0000015a       0x34 ./Core/Src/sysmem.o
 .ARM.attributes
                0x0000018e       0x34 ./Core/Src/system_stm32f4xx.o
 .ARM.attributes
                0x000001c2       0x21 ./Core/Startup/startup_stm32f429zitx.o
 .ARM.attributes
                0x000001e3       0x34 ./Drivers/STM32F4xx_HAL_Driver/Src/stm32f4xx_hal.o
 .ARM.attributes
                0x00000217       0x34 ./Drivers/STM32F4xx_HAL_Driver/Src/stm32f4xx_hal_cortex.o
 .ARM.attributes
                0x0000024b       0x34 ./Drivers/STM32F4xx_HAL_Driver/Src/stm32f4xx_hal_crc.o
 .ARM.attributes
                0x0000027f       0x34 ./Drivers/STM32F4xx_HAL_Driver/Src/stm32f4xx_hal_dma2d.o
 .ARM.attributes
                0x000002b3       0x34 ./Drivers/STM32F4xx_HAL_Driver/Src/stm32f4xx_hal_gpio.o
 .ARM.attributes
                0x000002e7       0x34 ./Drivers/STM32F4xx_HAL_Driver/Src/stm32f4xx_hal_hcd.o
 .ARM.attributes
                0x0000031b       0x34 ./Drivers/STM32F4xx_HAL_Driver/Src/stm32f4xx_hal_i2c.o
 .ARM.attributes
                0x0000034f       0x34 ./Drivers/STM32F4xx_HAL_Driver/Src/stm32f4xx_hal_i2c_ex.o
 .ARM.attributes
                0x00000383       0x34 ./Drivers/STM32F4xx_HAL_Driver/Src/stm32f4xx_hal_ltdc.o
 .ARM.attributes
                0x000003b7       0x34 ./Drivers/STM32F4xx_HAL_Driver/Src/stm32f4xx_hal_rcc.o
 .ARM.attributes
                0x000003eb       0x34 ./Drivers/STM32F4xx_HAL_Driver/Src/stm32f4xx_hal_rcc_ex.o
 .ARM.attributes
                0x0000041f       0x34 ./Drivers/STM32F4xx_HAL_Driver/Src/stm32f4xx_hal_sdram.o
 .ARM.attributes
                0x00000453       0x34 ./Drivers/STM32F4xx_HAL_Driver/Src/stm32f4xx_hal_spi.o
 .ARM.attributes
                0x00000487       0x34 ./Drivers/STM32F4xx_HAL_Driver/Src/stm32f4xx_hal_tim.o
 .ARM.attributes
                0x000004bb       0x34 ./Drivers/STM32F4xx_HAL_Driver/Src/stm32f4xx_hal_tim_ex.o
 .ARM.attributes
                0x000004ef       0x34 ./Drivers/STM32F4xx_HAL_Driver/Src/stm32f4xx_hal_uart.o
 .ARM.attributes
                0x00000523       0x34 ./Drivers/STM32F4xx_HAL_Driver/Src/stm32f4xx_ll_fmc.o
 .ARM.attributes
                0x00000557       0x34 ./Drivers/STM32F4xx_HAL_Driver/Src/stm32f4xx_ll_usb.o
 .ARM.attributes
                0x0000058b       0x34 ./Middlewares/ST/STM32_USB_Host_Library/Class/CDC/Src/usbh_cdc.o
 .ARM.attributes
                0x000005bf       0x34 ./Middlewares/ST/STM32_USB_Host_Library/Core/Src/usbh_core.o
 .ARM.attributes
                0x000005f3       0x34 ./Middlewares/ST/STM32_USB_Host_Library/Core/Src/usbh_ctlreq.o
 .ARM.attributes
                0x00000627       0x34 ./Middlewares/ST/STM32_USB_Host_Library/Core/Src/usbh_ioreq.o
 .ARM.attributes
                0x0000065b       0x34 ./Middlewares/ST/STM32_USB_Host_Library/Core/Src/usbh_pipes.o
 .ARM.attributes
                0x0000068f       0x34 ./Middlewares/Third_Party/FreeRTOS/Source/CMSIS_RTOS_V2/cmsis_os2.o
 .ARM.attributes
                0x000006c3       0x34 ./Middlewares/Third_Party/FreeRTOS/Source/list.o
 .ARM.attributes
                0x000006f7       0x34 ./Middlewares/Third_Party/FreeRTOS/Source/queue.o
 .ARM.attributes
                0x0000072b       0x34 ./Middlewares/Third_Party/FreeRTOS/Source/tasks.o
 .ARM.attributes
                0x0000075f       0x34 ./Middlewares/Third_Party/FreeRTOS/Source/timers.o
 .ARM.attributes
                0x00000793       0x34 ./Middlewares/Third_Party/FreeRTOS/Source/portable/GCC/ARM_CM4F/port.o
 .ARM.attributes
                0x000007c7       0x34 ./Middlewares/Third_Party/FreeRTOS/Source/portable/MemMang/heap_4.o
 .ARM.attributes
                0x000007fb       0x34 ./USB_HOST/App/usb_host.o
 .ARM.attributes