Archive member included to satisfy reference by file (symbol)

/Applications/STM32CubeIDE.app/Contents/Eclipse/plugins/com.st.stm32cube.ide.mcu.externaltools.gnu-tools-for-stm32.12.3.rel1.macos64_1.0.100.202403111906/tools/bin/../lib/gcc/arm-none-eabi/12.3.1/../../../../arm-none-eabi/lib/thumb/v7e-m+fp/hard/libc_nano.a(libc_a-exit.o)
                              /Applications/STM32CubeIDE.app/Contents/Eclipse/plugins/com.st.stm32cube.ide.mcu.externaltools.gnu-tools-for-stm32.12.3.rel1.macos64_1.0.100.202403111906/tools/bin/../lib/gcc/arm-none-eabi/12.3.1/../../../../arm-none-eabi/lib/thumb/v7e-m+fp/hard/crt0.o (exit)
/Applications/STM32CubeIDE.app/Contents/Eclipse/plugins/com.st.stm32cube.ide.mcu.externaltools.gnu-tools-for-stm32.12.3.rel1.macos64_1.0.100.202403111906/tools/bin/../lib/gcc/arm-none-eabi/12.3.1/../../../../arm-none-eabi/lib/thumb/v7e-m+fp/hard/libc_nano.a(libc_a-sprintf.o)
                              ./Example/User/main.o (sprintf)
/Applications/STM32CubeIDE.app/Contents/Eclipse/plugins/com.st.stm32cube.ide.mcu.externaltools.gnu-tools-for-stm32.12.3.rel1.macos64_1.0.100.202403111906/tools/bin/../lib/gcc/arm-none-eabi/12.3.1/../../../../arm-none-eabi/lib/thumb/v7e-m+fp/hard/libc_nano.a(libc_a-findfp.o)
                              /Applications/STM32CubeIDE.app/Contents/Eclipse/plugins/com.st.stm32cube.ide.mcu.externaltools.gnu-tools-for-stm32.12.3.rel1.macos64_1.0.100.202403111906/tools/bin/../lib/gcc/arm-none-eabi/12.3.1/../../../../arm-none-eabi/lib/thumb/v7e-m+fp/hard/libc_nano.a(libc_a-exit.o) (__stdio_exit_handler)
/Applications/STM32CubeIDE.app/Contents/Eclipse/plugins/com.st.stm32cube.ide.mcu.externaltools.gnu-tools-for-stm32.12.3.rel1.macos64_1.0.100.202403111906/tools/bin/../lib/gcc/arm-none-eabi/12.3.1/../../../../arm-none-eabi/lib/thumb/v7e-m+fp/hard/libc_nano.a(libc_a-fwalk.o)
                              /Applications/STM32CubeIDE.app/Contents/Eclipse/plugins/com.st.stm32cube.ide.mcu.externaltools.gnu-tools-for-stm32.12.3.rel1.macos64_1.0.100.202403111906/tools/bin/../lib/gcc/arm-none-eabi/12.3.1/../../../../arm-none-eabi/lib/thumb/v7e-m+fp/hard/libc_nano.a(libc_a-findfp.o) (_fwalk_sglue)
/Applications/STM32CubeIDE.app/Contents/Eclipse/plugins/com.st.stm32cube.ide.mcu.externaltools.gnu-tools-for-stm32.12.3.rel1.macos64_1.0.100.202403111906/tools/bin/../lib/gcc/arm-none-eabi/12.3.1/../../../../arm-none-eabi/lib/thumb/v7e-m+fp/hard/libc_nano.a(libc_a-printf.o)
                              ./Example/User/log.o (printf)
/Applications/STM32CubeIDE.app/Contents/Eclipse/plugins/com.st.stm32cube.ide.mcu.externaltools.gnu-tools-for-stm32.12.3.rel1.macos64_1.0.100.202403111906/tools/bin/../lib/gcc/arm-none-eabi/12.3.1/../../../../arm-none-eabi/lib/thumb/v7e-m+fp/hard/libc_nano.a(libc_a-memset.o)
                              /Applications/STM32CubeIDE.app/Contents/Eclipse/plugins/com.st.stm32cube.ide.mcu.externaltools.gnu-tools-for-stm32.12.3.rel1.macos64_1.0.100.202403111906/tools/bin/../lib/gcc/arm-none-eabi/12.3.1/../../../../arm-none-eabi/lib/thumb/v7e-m+fp/hard/crt0.o (memset)
/Applications/STM32CubeIDE.app/Contents/Eclipse/plugins/com.st.stm32cube.ide.mcu.externaltools.gnu-tools-for-stm32.12.3.rel1.macos64_1.0.100.202403111906/tools/bin/../lib/gcc/arm-none-eabi/12.3.1/../../../../arm-none-eabi/lib/thumb/v7e-m+fp/hard/libc_nano.a(libc_a-impure.o)
                              /Applications/STM32CubeIDE.app/Contents/Eclipse/plugins/com.st.stm32cube.ide.mcu.externaltools.gnu-tools-for-stm32.12.3.rel1.macos64_1.0.100.202403111906/tools/bin/../lib/gcc/arm-none-eabi/12.3.1/../../../../arm-none-eabi/lib/thumb/v7e-m+fp/hard/libc_nano.a(libc_a-sprintf.o) (_impure_ptr)
/Applications/STM32CubeIDE.app/Contents/Eclipse/plugins/com.st.stm32cube.ide.mcu.externaltools.gnu-tools-for-stm32.12.3.rel1.macos64_1.0.100.202403111906/tools/bin/../lib/gcc/arm-none-eabi/12.3.1/../../../../arm-none-eabi/lib/thumb/v7e-m+fp/hard/libc_nano.a(libc_a-errno.o)
                              ./Example/User/syscalls.o (__errno)
/Applications/STM32CubeIDE.app/Contents/Eclipse/plugins/com.st.stm32cube.ide.mcu.externaltools.gnu-tools-for-stm32.12.3.rel1.macos64_1.0.100.202403111906/tools/bin/../lib/gcc/arm-none-eabi/12.3.1/../../../../arm-none-eabi/lib/thumb/v7e-m+fp/hard/libc_nano.a(libc_a-init.o)
                              /Applications/STM32CubeIDE.app/Contents/Eclipse/plugins/com.st.stm32cube.ide.mcu.externaltools.gnu-tools-for-stm32.12.3.rel1.macos64_1.0.100.202403111906/tools/bin/../lib/gcc/arm-none-eabi/12.3.1/../../../../arm-none-eabi/lib/thumb/v7e-m+fp/hard/crt0.o (__libc_init_array)
/Applications/STM32CubeIDE.app/Contents/Eclipse/plugins/com.st.stm32cube.ide.mcu.externaltools.gnu-tools-for-stm32.12.3.rel1.macos64_1.0.100.202403111906/tools/bin/../lib/gcc/arm-none-eabi/12.3.1/../../../../arm-none-eabi/lib/thumb/v7e-m+fp/hard/libc_nano.a(libc_a-lock.o)
[...]
Memory Configuration

Name             Origin             Length             Attributes
CCMRAM           0x10000000         0x00010000         xrw
RAM              0x20000000         0x00030000         xrw
ROM              0x08000000         0x00200000         xr
*default*        0x00000000         0xffffffff

Linker script and memory map

LOAD /Applications/STM32CubeIDE.app/Contents/Eclipse/plugins/com.st.stm32cube.ide.mcu.externaltools.gnu-tools-for-stm32.12.3.rel1.macos64_1.0.100.202403111906/tools/bin/../lib/gcc/arm-none-eabi/12.3.1/thumb/v7e-m+fp/hard/crti.o
LOAD /Applications/STM32CubeIDE.app/Contents/Eclipse/plugins/com.st.stm32cube.ide.mcu.externaltools.gnu-tools-for-stm32.12.3.rel1.macos64_1.0.100.202403111906/tools/bin/../lib/gcc/arm-none-eabi/12.3.1/thumb/v7e-m+fp/hard/crtbegin.o
LOAD /Applications/STM32CubeIDE.app/Contents/Eclipse/plugins/com.st.stm32cube.ide.mcu.externaltools.gnu-tools-for-stm32.12.3.rel1.macos64_1.0.100.202403111906/tools/bin/../lib/gcc/arm-none-eabi/12.3.1/../../../../arm-none-eabi/lib/thumb/v7e-m+fp/hard/crt0.o
LOAD ./Drivers/BSP/Components/ili9341.o
LOAD ./Drivers/BSP/Components/l3gd20.o
LOAD ./Drivers/BSP/Components/stmpe811.o
LOAD ./Drivers/BSP/STM32F429I-Discovery/stm32f429i_discovery.o
LOAD ./Drivers/BSP/STM32F429I-Discovery/stm32f429i_discovery_eeprom.o
LOAD ./Drivers/BSP/STM32F429I-Discovery/stm32f429i_discovery_gyroscope.o
LOAD ./Drivers/BSP/STM32F429I-Discovery/stm32f429i_discovery_io.o
LOAD ./Drivers/BSP/STM32F429I-Discovery/stm32f429i_discovery_lcd.o
LOAD ./Drivers/BSP/STM32F429I-Discovery/stm32f429i_discovery_sdram.o
LOAD ./Drivers/BSP/STM32F429I-Discovery/stm32f429i_discovery_ts.o
LOAD ./Drivers/CMSIS/system_stm32f4xx.o
LOAD ./Drivers/STM32F4xx_HAL_Driver/stm32f4xx_hal.o
LOAD ./Drivers/STM32F4xx_HAL_Driver/stm32f4xx_hal_cortex.o
LOAD ./Drivers/STM32F4xx_HAL_Driver/stm32f4xx_hal_dma.o
LOAD ./Drivers/STM32F4xx_HAL_Driver/stm32f4xx_hal_dma2d.o
LOAD ./Drivers/STM32F4xx_HAL_Driver/stm32f4xx_hal_flash.o
LOAD ./Drivers/STM32F4xx_HAL_Driver/stm32f4xx_hal_flash_ex.o
LOAD ./Drivers/STM32F4xx_HAL_Driver/stm32f4xx_hal_gpio.o
LOAD ./Drivers/STM32F4xx_HAL_Driver/stm32f4xx_hal_hcd.o
LOAD ./Drivers/STM32F4xx_HAL_Driver/stm32f4xx_hal_i2c.o
LOAD ./Drivers/STM32F4xx_HAL_Driver/stm32f4xx_hal_i2c_ex.o
LOAD ./Drivers/STM32F4xx_HAL_Driver/stm32f4xx_hal_ltdc.o
LOAD ./Drivers/STM32F4xx_HAL_Driver/stm32f4xx_hal_pcd.o
LOAD ./Drivers/STM32F4xx_HAL_Driver/stm32f4xx_hal_pwr.o
LOAD ./Drivers/STM32F4xx_HAL_Driver/stm32f4xx_hal_pwr_ex.o
LOAD ./Drivers/STM32F4xx_HAL_Driver/stm32f4xx_hal_rcc.o
LOAD ./Drivers/STM32F4xx_HAL_Driver/stm32f4xx_hal_rcc_ex.o
LOAD ./Drivers/STM32F4xx_HAL_Driver/stm32f4xx_hal_sdram.o
LOAD ./Drivers/STM32F4xx_HAL_Driver/stm32f4xx_hal_spi.o
LOAD ./Drivers/STM32F4xx_HAL_Driver/stm32f4xx_ll_fmc.o
LOAD ./Example/Startup/startup_stm32f429zitx.o
LOAD ./Example/User/lcd.o
LOAD ./Example/User/log.o
LOAD ./Example/User/main.o
LOAD ./Example/User/mems.o
LOAD ./Example/User/stm32f4xx_it.o
LOAD ./Example/User/syscalls.o
LOAD ./Example/User/sysmem.o
LOAD ./Example/User/touchscreen.o
LOAD ./Example/User/ts_calibration.o
LOAD ./Example/Utilities/lcd_log.o
START GROUP
LOAD /Applications/STM32CubeIDE.app/Contents/Eclipse/plugins/com.st.stm32cube.ide.mcu.externaltools.gnu-tools-for-stm32.12.3.rel1.macos64_1.0.100.202403111906/tools/bin/../lib/gcc/arm-none-eabi/12.3.1/../../../../arm-none-eabi/lib/thumb/v7e-m+fp/hard/libc_nano.a
LOAD /Applications/STM32CubeIDE.app/Contents/Eclipse/plugins/com.st.stm32cube.ide.mcu.externaltools.gnu-tools-for-stm32.12.3.rel1.macos64_1.0.100.202403111906/tools/bin/../lib/gcc/arm-none-eabi/12.3.1/../../../../arm-none-eabi/lib/thumb/v7e-m+fp/hard/libm.a
END GROUP
START GROUP
LOAD /Applications/STM32CubeIDE.app/Contents/Eclipse/plugins/com.st.stm32cube.ide.mcu.externaltools.gnu-tools-for-stm32.12.3.rel1.macos64_1.0.100.202403111906/tools/bin/../lib/gcc/arm-none-eabi/12.3.1/thumb/v7e-m+fp/hard/libgcc.a
LOAD /Applications/STM32CubeIDE.app/Contents/Eclipse/plugins/com.st.stm32cube.ide.mcu.externaltools.gnu-tools-for-stm32.12.3.rel1.macos64_1.0.100.202403111906/tools/bin/../lib/gcc/arm-none-eabi/12.3.1/../../../../arm-none-eabi/lib/thumb/v7e-m+fp/hard/libc_nano.a
END GROUP
START GROUP
LOAD /Applications/STM32CubeIDE.app/Contents/Eclipse/plugins/com.st.stm32cube.ide.mcu.externaltools.gnu-tools-for-stm32.12.3.rel1.macos64_1.0.100.202403111906/tools/bin/../lib/gcc/arm-none-eabi/12.3.1/thumb/v7e-m+fp/hard/libgcc.a
LOAD /Applications/STM32CubeIDE.app/Contents/Eclipse/plugins/com.st.stm32cube.ide.mcu.externaltools.gnu-tools-for-stm32.12.3.rel1.macos64_1.0.100.202403111906/tools/bin/../lib/gcc/arm-none-eabi/12.3.1/../../../../arm-none-eabi/lib/thumb/v7e-m+fp/hard/libc_nano.a
LOAD /Applications/STM32CubeIDE.app/Contents/Eclipse/plugins/com.st.stm32cube.ide.mcu.externaltools.gnu-tools-for-stm32.12.3.rel1.macos64_1.0.100.202403111906/tools/bin/../lib/gcc/arm-none-eabi/12.3.1/../../../../arm-none-eabi/lib/thumb/v7e-m+fp/hard/libnosys.a
END GROUP
START GROUP
LOAD /Applications/STM32CubeIDE.app/Contents/Eclipse/plugins/com.st.stm32cube.ide.mcu.externaltools.gnu-tools-for-stm32.12.3.rel1.macos64_1.0.100.202403111906/tools/bin/../lib/gcc/arm-none-eabi/12.3.1/thumb/v7e-m+fp/hard/libgcc.a
LOAD /Applications/STM32CubeIDE.app/Contents/Eclipse/plugins/com.st.stm32cube.ide.mcu.externaltools.gnu-tools-for-stm32.12.3.rel1.macos64_1.0.100.202403111906/tools/bin/../lib/gcc/arm-none-eabi/12.3.1/../../../../arm-none-eabi/lib/thumb/v7e-m+fp/hard/libc_nano.a
LOAD /Applications/STM32CubeIDE.app/Contents/Eclipse/plugins/com.st.stm32cube.ide.mcu.externaltools.gnu-tools-for-stm32.12.3.rel1.macos64_1.0.100.202403111906/tools/bin/../lib/gcc/arm-none-eabi/12.3.1/../../../../arm-none-eabi/lib/thumb/v7e-m+fp/hard/libnosys.a
END GROUP
LOAD /Applications/STM32CubeIDE.app/Contents/Eclipse/plugins/com.st.stm32cube.ide.mcu.externaltools.gnu-tools-for-stm32.12.3.rel1.macos64_1.0.100.202403111906/tools/bin/../lib/gcc/arm-none-eabi/12.3.1/thumb/v7e-m+fp/hard/crtend.o
LOAD /Applications/STM32CubeIDE.app/Contents/Eclipse/plugins/com.st.stm32cube.ide.mcu.externaltools.gnu-tools-for-stm32.12.3.rel1.macos64_1.0.100.202403111906/tools/bin/../lib/gcc/arm-none-eabi/12.3.1/thumb/v7e-m+fp/hard/crtn.o
                0x20030000                        _estack = (ORIGIN (RAM) + LENGTH (RAM))
                0x00000200                        _Min_Heap_Size = 0x200
                0x00000400                        _Min_Stack_Size = 0x400

.isr_vector     0x08000000      0x1ac
                0x08000000                        . = ALIGN (0x4)
 *(.isr_vector)
 .isr_vector    0x08000000      0x1ac ./Example/Startup/startup_stm32f429zitx.o
                0x08000000                g_pfnVectors
                0x080001ac                        . = ALIGN (0x4)

.text           0x080001b0     0xb4c0
                0x080001b0                        . = ALIGN (0x4)
 *(.text)
 .text          0x080001b0       0x40 /Applications/STM32CubeIDE.app/Contents/Eclipse/plugins/com.st.stm32cube.ide.mcu.externaltools.gnu-tools-for-stm32.12.3.rel1.macos64_1.0.100.202403111906/tools/bin/../lib/gcc/arm-none-eabi/12.3.1/thumb/v7e-m+fp/hard/crtbegin.o
 .text          0x080001f0       0xa0 /Applications/STM32CubeIDE.app/Contents/Eclipse/plugins/com.st.stm32cube.ide.mcu.externaltools.gnu-tools-for-stm32.12.3.rel1.macos64_1.0.100.202403111906/tools/bin/../lib/gcc/arm-none-eabi/12.3.1/../../../../arm-none-eabi/lib/thumb/v7e-m+fp/hard/libc_nano.a(libc_a-memchr.o)
                0x080001f0                memchr
 .text          0x08000290       0x30 /Applications/STM32CubeIDE.app/Contents/Eclipse/plugins/com.st.stm32cube.ide.mcu.externaltools.gnu-tools-for-stm32.12.3.rel1.macos64_1.0.100.202403111906/tools/bin/../lib/gcc/arm-none-eabi/12.3.1/thumb/v7e-m+fp/hard/libgcc.a(_aeabi_uldivmod.o)
                0x08000290                __aeabi_uldivmod
 .text          0x080002c0      0x2bc /Applications/STM32CubeIDE.app/Contents/Eclipse/plugins/com.st.stm32cube.ide.mcu.externaltools.gnu-tools-for-stm32.12.3.rel1.macos64_1.0.100.202403111906/tools/bin/../lib/gcc/arm-none-eabi/12.3.1/thumb/v7e-m+fp/hard/libgcc.a(_udivmoddi4.o)
                0x080002c0                __udivmoddi4
 .text          0x0800057c        0x4 /Applications/STM32CubeIDE.app/Contents/Eclipse/plugins/com.st.stm32cube.ide.mcu.externaltools.gnu-tools-for-stm32.12.3.rel1.macos64_1.0.100.202403111906/tools/bin/../lib/gcc/arm-none-eabi/12.3.1/thumb/v7e-m+fp/hard/libgcc.a(_dvmd_tls.o)
                0x0800057c                __aeabi_ldiv0
                0x0800057c                __aeabi_idiv0
 *(.text*)
 .text.ili9341_Init
                0x08000580      0x294 ./Drivers/BSP/Components/ili9341.o
                0x08000580                ili9341_Init
 .text.ili9341_ReadID
                0x08000814       0x18 ./Drivers/BSP/Components/ili9341.o
                0x08000814                ili9341_ReadID
 .text.ili9341_DisplayOn
                0x0800082c        0xe ./Drivers/BSP/Components/ili9341.o
                0x0800082c                ili9341_DisplayOn
 .text.ili9341_DisplayOff
                0x0800083a        0xe ./Drivers/BSP/Components/ili9341.o
                0x0800083a                ili9341_DisplayOff
 .text.ili9341_WriteReg
                0x08000848       0x1a ./Drivers/BSP/Components/ili9341.o
                0x08000848                ili9341_WriteReg
 .text.ili9341_WriteData
                0x08000862       0x1a ./Drivers/BSP/Components/ili9341.o
                0x08000862                ili9341_WriteData
 .text.ili9341_ReadData
                0x0800087c       0x26 ./Drivers/BSP/Components/ili9341.o
                0x0800087c                ili9341_ReadData
 .text.ili9341_GetLcdPixelWidth
                0x080008a2       0x10 ./Drivers/BSP/Components/ili9341.o
                0x080008a2                ili9341_GetLcdPixelWidth
 .text.ili9341_GetLcdPixelHeight
                0x080008b2       0x12 ./Drivers/BSP/Components/ili9341.o
                0x080008b2                ili9341_GetLcdPixelHeight
 .text.L3GD20_Init
                0x080008c4       0x46 ./Drivers/BSP/Components/l3gd20.o
                0x080008c4                L3GD20_Init
 .text.L3GD20_DeInit
                0x0800090a        0xe ./Drivers/BSP/Components/l3gd20.o
                0x0800090a                L3GD20_DeInit
 .text.L3GD20_ReadID
                0x08000918       0x20 ./Drivers/BSP/Components/l3gd20.o
                0x08000918                L3GD20_ReadID
 .text.L3GD20_RebootCmd
                0x08000938       0x30 ./Drivers/BSP/Components/l3gd20.o
                0x08000938                L3GD20_RebootCmd
 .text.L3GD20_LowPower
                0x08000968       0x2a ./Drivers/BSP/Components/l3gd20.o
                0x08000968                L3GD20_LowPower
 .text.L3GD20_INT1InterruptConfig
                0x08000992       0x86 ./Drivers/BSP/Components/l3gd20.o
                0x08000992                L3GD20_INT1InterruptConfig
 .text.L3GD20_EnableIT
                0x08000a18       0x64 ./Drivers/BSP/Components/l3gd20.o
                0x08000a18                L3GD20_EnableIT
 .text.L3GD20_DisableIT
                0x08000a7c       0x58 ./Drivers/BSP/Components/l3gd20.o
                0x08000a7c                L3GD20_DisableIT
 .text.L3GD20_FilterConfig
                0x08000ad4       0x42 ./Drivers/BSP/Components/l3gd20.o
                0x08000ad4                L3GD20_FilterConfig
 .text.L3GD20_FilterCmd
                0x08000b16       0x42 ./Drivers/BSP/Components/l3gd20.o
                0x08000b16                L3GD20_FilterCmd
 .text.L3GD20_ReadXYZAngRate
                0x08000b58      0x150 ./Drivers/BSP/Components/l3gd20.o
                0x08000b58                L3GD20_ReadXYZAngRate
 .text.stmpe811_Init
                0x08000ca8       0x50 ./Drivers/BSP/Components/stmpe811.o
                0x08000ca8                stmpe811_Init
 .text.stmpe811_Reset
                0x08000cf8       0x3a ./Drivers/BSP/Components/stmpe811.o
                0x08000cf8                stmpe811_Reset
 .text.stmpe811_ReadID
                0x08000d32       0x3e ./Drivers/BSP/Components/stmpe811.o
                0x08000d32                stmpe811_ReadID
 .text.stmpe811_EnableGlobalIT
                0x08000d70       0x3c ./Drivers/BSP/Components/stmpe811.o
                0x08000d70                stmpe811_EnableGlobalIT
 .text.stmpe811_DisableGlobalIT
                0x08000dac       0x3c ./Drivers/BSP/Components/stmpe811.o
                0x08000dac                stmpe811_DisableGlobalIT
 .text.stmpe811_EnableITSource
                0x08000de8       0x42 ./Drivers/BSP/Components/stmpe811.o
                0x08000de8                stmpe811_EnableITSource
 .text.stmpe811_DisableITSource
                0x08000e2a       0x4c ./Drivers/BSP/Components/stmpe811.o
                0x08000e2a                stmpe811_DisableITSource
 .text.stmpe811_ReadGITStatus
                0x08000e76       0x2e ./Drivers/BSP/Components/stmpe811.o
                0x08000e76                stmpe811_ReadGITStatus
 .text.stmpe811_ClearGlobalIT
                0x08000ea4       0x26 ./Drivers/BSP/Components/stmpe811.o
                0x08000ea4                stmpe811_ClearGlobalIT
 .text.stmpe811_IO_EnableAF
                0x08000eca       0x48 ./Drivers/BSP/Components/stmpe811.o
                0x08000eca                stmpe811_IO_EnableAF
 .text.stmpe811_TS_Start
                0x08000f12       0xf0 ./Drivers/BSP/Components/stmpe811.o
                0x08000f12                stmpe811_TS_Start
 .text.stmpe811_TS_DetectTouch
                0x08001002       0x70 ./Drivers/BSP/Components/stmpe811.o
                0x08001002                stmpe811_TS_DetectTouch
 .text.stmpe811_TS_GetXY
                0x08001072       0x72 ./Drivers/BSP/Components/stmpe811.o
                0x08001072                stmpe811_TS_GetXY
 .text.stmpe811_TS_EnableIT
                0x080010e4       0x28 ./Drivers/BSP/Components/stmpe811.o
                0x080010e4                stmpe811_TS_EnableIT
 .text.stmpe811_TS_DisableIT
                0x0800110c       0x24 ./Drivers/BSP/Components/stmpe811.o
                0x0800110c                stmpe811_TS_DisableIT
 .text.stmpe811_TS_ITStatus
                0x08001130       0x1e ./Drivers/BSP/Components/stmpe811.o
                0x08001130                stmpe811_TS_ITStatus
 .text.stmpe811_TS_ClearIT
                0x0800114e       0x1c ./Drivers/BSP/Components/stmpe811.o
                0x0800114e                stmpe811_TS_ClearIT
 *fill*         0x0800116a        0x2 
 .text.stmpe811_GetInstance
                0x0800116c       0x44 ./Drivers/BSP/Components/stmpe811.o
 .text.BSP_LED_Init
                0x080011b0       0xa8 ./Drivers/BSP/STM32F429I-Discovery/stm32f429i_discovery.o
                0x080011b0                BSP_LED_Init
 .text.BSP_LED_Toggle
                0x08001258       0x34 ./Drivers/BSP/STM32F429I-Discovery/stm32f429i_discovery.o
                0x08001258                BSP_LED_Toggle
 .text.BSP_PB_Init
                0x0800128c       0xac ./Drivers/BSP/STM32F429I-Discovery/stm32f429i_discovery.o
                0x0800128c                BSP_PB_Init
 .text.BSP_PB_GetState
                0x08001338       0x2c ./Drivers/BSP/STM32F429I-Discovery/stm32f429i_discovery.o
                0x08001338                BSP_PB_GetState
 .text.I2Cx_MspInit
                0x08001364       0xec ./Drivers/BSP/STM32F429I-Discovery/stm32f429i_discovery.o
 .text.I2Cx_Init
                0x08001450       0x64 ./Drivers/BSP/STM32F429I-Discovery/stm32f429i_discovery.o
 .text.I2Cx_ITConfig
                0x080014b4       0x60 ./Drivers/BSP/STM32F429I-Discovery/stm32f429i_discovery.o
 .text.I2Cx_WriteData
                0x08001514       0x54 ./Drivers/BSP/STM32F429I-Discovery/stm32f429i_discovery.o
 .text.I2Cx_ReadData
                0x08001568       0x58 ./Drivers/BSP/STM32F429I-Discovery/stm32f429i_discovery.o
 .text.I2Cx_ReadBuffer
                0x080015c0       0x5c ./Drivers/BSP/STM32F429I-Discovery/stm32f429i_discovery.o
 .text.I2Cx_Error
                0x0800161c       0x18 ./Drivers/BSP/STM32F429I-Discovery/stm32f429i_discovery.o
 .text.SPIx_Init
                0x08001634       0x74 ./Drivers/BSP/STM32F429I-Discovery/stm32f429i_discovery.o
 .text.SPIx_Read
                0x080016a8       0x40 ./Drivers/BSP/STM32F429I-Discovery/stm32f429i_discovery.o
 .text.SPIx_Write
                0x080016e8       0x3c ./Drivers/BSP/STM32F429I-Discovery/stm32f429i_discovery.o
 .text.SPIx_WriteRead
                0x08001724       0x40 ./Drivers/BSP/STM32F429I-Discovery/stm32f429i_discovery.o
 .text.SPIx_Error
                0x08001764       0x18 ./Drivers/BSP/STM32F429I-Discovery/stm32f429i_discovery.o
 .text.SPIx_MspInit
                0x0800177c       0x74 ./Drivers/BSP/STM32F429I-Discovery/stm32f429i_discovery.o
 .text.LCD_IO_Init
                0x080017f0       0xf0 ./Drivers/BSP/STM32F429I-Discovery/stm32f429i_discovery.o
                0x080017f0                LCD_IO_Init
 .text.LCD_IO_WriteData
                0x080018e0       0x44 ./Drivers/BSP/STM32F429I-Discovery/stm32f429i_discovery.o
                0x080018e0                LCD_IO_WriteData
 .text.LCD_IO_WriteReg
                0x08001924       0x44 ./Drivers/BSP/STM32F429I-Discovery/stm32f429i_discovery.o
                0x08001924                LCD_IO_WriteReg
 .text.LCD_IO_ReadData
                0x08001968       0x64 ./Drivers/BSP/STM32F429I-Discovery/stm32f429i_discovery.o
                0x08001968                LCD_IO_ReadData
 .text.LCD_Delay
                0x080019cc       0x16 ./Drivers/BSP/STM32F429I-Discovery/stm32f429i_discovery.o
                0x080019cc                LCD_Delay
 .text.IOE_Init
                0x080019e2        0xc ./Drivers/BSP/STM32F429I-Discovery/stm32f429i_discovery.o
                0x080019e2                IOE_Init
 .text.IOE_ITConfig
                0x080019ee        0xc ./Drivers/BSP/STM32F429I-Discovery/stm32f429i_discovery.o
                0x080019ee                IOE_ITConfig
 .text.IOE_Write
                0x080019fa       0x26 ./Drivers/BSP/STM32F429I-Discovery/stm32f429i_discovery.o
                0x080019fa                IOE_Write
 .text.IOE_Read
                0x08001a20       0x26 ./Drivers/BSP/STM32F429I-Discovery/stm32f429i_discovery.o
                0x08001a20                IOE_Read
 .text.IOE_ReadMultiple
                0x08001a46       0x2c ./Drivers/BSP/STM32F429I-Discovery/stm32f429i_discovery.o
                0x08001a46                IOE_ReadMultiple
 .text.IOE_Delay
                0x08001a72       0x16 ./Drivers/BSP/STM32F429I-Discovery/stm32f429i_discovery.o
                0x08001a72                IOE_Delay
 .text.GYRO_IO_Init
                0x08001a88       0x98 ./Drivers/BSP/STM32F429I-Discovery/stm32f429i_discovery.o
                0x08001a88                GYRO_IO_Init
 .text.GYRO_IO_Write
                0x08001b20       0x64 ./Drivers/BSP/STM32F429I-Discovery/stm32f429i_discovery.o
                0x08001b20                GYRO_IO_Write
 .text.GYRO_IO_Read
                0x08001b84       0x74 ./Drivers/BSP/STM32F429I-Discovery/stm32f429i_discovery.o
                0x08001b84                GYRO_IO_Read
 .text.BSP_GYRO_Init
                0x08001bf8       0xcc ./Drivers/BSP/STM32F429I-Discovery/stm32f429i_discovery_gyroscope.o
                0x08001bf8                BSP_GYRO_Init
 .text.BSP_GYRO_Reset
                0x08001cc4       0x20 ./Drivers/BSP/STM32F429I-Discovery/stm32f429i_discovery_gyroscope.o
                0x08001cc4                BSP_GYRO_Reset
 .text.BSP_GYRO_GetXYZ
                0x08001ce4       0x28 ./Drivers/BSP/STM32F429I-Discovery/stm32f429i_discovery_gyroscope.o
                0x08001ce4                BSP_GYRO_GetXYZ
 .text.BSP_LCD_Init
                0x08001d0c       0xd4 ./Drivers/BSP/STM32F429I-Discovery/stm32f429i_discovery_lcd.o
                0x08001d0c                BSP_LCD_Init
 .text.BSP_LCD_GetXSize
                0x08001de0       0x18 ./Drivers/BSP/STM32F429I-Discovery/stm32f429i_discovery_lcd.o
                0x08001de0                BSP_LCD_GetXSize
 .text.BSP_LCD_GetYSize
                0x08001df8       0x18 ./Drivers/BSP/STM32F429I-Discovery/stm32f429i_discovery_lcd.o
                0x08001df8                BSP_LCD_GetYSize
 .text.BSP_LCD_LayerDefaultInit
                0x08001e10       0xc8 ./Drivers/BSP/STM32F429I-Discovery/stm32f429i_discovery_lcd.o
                0x08001e10                BSP_LCD_LayerDefaultInit
 .text.BSP_LCD_SelectLayer
                0x08001ed8       0x20 ./Drivers/BSP/STM32F429I-Discovery/stm32f429i_discovery_lcd.o
                0x08001ed8                BSP_LCD_SelectLayer
 .text.BSP_LCD_SetTextColor
                0x08001ef8       0x30 ./Drivers/BSP/STM32F429I-Discovery/stm32f429i_discovery_lcd.o
                0x08001ef8                BSP_LCD_SetTextColor
 .text.BSP_LCD_SetBackColor
                0x08001f28       0x34 ./Drivers/BSP/STM32F429I-Discovery/stm32f429i_discovery_lcd.o
                0x08001f28                BSP_LCD_SetBackColor
 .text.BSP_LCD_SetFont
                0x08001f5c       0x34 ./Drivers/BSP/STM32F429I-Discovery/stm32f429i_discovery_lcd.o
                0x08001f5c                BSP_LCD_SetFont
 .text.BSP_LCD_GetFont
                0x08001f90       0x2c ./Drivers/BSP/STM32F429I-Discovery/stm32f429i_discovery_lcd.o
                0x08001f90                BSP_LCD_GetFont
 .text.BSP_LCD_Clear
                0x08001fbc       0x50 ./Drivers/BSP/STM32F429I-Discovery/stm32f429i_discovery_lcd.o
                0x08001fbc                BSP_LCD_Clear
 .text.BSP_LCD_ClearStringLine
                0x0800200c       0xc8 ./Drivers/BSP/STM32F429I-Discovery/stm32f429i_discovery_lcd.o
                0x0800200c                BSP_LCD_ClearStringLine
 .text.BSP_LCD_DisplayChar
                0x080020d4       0x88 ./Drivers/BSP/STM32F429I-Discovery/stm32f429i_discovery_lcd.o
                0x080020d4                BSP_LCD_DisplayChar
 .text.BSP_LCD_DisplayStringAt
                0x0800215c      0x17c ./Drivers/BSP/STM32F429I-Discovery/stm32f429i_discovery_lcd.o
                0x0800215c                BSP_LCD_DisplayStringAt
 .text.BSP_LCD_DisplayStringAtLine
                0x080022d8       0x2e ./Drivers/BSP/STM32F429I-Discovery/stm32f429i_discovery_lcd.o
                0x080022d8                BSP_LCD_DisplayStringAtLine
 *fill*         0x08002306        0x2 
 .text.BSP_LCD_DrawHLine
                0x08002308       0x7c ./Drivers/BSP/STM32F429I-Discovery/stm32f429i_discovery_lcd.o
                0x08002308                BSP_LCD_DrawHLine
 .text.BSP_LCD_DrawVLine
                0x08002384       0x84 ./Drivers/BSP/STM32F429I-Discovery/stm32f429i_discovery_lcd.o
                0x08002384                BSP_LCD_DrawVLine
 .text.BSP_LCD_DrawLine
                0x08002408      0x194 ./Drivers/BSP/STM32F429I-Discovery/stm32f429i_discovery_lcd.o
                0x08002408                BSP_LCD_DrawLine
 .text.BSP_LCD_DrawRect
                0x0800259c       0x62 ./Drivers/BSP/STM32F429I-Discovery/stm32f429i_discovery_lcd.o
                0x0800259c                BSP_LCD_DrawRect
 *fill*         0x080025fe        0x2 
 .text.BSP_LCD_DrawCircle
                0x08002600      0x1d4 ./Drivers/BSP/STM32F429I-Discovery/stm32f429i_discovery_lcd.o
                0x08002600                BSP_LCD_DrawCircle
 .text.BSP_LCD_DrawPolygon
                0x080027d4       0x9a ./Drivers/BSP/STM32F429I-Discovery/stm32f429i_discovery_lcd.o
                0x080027d4                BSP_LCD_DrawPolygon
 *fill*         0x0800286e        0x2 
 .text.BSP_LCD_DrawEllipse
                0x08002870      0x1e8 ./Drivers/BSP/STM32F429I-Discovery/stm32f429i_discovery_lcd.o
                0x08002870                BSP_LCD_DrawEllipse
 .text.BSP_LCD_DrawBitmap
                0x08002a58      0x164 ./Drivers/BSP/STM32F429I-Discovery/stm32f429i_discovery_lcd.o
                0x08002a58                BSP_LCD_DrawBitmap
 .text.BSP_LCD_FillRect
                0x08002bbc       0xb4 ./Drivers/BSP/STM32F429I-Discovery/stm32f429i_discovery_lcd.o
                0x08002bbc                BSP_LCD_FillRect
 .text.BSP_LCD_FillCircle
                0x08002c70      0x140 ./Drivers/BSP/STM32F429I-Discovery/stm32f429i_discovery_lcd.o
                0x08002c70                BSP_LCD_FillCircle
 .text.BSP_LCD_FillTriangle
                0x08002db0      0x17c ./Drivers/BSP/STM32F429I-Discovery/stm32f429i_discovery_lcd.o
                0x08002db0                BSP_LCD_FillTriangle
 .text.BSP_LCD_FillPolygon
                0x08002f2c      0x1c4 ./Drivers/BSP/STM32F429I-Discovery/stm32f429i_discovery_lcd.o
                0x08002f2c                BSP_LCD_FillPolygon
 .text.BSP_LCD_FillEllipse
                0x080030f0      0x174 ./Drivers/BSP/STM32F429I-Discovery/stm32f429i_discovery_lcd.o
                0x080030f0                BSP_LCD_FillEllipse
 .text.BSP_LCD_MspInit
                0x08003264      0x1ac ./Drivers/BSP/STM32F429I-Discovery/stm32f429i_discovery_lcd.o
                0x08003264                BSP_LCD_MspInit
 .text.BSP_LCD_DrawPixel
                0x08003410       0x4c ./Drivers/BSP/STM32F429I-Discovery/stm32f429i_discovery_lcd.o
                0x08003410                BSP_LCD_DrawPixel
 .text.DrawChar
                0x0800345c      0x174 ./Drivers/BSP/STM32F429I-Discovery/stm32f429i_discovery_lcd.o
 .text.FillBuffer
                0x080035d0       0x70 ./Drivers/BSP/STM32F429I-Discovery/stm32f429i_discovery_lcd.o
 .text.ConvertLineToARGB8888
                0x08003640       0x88 ./Drivers/BSP/STM32F429I-Discovery/stm32f429i_discovery_lcd.o
 .text.BSP_SDRAM_Init
                0x080036c8       0xbc ./Drivers/BSP/STM32F429I-Discovery/stm32f429i_discovery_sdram.o
                0x080036c8                BSP_SDRAM_Init
 .text.BSP_SDRAM_Initialization_sequence
                0x08003784       0xc0 ./Drivers/BSP/STM32F429I-Discovery/stm32f429i_discovery_sdram.o
                0x08003784                BSP_SDRAM_Initialization_sequence
 .text.BSP_SDRAM_MspInit
                0x08003844      0x218 ./Drivers/BSP/STM32F429I-Discovery/stm32f429i_discovery_sdram.o
                0x08003844                BSP_SDRAM_MspInit
 .text.BSP_TS_Init
                0x08003a5c       0x74 ./Drivers/BSP/STM32F429I-Discovery/stm32f429i_discovery_ts.o
                0x08003a5c                BSP_TS_Init
 .text.BSP_TS_GetState
                0x08003ad0      0x164 ./Drivers/BSP/STM32F429I-Discovery/stm32f429i_discovery_ts.o
                0x08003ad0                BSP_TS_GetState
 .text.SystemInit
                0x08003c34       0x6c ./Drivers/CMSIS/system_stm32f4xx.o
                0x08003c34                SystemInit
 .text.HAL_Init
                0x08003ca0       0x44 ./Drivers/STM32F4xx_HAL_Driver/stm32f4xx_hal.o
                0x08003ca0                HAL_Init
 .text.HAL_MspInit
                0x08003ce4        0xe ./Drivers/STM32F4xx_HAL_Driver/stm32f4xx_hal.o
                0x08003ce4                HAL_MspInit
 *fill*         0x08003cf2        0x2 
 .text.HAL_InitTick
                0x08003cf4       0x60 ./Drivers/STM32F4xx_HAL_Driver/stm32f4xx_hal.o
                0x08003cf4                HAL_InitTick
 .text.HAL_IncTick
                0x08003d54       0x28 ./Drivers/STM32F4xx_HAL_Driver/stm32f4xx_hal.o
                0x08003d54                HAL_IncTick
 .text.HAL_GetTick
                0x08003d7c       0x18 ./Drivers/STM32F4xx_HAL_Driver/stm32f4xx_hal.o
                0x08003d7c                HAL_GetTick
 .text.HAL_Delay
                0x08003d94       0x48 ./Drivers/STM32F4xx_HAL_Driver/stm32f4xx_hal.o
                0x08003d94                HAL_Delay
 .text.__NVIC_SetPriorityGrouping
                0x08003ddc       0x48 ./Drivers/STM32F4xx_HAL_Driver/stm32f4xx_hal_cortex.o
 .text.__NVIC_GetPriorityGrouping
                0x08003e24       0x1c ./Drivers/STM32F4xx_HAL_Driver/stm32f4xx_hal_cortex.o
 .text.__NVIC_EnableIRQ
                0x08003e40       0x3c ./Drivers/STM32F4xx_HAL_Driver/stm32f4xx_hal_cortex.o
 .text.__NVIC_SetPriority
                0x08003e7c       0x54 ./Drivers/STM32F4xx_HAL_Driver/stm32f4xx_hal_cortex.o
 .text.NVIC_EncodePriority
                0x08003ed0       0x66 ./Drivers/STM32F4xx_HAL_Driver/stm32f4xx_hal_cortex.o
 *fill*         0x08003f36        0x2 
 .text.SysTick_Config
                0x08003f38       0x44 ./Drivers/STM32F4xx_HAL_Driver/stm32f4xx_hal_cortex.o
 .text.HAL_NVIC_SetPriorityGrouping
                0x08003f7c       0x16 ./Drivers/STM32F4xx_HAL_Driver/stm32f4xx_hal_cortex.o
                0x08003f7c                HAL_NVIC_SetPriorityGrouping
 .text.HAL_NVIC_SetPriority
                0x08003f92       0x38 ./Drivers/STM32F4xx_HAL_Driver/stm32f4xx_hal_cortex.o
                0x08003f92                HAL_NVIC_SetPriority
 .text.HAL_NVIC_EnableIRQ
                0x08003fca       0x1c ./Drivers/STM32F4xx_HAL_Driver/stm32f4xx_hal_cortex.o
                0x08003fca                HAL_NVIC_EnableIRQ
 .text.HAL_SYSTICK_Config
                0x08003fe6       0x18 ./Drivers/STM32F4xx_HAL_Driver/stm32f4xx_hal_cortex.o
                0x08003fe6                HAL_SYSTICK_Config
 *fill*         0x08003ffe        0x2 
 .text.HAL_DMA_Init
                0x08004000      0x15c ./Drivers/STM32F4xx_HAL_Driver/stm32f4xx_hal_dma.o
                0x08004000                HAL_DMA_Init
 .text.HAL_DMA_DeInit
                0x0800415c       0xbc ./Drivers/STM32F4xx_HAL_Driver/stm32f4xx_hal_dma.o
                0x0800415c                HAL_DMA_DeInit
 .text.DMA_CalcBaseAndBitshift
                0x08004218       0x6c ./Drivers/STM32F4xx_HAL_Driver/stm32f4xx_hal_dma.o
 .text.DMA_CheckFifoParam
                0x08004284       0xf8 ./Drivers/STM32F4xx_HAL_Driver/stm32f4xx_hal_dma.o
 .text.HAL_DMA2D_Init
                0x0800437c       0x92 ./Drivers/STM32F4xx_HAL_Driver/stm32f4xx_hal_dma2d.o
                0x0800437c                HAL_DMA2D_Init
 .text.HAL_DMA2D_MspInit
                0x0800440e       0x14 ./Drivers/STM32F4xx_HAL_Driver/stm32f4xx_hal_dma2d.o
                0x0800440e                HAL_DMA2D_MspInit
 .text.HAL_DMA2D_Start
                0x08004422       0x56 ./Drivers/STM32F4xx_HAL_Driver/stm32f4xx_hal_dma2d.o
                0x08004422                HAL_DMA2D_Start
 .text.HAL_DMA2D_PollForTransfer
                0x08004478      0x1d2 ./Drivers/STM32F4xx_HAL_Driver/stm32f4xx_hal_dma2d.o
                0x08004478                HAL_DMA2D_PollForTransfer
 *fill*         0x0800464a        0x2 
 .text.HAL_DMA2D_ConfigLayer
                0x0800464c      0x124 ./Drivers/STM32F4xx_HAL_Driver/stm32f4xx_hal_dma2d.o
                0x0800464c                HAL_DMA2D_ConfigLayer
 .text.DMA2D_SetConfig
                0x08004770      0x138 ./Drivers/STM32F4xx_HAL_Driver/stm32f4xx_hal_dma2d.o
 .text.HAL_GPIO_Init
                0x080048a8      0x358 ./Drivers/STM32F4xx_HAL_Driver/stm32f4xx_hal_gpio.o
                0x080048a8                HAL_GPIO_Init
 .text.HAL_GPIO_ReadPin
                0x08004c00       0x30 ./Drivers/STM32F4xx_HAL_Driver/stm32f4xx_hal_gpio.o
                0x08004c00                HAL_GPIO_ReadPin
 .text.HAL_GPIO_WritePin
                0x08004c30       0x32 ./Drivers/STM32F4xx_HAL_Driver/stm32f4xx_hal_gpio.o
                0x08004c30                HAL_GPIO_WritePin
 .text.HAL_GPIO_TogglePin
                0x08004c62       0x34 ./Drivers/STM32F4xx_HAL_Driver/stm32f4xx_hal_gpio.o
                0x08004c62                HAL_GPIO_TogglePin
 *fill*         0x08004c96        0x2 
 .text.HAL_GPIO_EXTI_IRQHandler
                0x08004c98       0x30 ./Drivers/STM32F4xx_HAL_Driver/stm32f4xx_hal_gpio.o
                0x08004c98                HAL_GPIO_EXTI_IRQHandler
 .text.HAL_I2C_Init
                0x08004cc8      0x288 ./Drivers/STM32F4xx_HAL_Driver/stm32f4xx_hal_i2c.o
                0x08004cc8                HAL_I2C_Init
 .text.HAL_I2C_DeInit
                0x08004f50       0x5e ./Drivers/STM32F4xx_HAL_Driver/stm32f4xx_hal_i2c.o
                0x08004f50                HAL_I2C_DeInit
 .text.HAL_I2C_MspInit
                0x08004fae       0x14 ./Drivers/STM32F4xx_HAL_Driver/stm32f4xx_hal_i2c.o
                0x08004fae                HAL_I2C_MspInit
 .text.HAL_I2C_MspDeInit
                0x08004fc2       0x14 ./Drivers/STM32F4xx_HAL_Driver/stm32f4xx_hal_i2c.o
                0x08004fc2                HAL_I2C_MspDeInit
 *fill*         0x08004fd6        0x2 
 .text.HAL_I2C_Mem_Write
                0x08004fd8      0x1f4 ./Drivers/STM32F4xx_HAL_Driver/stm32f4xx_hal_i2c.o
                0x08004fd8                HAL_I2C_Mem_Write
 .text.HAL_I2C_Mem_Read
                0x080051cc      0x464 ./Drivers/STM32F4xx_HAL_Driver/stm32f4xx_hal_i2c.o
                0x080051cc                HAL_I2C_Mem_Read
 .text.HAL_I2C_GetState
                0x08005630       0x1c ./Drivers/STM32F4xx_HAL_Driver/stm32f4xx_hal_i2c.o
                0x08005630                HAL_I2C_GetState
 .text.I2C_RequestMemoryWrite
                0x0800564c      0x12c ./Drivers/STM32F4xx_HAL_Driver/stm32f4xx_hal_i2c.o
 .text.I2C_RequestMemoryRead
                0x08005778      0x1d0 ./Drivers/STM32F4xx_HAL_Driver/stm32f4xx_hal_i2c.o
 .text.I2C_WaitOnFlagUntilTimeout
                0x08005948       0xf4 ./Drivers/STM32F4xx_HAL_Driver/stm32f4xx_hal_i2c.o
 .text.I2C_WaitOnMasterAddressFlagUntilTimeout
                0x08005a3c      0x140 ./Drivers/STM32F4xx_HAL_Driver/stm32f4xx_hal_i2c.o
 .text.I2C_WaitOnTXEFlagUntilTimeout
                0x08005b7c       0x90 ./Drivers/STM32F4xx_HAL_Driver/stm32f4xx_hal_i2c.o
 .text.I2C_WaitOnBTFFlagUntilTimeout
                0x08005c0c       0x90 ./Drivers/STM32F4xx_HAL_Driver/stm32f4xx_hal_i2c.o
 .text.I2C_WaitOnRXNEFlagUntilTimeout
                0x08005c9c       0xba ./Drivers/STM32F4xx_HAL_Driver/stm32f4xx_hal_i2c.o
 .text.I2C_IsAcknowledgeFailed
                0x08005d56       0x5e ./Drivers/STM32F4xx_HAL_Driver/stm32f4xx_hal_i2c.o
 .text.HAL_LTDC_Init
                0x08005db4      0x1a0 ./Drivers/STM32F4xx_HAL_Driver/stm32f4xx_hal_ltdc.o
                0x08005db4                HAL_LTDC_Init
 .text.HAL_LTDC_MspInit
                0x08005f54       0x14 ./Drivers/STM32F4xx_HAL_Driver/stm32f4xx_hal_ltdc.o
                0x08005f54                HAL_LTDC_MspInit
 .text.HAL_LTDC_ConfigLayer
                0x08005f68       0x7c ./Drivers/STM32F4xx_HAL_Driver/stm32f4xx_hal_ltdc.o
                0x08005f68                HAL_LTDC_ConfigLayer
 .text.HAL_LTDC_EnableDither
                0x08005fe4       0x54 ./Drivers/STM32F4xx_HAL_Driver/stm32f4xx_hal_ltdc.o
                0x08005fe4                HAL_LTDC_EnableDither
 .text.LTDC_SetConfig
                0x08006038      0x32e ./Drivers/STM32F4xx_HAL_Driver/stm32f4xx_hal_ltdc.o
 *fill*         0x08006366        0x2 
 .text.HAL_PWREx_EnableOverDrive
                0x08006368       0xa0 ./Drivers/STM32F4xx_HAL_Driver/stm32f4xx_hal_pwr_ex.o
                0x08006368                HAL_PWREx_EnableOverDrive
 .text.HAL_RCC_OscConfig
                0x08006408      0x4f0 ./Drivers/STM32F4xx_HAL_Driver/stm32f4xx_hal_rcc.o
                0x08006408                HAL_RCC_OscConfig
 .text.HAL_RCC_ClockConfig
                0x080068f8      0x1cc ./Drivers/STM32F4xx_HAL_Driver/stm32f4xx_hal_rcc.o
                0x080068f8                HAL_RCC_ClockConfig
 .text.HAL_RCC_GetSysClockFreq
                0x08006ac4      0x20c ./Drivers/STM32F4xx_HAL_Driver/stm32f4xx_hal_rcc.o
                0x08006ac4                HAL_RCC_GetSysClockFreq
 .text.HAL_RCC_GetHCLKFreq
                0x08006cd0       0x18 ./Drivers/STM32F4xx_HAL_Driver/stm32f4xx_hal_rcc.o
                0x08006cd0                HAL_RCC_GetHCLKFreq
 .text.HAL_RCC_GetPCLK1Freq
                0x08006ce8       0x28 ./Drivers/STM32F4xx_HAL_Driver/stm32f4xx_hal_rcc.o
                0x08006ce8                HAL_RCC_GetPCLK1Freq
 .text.HAL_RCCEx_PeriphCLKConfig
                0x08006d10      0x380 ./Drivers/STM32F4xx_HAL_Driver/stm32f4xx_hal_rcc_ex.o
                0x08006d10                HAL_RCCEx_PeriphCLKConfig
 .text.HAL_SDRAM_Init
                0x08007090       0x68 ./Drivers/STM32F4xx_HAL_Driver/stm32f4xx_hal_sdram.o
                0x08007090                HAL_SDRAM_Init
 .text.HAL_SDRAM_MspInit
                0x080070f8       0x14 ./Drivers/STM32F4xx_HAL_Driver/stm32f4xx_hal_sdram.o
                0x080070f8                HAL_SDRAM_MspInit
 .text.HAL_SDRAM_SendCommand
                0x0800710c       0x6a ./Drivers/STM32F4xx_HAL_Driver/stm32f4xx_hal_sdram.o
                0x0800710c                HAL_SDRAM_SendCommand
 .text.HAL_SDRAM_ProgramRefreshRate
                0x08007176       0x50 ./Drivers/STM32F4xx_HAL_Driver/stm32f4xx_hal_sdram.o
                0x08007176                HAL_SDRAM_ProgramRefreshRate
 .text.HAL_SPI_Init
                0x080071c6      0x122 ./Drivers/STM32F4xx_HAL_Driver/stm32f4xx_hal_spi.o
                0x080071c6                HAL_SPI_Init
 .text.HAL_SPI_DeInit
                0x080072e8       0x50 ./Drivers/STM32F4xx_HAL_Driver/stm32f4xx_hal_spi.o
                0x080072e8                HAL_SPI_DeInit
 .text.HAL_SPI_MspInit
                0x08007338       0x14 ./Drivers/STM32F4xx_HAL_Driver/stm32f4xx_hal_spi.o
                0x08007338                HAL_SPI_MspInit
 .text.HAL_SPI_MspDeInit
                0x0800734c       0x14 ./Drivers/STM32F4xx_HAL_Driver/stm32f4xx_hal_spi.o
                0x0800734c                HAL_SPI_MspDeInit
 .text.HAL_SPI_Transmit
                0x08007360      0x2ca ./Drivers/STM32F4xx_HAL_Driver/stm32f4xx_hal_spi.o
                0x08007360                HAL_SPI_Transmit
 .text.HAL_SPI_Receive
                0x0800762a      0x324 ./Drivers/STM32F4xx_HAL_Driver/stm32f4xx_hal_spi.o
                0x0800762a                HAL_SPI_Receive
 .text.HAL_SPI_TransmitReceive
                0x0800794e      0x48c ./Drivers/STM32F4xx_HAL_Driver/stm32f4xx_hal_spi.o
                0x0800794e                HAL_SPI_TransmitReceive
 .text.HAL_SPI_GetState
                0x08007dda       0x1c ./Drivers/STM32F4xx_HAL_Driver/stm32f4xx_hal_spi.o
                0x08007dda                HAL_SPI_GetState
 *fill*         0x08007df6        0x2 
 .text.SPI_WaitFlagStateUntilTimeout
                0x08007df8      0x110 ./Drivers/STM32F4xx_HAL_Driver/stm32f4xx_hal_spi.o
 .text.SPI_EndRxTransaction
                0x08007f08       0xca ./Drivers/STM32F4xx_HAL_Driver/stm32f4xx_hal_spi.o
 *fill*         0x08007fd2        0x2 
 .text.SPI_EndRxTxTransaction
                0x08007fd4       0xa8 ./Drivers/STM32F4xx_HAL_Driver/stm32f4xx_hal_spi.o
 .text.FMC_SDRAM_Init
                0x0800807c       0xba ./Drivers/STM32F4xx_HAL_Driver/stm32f4xx_ll_fmc.o
                0x0800807c                FMC_SDRAM_Init
 .text.FMC_SDRAM_Timing_Init
                0x08008136       0xd2 ./Drivers/STM32F4xx_HAL_Driver/stm32f4xx_ll_fmc.o
                0x08008136                FMC_SDRAM_Timing_Init
 .text.FMC_SDRAM_SendCommand
                0x08008208       0x7a ./Drivers/STM32F4xx_HAL_Driver/stm32f4xx_ll_fmc.o
                0x08008208                FMC_SDRAM_SendCommand
 .text.FMC_SDRAM_ProgramRefreshRate
                0x08008282       0x2e ./Drivers/STM32F4xx_HAL_Driver/stm32f4xx_ll_fmc.o
                0x08008282                FMC_SDRAM_ProgramRefreshRate
 .text.Reset_Handler
                0x080082b0       0x50 ./Example/Startup/startup_stm32f429zitx.o
                0x080082b0                Reset_Handler
 .text.Default_Handler
                0x08008300        0x2 ./Example/Startup/startup_stm32f429zitx.o
                0x08008300                DMA1_Stream3_IRQHandler
                0x08008300                HASH_RNG_IRQHandler
                0x08008300                EXTI2_IRQHandler
                0x08008300                TIM8_CC_IRQHandler
                0x08008300                UART8_IRQHandler
                0x08008300                SPI4_IRQHandler
                0x08008300                TIM1_CC_IRQHandler
                0x08008300                DMA2_Stream5_IRQHandler
                0x08008300                DMA1_Stream5_IRQHandler
                0x08008300                PVD_IRQHandler
                0x08008300                SDIO_IRQHandler
                0x08008300                TAMP_STAMP_IRQHandler
                0x08008300                CAN2_RX1_IRQHandler
                0x08008300                EXTI3_IRQHandler
                0x08008300                TIM8_TRG_COM_TIM14_IRQHandler
                0x08008300                TIM1_UP_TIM10_IRQHandler
                0x08008300                TIM8_UP_TIM13_IRQHandler
                0x08008300                I2C3_ER_IRQHandler
                0x08008300                I2C2_EV_IRQHandler
                0x08008300                DMA1_Stream2_IRQHandler
                0x08008300                CAN1_RX0_IRQHandler
                0x08008300                FPU_IRQHandler
                0x08008300                OTG_HS_WKUP_IRQHandler
                0x08008300                LTDC_ER_IRQHandler
                0x08008300                CAN2_SCE_IRQHandler
                0x08008300                DMA2_Stream2_IRQHandler
                0x08008300                SPI1_IRQHandler
                0x08008300                TIM6_DAC_IRQHandler
                0x08008300                TIM1_BRK_TIM9_IRQHandler
                0x08008300                DCMI_IRQHandler
                0x08008300                CAN2_RX0_IRQHandler
                0x08008300                DMA2_Stream3_IRQHandler
                0x08008300                USART6_IRQHandler
                0x08008300                USART3_IRQHandler
                0x08008300                CAN1_RX1_IRQHandler
                0x08008300                UART5_IRQHandler
                0x08008300                DMA2_Stream0_IRQHandler
                0x08008300                TIM4_IRQHandler
                0x08008300                I2C1_EV_IRQHandler
                0x08008300                DMA1_Stream6_IRQHandler
                0x08008300                DMA1_Stream1_IRQHandler
                0x08008300                UART4_IRQHandler
                0x08008300                TIM3_IRQHandler
                0x08008300                RCC_IRQHandler
                0x08008300                TIM8_BRK_TIM12_IRQHandler
                0x08008300                Default_Handler
                0x08008300                EXTI15_10_IRQHandler
                0x08008300                ADC_IRQHandler
                0x08008300                DMA1_Stream7_IRQHandler
                0x08008300                SPI5_IRQHandler
                0x08008300                TIM7_IRQHandler
                0x08008300                CAN2_TX_IRQHandler
                0x08008300                TIM5_IRQHandler
                0x08008300                DMA2_Stream7_IRQHandler
                0x08008300                I2C3_EV_IRQHandler
                0x08008300                EXTI9_5_IRQHandler
                0x08008300                RTC_WKUP_IRQHandler
                0x08008300                LTDC_IRQHandler
                0x08008300                ETH_WKUP_IRQHandler
                0x08008300                SPI2_IRQHandler
                0x08008300                OTG_HS_EP1_IN_IRQHandler
                0x08008300                DMA1_Stream0_IRQHandler
                0x08008300                CAN1_TX_IRQHandler
                0x08008300                EXTI4_IRQHandler
                0x08008300                ETH_IRQHandler
                0x08008300                OTG_HS_EP1_OUT_IRQHandler
                0x08008300                WWDG_IRQHandler
                0x08008300                SPI6_IRQHandler
                0x08008300                TIM2_IRQHandler
                0x08008300                OTG_FS_WKUP_IRQHandler
                0x08008300                TIM1_TRG_COM_TIM11_IRQHandler
                0x08008300                OTG_HS_IRQHandler
                0x08008300                DMA2D_IRQHandler
                0x08008300                EXTI1_IRQHandler
                0x08008300                UART7_IRQHandler
                0x08008300                USART2_IRQHandler
                0x08008300                I2C2_ER_IRQHandler
                0x08008300                DMA2_Stream1_IRQHandler
                0x08008300                CAN1_SCE_IRQHandler
                0x08008300                FLASH_IRQHandler
                0x08008300                DMA2_Stream4_IRQHandler
                0x08008300                USART1_IRQHandler
                0x08008300                OTG_FS_IRQHandler
                0x08008300                SPI3_IRQHandler
                0x08008300                DMA1_Stream4_IRQHandler
                0x08008300                I2C1_ER_IRQHandler
                0x08008300                FMC_IRQHandler
                0x08008300                DMA2_Stream6_IRQHandler
                0x08008300                SAI1_IRQHandler
                0x08008300                RTC_Alarm_IRQHandler
 *fill*         0x08008302        0x2 
 .text.LCD_demo
                0x08008304       0x50 ./Example/User/lcd.o
                0x08008304                LCD_demo
 .text.LCD_SetHint
                0x08008354       0xd8 ./Example/User/lcd.o
 .text.LCD_Show_Feature
                0x0800842c      0x320 ./Example/User/lcd.o
 .text.Log_demo
                0x0800874c       0xb0 ./Example/User/log.o
                0x0800874c                Log_demo
 .text.main     0x080087fc       0x88 ./Example/User/main.o
                0x080087fc                main
 .text.SystemClock_Config
                0x08008884       0xa8 ./Example/User/main.o
 .text.Display_DemoDescription
                0x0800892c      0x140 ./Example/User/main.o
 .text.CheckForUserInput
                0x08008a6c       0x28 ./Example/User/main.o
                0x08008a6c                CheckForUserInput
 .text.Toggle_Leds
                0x08008a94       0x30 ./Example/User/main.o
                0x08008a94                Toggle_Leds
 .text.HAL_GPIO_EXTI_Callback
                0x08008ac4       0x28 ./Example/User/main.o
                0x08008ac4                HAL_GPIO_EXTI_Callback
 .text.MEMS_demo
                0x08008aec      0x32c ./Example/User/mems.o
                0x08008aec                MEMS_demo
 .text.MEMS_SetHint
                0x08008e18       0xd8 ./Example/User/mems.o
 .text.Gyroscope_DrawBackground
                0x08008ef0      0x3e0 ./Example/User/mems.o
 .text.NMI_Handler
                0x080092d0        0xe ./Example/User/stm32f4xx_it.o
                0x080092d0                NMI_Handler
 .text.HardFault_Handler
                0x080092de        0x8 ./Example/User/stm32f4xx_it.o
                0x080092de                HardFault_Handler
 .text.MemManage_Handler
                0x080092e6        0x8 ./Example/User/stm32f4xx_it.o
                0x080092e6                MemManage_Handler
 .text.BusFault_Handler
                0x080092ee        0x8 ./Example/User/stm32f4xx_it.o
                0x080092ee                BusFault_Handler
 .text.UsageFault_Handler
                0x080092f6        0x8 ./Example/User/stm32f4xx_it.o
                0x080092f6                UsageFault_Handler
 .text.SVC_Handler
                0x080092fe        0xe ./Example/User/stm32f4xx_it.o
                0x080092fe                SVC_Handler
 .text.DebugMon_Handler
                0x0800930c        0xe ./Example/User/stm32f4xx_it.o
                0x0800930c                DebugMon_Handler
 .text.PendSV_Handler
                0x0800931a        0xe ./Example/User/stm32f4xx_it.o
                0x0800931a                PendSV_Handler
 .text.SysTick_Handler
                0x08009328       0x10 ./Example/User/stm32f4xx_it.o
                0x08009328                SysTick_Handler
 .text.EXTI0_IRQHandler
                0x08009338        0xe ./Example/User/stm32f4xx_it.o
                0x08009338                EXTI0_IRQHandler
 .text._read    0x08009346       0x3a ./Example/User/syscalls.o
                0x08009346                _read
 .text._write   0x08009380       0x38 ./Example/User/syscalls.o
                0x08009380                _write
 .text._close   0x080093b8       0x18 ./Example/User/syscalls.o
                0x080093b8                _close
 .text._fstat   0x080093d0       0x20 ./Example/User/syscalls.o
                0x080093d0                _fstat
 .text._isatty  0x080093f0       0x16 ./Example/User/syscalls.o
                0x080093f0                _isatty
 .text._lseek   0x08009406       0x1a ./Example/User/syscalls.o
                0x08009406                _lseek
 .text._sbrk    0x08009420       0x6c ./Example/User/sysmem.o
                0x08009420                _sbrk
 .text.Touchscreen_demo
                0x0800948c      0x308 ./Example/User/touchscreen.o
                0x0800948c                Touchscreen_demo
 .text.Touchscreen_SetHint
                0x08009794       0xd8 ./Example/User/touchscreen.o
 .text.Touchscreen_DrawBackground
                0x0800986c      0x344 ./Example/User/touchscreen.o
 .text.Touchscreen_Calibration
                0x08009bb0      0x1f4 ./Example/User/ts_calibration.o
                0x08009bb0                Touchscreen_Calibration
 .text.TouchscreenCalibration_SetHint
                0x08009da4       0x80 ./Example/User/ts_calibration.o
 .text.GetPhysValues
                0x08009e24       0x80 ./Example/User/ts_calibration.o
 .text.WaitForPressedState
                0x08009ea4       0x64 ./Example/User/ts_calibration.o
 .text.Calibration_GetX
                0x08009f08       0x48 ./Example/User/ts_calibration.o
                0x08009f08                Calibration_GetX
 .text.Calibration_GetY
                0x08009f50       0x48 ./Example/User/ts_calibration.o
                0x08009f50                Calibration_GetY
 .text.IsCalibrationDone
                0x08009f98       0x18 ./Example/User/ts_calibration.o
                0x08009f98                IsCalibrationDone
 .text.LCD_LOG_Init
                0x08009fb0       0x14 ./Example/Utilities/lcd_log.o
                0x08009fb0                LCD_LOG_Init
 .text.LCD_LOG_DeInit
                0x08009fc4       0x80 ./Example/Utilities/lcd_log.o
                0x08009fc4                LCD_LOG_DeInit
 .text.LCD_LOG_SetHeader
                0x0800a044       0x78 ./Example/Utilities/lcd_log.o
                0x0800a044                LCD_LOG_SetHeader
 .text.LCD_LOG_SetFooter
                0x0800a0bc       0x90 ./Example/Utilities/lcd_log.o
                0x0800a0bc                LCD_LOG_SetFooter
 .text.LCD_LOG_ClearTextZone
                0x0800a14c       0x32 ./Example/Utilities/lcd_log.o
                0x0800a14c                LCD_LOG_ClearTextZone
 *fill*         0x0800a17e        0x2 
 .text.__io_putchar
                0x0800a180      0x1c0 ./Example/Utilities/lcd_log.o
                0x0800a180                __io_putchar
 .text.LCD_LOG_UpdateDisplay
                0x0800a340      0x110 ./Example/Utilities/lcd_log.o
                0x0800a340                LCD_LOG_UpdateDisplay
 .text.sprintf  0x0800a450       0x40 /Applications/STM32CubeIDE.app/Contents/Eclipse/plugins/com.st.stm32cube.ide.mcu.externaltools.gnu-tools-for-stm32.12.3.rel1.macos64_1.0.100.202403111906/tools/bin/../lib/gcc/arm-none-eabi/12.3.1/../../../../arm-none-eabi/lib/thumb/v7e-m+fp/hard/libc_nano.a(libc_a-sprintf.o)
                0x0800a450                sprintf
                0x0800a450                siprintf
 .text.std      0x0800a490       0x6c /Applications/STM32CubeIDE.app/Contents/Eclipse/plugins/com.st.stm32cube.ide.mcu.externaltools.gnu-tools-for-stm32.12.3.rel1.macos64_1.0.100.202403111906/tools/bin/../lib/gcc/arm-none-eabi/12.3.1/../../../../arm-none-eabi/lib/thumb/v7e-m+fp/hard/libc_nano.a(libc_a-findfp.o)
 .text.stdio_exit_handler
                0x0800a4fc       0x18 /Applications/STM32CubeIDE.app/Contents/Eclipse/plugins/com.st.stm32cube.ide.mcu.externaltools.gnu-tools-for-stm32.12.3.rel1.macos64_1.0.100.202403111906/tools/bin/../lib/gcc/arm-none-eabi/12.3.1/../../../../arm-none-eabi/lib/thumb/v7e-m+fp/hard/libc_nano.a(libc_a-findfp.o)
 .text.cleanup_stdio
                0x0800a514       0x40 /Applications/STM32CubeIDE.app/Contents/Eclipse/plugins/com.st.stm32cube.ide.mcu.externaltools.gnu-tools-for-stm32.12.3.rel1.macos64_1.0.100.202403111906/tools/bin/../lib/gcc/arm-none-eabi/12.3.1/../../../../arm-none-eabi/lib/thumb/v7e-m+fp/hard/libc_nano.a(libc_a-findfp.o)
 .text.global_stdio_init.part.0
                0x0800a554       0x3c /Applications/STM32CubeIDE.app/Contents/Eclipse/plugins/com.st.stm32cube.ide.mcu.externaltools.gnu-tools-for-stm32.12.3.rel1.macos64_1.0.100.202403111906/tools/bin/../lib/gcc/arm-none-eabi/12.3.1/../../../../arm-none-eabi/lib/thumb/v7e-m+fp/hard/libc_nano.a(libc_a-findfp.o)
 .text.__sfp_lock_acquire
                0x0800a590        0xc /Applications/STM32CubeIDE.app/Contents/Eclipse/plugins/com.st.stm32cube.ide.mcu.externaltools.gnu-tools-for-stm32.12.3.rel1.macos64_1.0.100.202403111906/tools/bin/../lib/gcc/arm-none-eabi/12.3.1/../../../../arm-none-eabi/lib/thumb/v7e-m+fp/hard/libc_nano.a(libc_a-findfp.o)
                0x0800a590                __sfp_lock_acquire
 .text.__sfp_lock_release
                0x0800a59c        0xc /Applications/STM32CubeIDE.app/Contents/Eclipse/plugins/com.st.stm32cube.ide.mcu.externaltools.gnu-tools-for-stm32.12.3.rel1.macos64_1.0.100.202403111906/tools/bin/../lib/gcc/arm-none-eabi/12.3.1/../../../../arm-none-eabi/lib/thumb/v7e-m+fp/hard/libc_nano.a(libc_a-findfp.o)
                0x0800a59c                __sfp_lock_release
 .text.__sinit  0x0800a5a8       0x30 /Applications/STM32CubeIDE.app/Contents/Eclipse/plugins/com.st.stm32cube.ide.mcu.externaltools.gnu-tools-for-stm32.12.3.rel1.macos64_1.0.100.202403111906/tools/bin/../lib/gcc/arm-none-eabi/12.3.1/../../../../arm-none-eabi/lib/thumb/v7e-m+fp/hard/libc_nano.a(libc_a-findfp.o)
                0x0800a5a8                __sinit
 .text._fwalk_sglue
                0x0800a5d8       0x3c /Applications/STM32CubeIDE.app/Contents/Eclipse/plugins/com.st.stm32cube.ide.mcu.externaltools.gnu-tools-for-stm32.12.3.rel1.macos64_1.0.100.202403111906/tools/bin/../lib/gcc/arm-none-eabi/12.3.1/../../../../arm-none-eabi/lib/thumb/v7e-m+fp/hard/libc_nano.a(libc_a-fwalk.o)
                0x0800a5d8                _fwalk_sglue
 .text.printf   0x0800a614       0x24 /Applications/STM32CubeIDE.app/Contents/Eclipse/plugins/com.st.stm32cube.ide.mcu.externaltools.gnu-tools-for-stm32.12.3.rel1.macos64_1.0.100.202403111906/tools/bin/../lib/gcc/arm-none-eabi/12.3.1/../../../../arm-none-eabi/lib/thumb/v7e-m+fp/hard/libc_nano.a(libc_a-printf.o)
                0x0800a614                printf
                0x0800a614                iprintf
 .text.memset   0x0800a638       0x10 /Applications/STM32CubeIDE.app/Contents/Eclipse/plugins/com.st.stm32cube.ide.mcu.externaltools.gnu-tools-for-stm32.12.3.rel1.macos64_1.0.100.202403111906/tools/bin/../lib/gcc/arm-none-eabi/12.3.1/../../../../arm-none-eabi/lib/thumb/v7e-m+fp/hard/libc_nano.a(libc_a-memset.o)
                0x0800a638                memset
 .text.__errno  0x0800a648        0xc /Applications/STM32CubeIDE.app/Contents/Eclipse/plugins/com.st.stm32cube.ide.mcu.externaltools.gnu-tools-for-stm32.12.3.rel1.macos64_1.0.100.202403111906/tools/bin/../lib/gcc/arm-none-eabi/12.3.1/../../../../arm-none-eabi/lib/thumb/v7e-m+fp/hard/libc_nano.a(libc_a-errno.o)
                0x0800a648                __errno
 .text.__libc_init_array
                0x0800a654       0x48 /Applications/STM32CubeIDE.app/Contents/Eclipse/plugins/com.st.stm32cube.ide.mcu.externaltools.gnu-tools-for-stm32.12.3.rel1.macos64_1.0.100.202403111906/tools/bin/../lib/gcc/arm-none-eabi/12.3.1/../../../../arm-none-eabi/lib/thumb/v7e-m+fp/hard/libc_nano.a(libc_a-init.o)
                0x0800a654                __libc_init_array
 .text.__retarget_lock_init_recursive
                0x0800a69c        0x2 /Applications/STM32CubeIDE.app/Contents/Eclipse/plugins/com.st.stm32cube.ide.mcu.externaltools.gnu-tools-for-stm32.12.3.rel1.macos64_1.0.100.202403111906/tools/bin/../lib/gcc/arm-none-eabi/12.3.1/../../../../arm-none-eabi/lib/thumb/v7e-m+fp/hard/libc_nano.a(libc_a-lock.o)
                0x0800a69c                __retarget_lock_init_recursive
 .text.__retarget_lock_acquire_recursive
                0x0800a69e        0x2 /Applications/STM32CubeIDE.app/Contents/Eclipse/plugins/com.st.stm32cube.ide.mcu.externaltools.gnu-tools-for-stm32.12.3.rel1.macos64_1.0.100.202403111906/tools/bin/../lib/gcc/arm-none-eabi/12.3.1/../../../../arm-none-eabi/lib/thumb/v7e-m+fp/hard/libc_nano.a(libc_a-lock.o)
                0x0800a69e                __retarget_lock_acquire_recursive
 .text.__retarget_lock_release_recursive
                0x0800a6a0        0x2 /Applications/STM32CubeIDE.app/Contents/Eclipse/plugins/com.st.stm32cube.ide.mcu.externaltools.gnu-tools-for-stm32.12.3.rel1.macos64_1.0.100.202403111906/tools/bin/../lib/gcc/arm-none-eabi/12.3.1/../../../../arm-none-eabi/lib/thumb/v7e-m+fp/hard/libc_nano.a(libc_a-lock.o)
                0x0800a6a0                __retarget_lock_release_recursive
 .text.__ssputs_r
                0x0800a6a2       0xb6 /Applications/STM32CubeIDE.app/Contents/Eclipse/plugins/com.st.stm32cube.ide.mcu.externaltools.gnu-tools-for-stm32.12.3.rel1.macos64_1.0.100.202403111906/tools/bin/../lib/gcc/arm-none-eabi/12.3.1/../../../../arm-none-eabi/lib/thumb/v7e-m+fp/hard/libc_nano.a(libc_a-nano-svfprintf.o)
                0x0800a6a2                __ssputs_r
 .text._svfprintf_r
                0x0800a758      0x1f8 /Applications/STM32CubeIDE.app/Contents/Eclipse/plugins/com.st.stm32cube.ide.mcu.externaltools.gnu-tools-for-stm32.12.3.rel1.macos64_1.0.100.202403111906/tools/bin/../lib/gcc/arm-none-eabi/12.3.1/../../../../arm-none-eabi/lib/thumb/v7e-m+fp/hard/libc_nano.a(libc_a-nano-svfprintf.o)
                0x0800a758                _svfprintf_r
                0x0800a758                _svfiprintf_r
 .text.__sfputc_r
                0x0800a950       0x2e /Applications/STM32CubeIDE.app/Contents/Eclipse/plugins/com.st.stm32cube.ide.mcu.externaltools.gnu-tools-for-stm32.12.3.rel1.macos64_1.0.100.202403111906/tools/bin/../lib/gcc/arm-none-eabi/12.3.1/../../../../arm-none-eabi/lib/thumb/v7e-m+fp/hard/libc_nano.a(libc_a-nano-vfprintf.o)
 .text.__sfputs_r
                0x0800a97e       0x24 /Applications/STM32CubeIDE.app/Contents/Eclipse/plugins/com.st.stm32cube.ide.mcu.externaltools.gnu-tools-for-stm32.12.3.rel1.macos64_1.0.100.202403111906/tools/bin/../lib/gcc/arm-none-eabi/12.3.1/../../../../arm-none-eabi/lib/thumb/v7e-m+fp/hard/libc_nano.a(libc_a-nano-vfprintf.o)
                0x0800a97e                __sfputs_r
 *fill*         0x0800a9a2        0x2 
 .text._vfprintf_r
                0x0800a9a4      0x230 /Applications/STM32CubeIDE.app/Contents/Eclipse/plugins/com.st.stm32cube.ide.mcu.externaltools.gnu-tools-for-stm32.12.3.rel1.macos64_1.0.100.202403111906/tools/bin/../lib/gcc/arm-none-eabi/12.3.1/../../../../arm-none-eabi/lib/thumb/v7e-m+fp/hard/libc_nano.a(libc_a-nano-vfprintf.o)
                0x0800a9a4                _vfiprintf_r
                0x0800a9a4                _vfprintf_r
 .text.sbrk_aligned
                0x0800abd4       0x44 /Applications/STM32CubeIDE.app/Contents/Eclipse/plugins/com.st.stm32cube.ide.mcu.externaltools.gnu-tools-for-stm32.12.3.rel1.macos64_1.0.100.202403111906/tools/bin/../lib/gcc/arm-none-eabi/12.3.1/../../../../arm-none-eabi/lib/thumb/v7e-m+fp/hard/libc_nano.a(libc_a-mallocr.o)
 .text._malloc_r
                0x0800ac18      0x100 /Applications/STM32CubeIDE.app/Contents/Eclipse/plugins/com.st.stm32cube.ide.mcu.externaltools.gnu-tools-for-stm32.12.3.rel1.macos64_1.0.100.202403111906/tools/bin/../lib/gcc/arm-none-eabi/12.3.1/../../../../arm-none-eabi/lib/thumb/v7e-m+fp/hard/libc_nano.a(libc_a-mallocr.o)
                0x0800ac18                _malloc_r
 .text._printf_common
                0x0800ad18       0xda /Applications/STM32CubeIDE.app/Contents/Eclipse/plugins/com.st.stm32cube.ide.mcu.externaltools.gnu-tools-for-stm32.12.3.rel1.macos64_1.0.100.202403111906/tools/bin/../lib/gcc/arm-none-eabi/12.3.1/../../../../arm-none-eabi/lib/thumb/v7e-m+fp/hard/libc_nano.a(libc_a-nano-vfprintf_i.o)
                0x0800ad18                _printf_common
 *fill*         0x0800adf2        0x2 
 .text._printf_i
                0x0800adf4      0x240 /Applications/STM32CubeIDE.app/Contents/Eclipse/plugins/com.st.stm32cube.ide.mcu.externaltools.gnu-tools-for-stm32.12.3.rel1.macos64_1.0.100.202403111906/tools/bin/../lib/gcc/arm-none-eabi/12.3.1/../../../../arm-none-eabi/lib/thumb/v7e-m+fp/hard/libc_nano.a(libc_a-nano-vfprintf_i.o)
                0x0800adf4                _printf_i
 .text.__sflush_r
                0x0800b034      0x108 /Applications/STM32CubeIDE.app/Contents/Eclipse/plugins/com.st.stm32cube.ide.mcu.externaltools.gnu-tools-for-stm32.12.3.rel1.macos64_1.0.100.202403111906/tools/bin/../lib/gcc/arm-none-eabi/12.3.1/../../../../arm-none-eabi/lib/thumb/v7e-m+fp/hard/libc_nano.a(libc_a-fflush.o)
                0x0800b034                __sflush_r
 .text._fflush_r
                0x0800b13c       0x50 /Applications/STM32CubeIDE.app/Contents/Eclipse/plugins/com.st.stm32cube.ide.mcu.externaltools.gnu-tools-for-stm32.12.3.rel1.macos64_1.0.100.202403111906/tools/bin/../lib/gcc/arm-none-eabi/12.3.1/../../../../arm-none-eabi/lib/thumb/v7e-m+fp/hard/libc_nano.a(libc_a-fflush.o)
                0x0800b13c                _fflush_r
 .text.__malloc_lock
                0x0800b18c        0xc /Applications/STM32CubeIDE.app/Contents/Eclipse/plugins/com.st.stm32cube.ide.mcu.externaltools.gnu-tools-for-stm32.12.3.rel1.macos64_1.0.100.202403111906/tools/bin/../lib/gcc/arm-none-eabi/12.3.1/../../../../arm-none-eabi/lib/thumb/v7e-m+fp/hard/libc_nano.a(libc_a-mlock.o)
                0x0800b18c                __malloc_lock
 .text.__malloc_unlock
                0x0800b198        0xc /Applications/STM32CubeIDE.app/Contents/Eclipse/plugins/com.st.stm32cube.ide.mcu.externaltools.gnu-tools-for-stm32.12.3.rel1.macos64_1.0.100.202403111906/tools/bin/../lib/gcc/arm-none-eabi/12.3.1/../../../../arm-none-eabi/lib/thumb/v7e-m+fp/hard/libc_nano.a(libc_a-mlock.o)
                0x0800b198                __malloc_unlock
 .text.__sread  0x0800b1a4       0x22 /Applications/STM32CubeIDE.app/Contents/Eclipse/plugins/com.st.stm32cube.ide.mcu.externaltools.gnu-tools-for-stm32.12.3.rel1.macos64_1.0.100.202403111906/tools/bin/../lib/gcc/arm-none-eabi/12.3.1/../../../../arm-none-eabi/lib/thumb/v7e-m+fp/hard/libc_nano.a(libc_a-stdio.o)
                0x0800b1a4                __sread
 .text.__swrite
                0x0800b1c6       0x38 /Applications/STM32CubeIDE.app/Contents/Eclipse/plugins/com.st.stm32cube.ide.mcu.externaltools.gnu-tools-for-stm32.12.3.rel1.macos64_1.0.100.202403111906/tools/bin/../lib/gcc/arm-none-eabi/12.3.1/../../../../arm-none-eabi/lib/thumb/v7e-m+fp/hard/libc_nano.a(libc_a-stdio.o)
                0x0800b1c6                __swrite
 .text.__sseek  0x0800b1fe       0x24 /Applications/STM32CubeIDE.app/Contents/Eclipse/plugins/com.st.stm32cube.ide.mcu.externaltools.gnu-tools-for-stm32.12.3.rel1.macos64_1.0.100.202403111906/tools/bin/../lib/gcc/arm-none-eabi/12.3.1/../../../../arm-none-eabi/lib/thumb/v7e-m+fp/hard/libc_nano.a(libc_a-stdio.o)
                0x0800b1fe                __sseek
 .text.__sclose
                0x0800b222        0x8 /Applications/STM32CubeIDE.app/Contents/Eclipse/plugins/com.st.stm32cube.ide.mcu.externaltools.gnu-tools-for-stm32.12.3.rel1.macos64_1.0.100.202403111906/tools/bin/../lib/gcc/arm-none-eabi/12.3.1/../../../../arm-none-eabi/lib/thumb/v7e-m+fp/hard/libc_nano.a(libc_a-stdio.o)
                0x0800b222                __sclose
 .text._realloc_r
                0x0800b22a       0x5c /Applications/STM32CubeIDE.app/Contents/Eclipse/plugins/com.st.stm32cube.ide.mcu.externaltools.gnu-tools-for-stm32.12.3.rel1.macos64_1.0.100.202403111906/tools/bin/../lib/gcc/arm-none-eabi/12.3.1/../../../../arm-none-eabi/lib/thumb/v7e-m+fp/hard/libc_nano.a(libc_a-reallocr.o)
                0x0800b22a                _realloc_r
 .text.__swbuf_r
                0x0800b286       0x7c /Applications/STM32CubeIDE.app/Contents/Eclipse/plugins/com.st.stm32cube.ide.mcu.externaltools.gnu-tools-for-stm32.12.3.rel1.macos64_1.0.100.202403111906/tools/bin/../lib/gcc/arm-none-eabi/12.3.1/../../../../arm-none-eabi/lib/thumb/v7e-m+fp/hard/libc_nano.a(libc_a-wbuf.o)
                0x0800b286                __swbuf_r
 *fill*         0x0800b302        0x2 
 .text.__swsetup_r
                0x0800b304       0xac /Applications/STM32CubeIDE.app/Contents/Eclipse/plugins/com.st.stm32cube.ide.mcu.externaltools.gnu-tools-for-stm32.12.3.rel1.macos64_1.0.100.202403111906/tools/bin/../lib/gcc/arm-none-eabi/12.3.1/../../../../arm-none-eabi/lib/thumb/v7e-m+fp/hard/libc_nano.a(libc_a-wsetup.o)
                0x0800b304                __swsetup_r
 .text.__swhatbuf_r
                0x0800b3b0       0x4c /Applications/STM32CubeIDE.app/Contents/Eclipse/plugins/com.st.stm32cube.ide.mcu.externaltools.gnu-tools-for-stm32.12.3.rel1.macos64_1.0.100.202403111906/tools/bin/../lib/gcc/arm-none-eabi/12.3.1/../../../../arm-none-eabi/lib/thumb/v7e-m+fp/hard/libc_nano.a(libc_a-makebuf.o)
                0x0800b3b0                __swhatbuf_r
 .text.__smakebuf_r
                0x0800b3fc       0x78 /Applications/STM32CubeIDE.app/Contents/Eclipse/plugins/com.st.stm32cube.ide.mcu.externaltools.gnu-tools-for-stm32.12.3.rel1.macos64_1.0.100.202403111906/tools/bin/../lib/gcc/arm-none-eabi/12.3.1/../../../../arm-none-eabi/lib/thumb/v7e-m+fp/hard/libc_nano.a(libc_a-makebuf.o)
                0x0800b3fc                __smakebuf_r
 .text.memmove  0x0800b474       0x34 /Applications/STM32CubeIDE.app/Contents/Eclipse/plugins/com.st.stm32cube.ide.mcu.externaltools.gnu-tools-for-stm32.12.3.rel1.macos64_1.0.100.202403111906/tools/bin/../lib/gcc/arm-none-eabi/12.3.1/../../../../arm-none-eabi/lib/thumb/v7e-m+fp/hard/libc_nano.a(libc_a-memmove.o)
                0x0800b474                memmove
 .text._close_r
                0x0800b4a8       0x20 /Applications/STM32CubeIDE.app/Contents/Eclipse/plugins/com.st.stm32cube.ide.mcu.externaltools.gnu-tools-for-stm32.12.3.rel1.macos64_1.0.100.202403111906/tools/bin/../lib/gcc/arm-none-eabi/12.3.1/../../../../arm-none-eabi/lib/thumb/v7e-m+fp/hard/libc_nano.a(libc_a-closer.o)
                0x0800b4a8                _close_r
 .text._fstat_r
                0x0800b4c8       0x24 /Applications/STM32CubeIDE.app/Contents/Eclipse/plugins/com.st.stm32cube.ide.mcu.externaltools.gnu-tools-for-stm32.12.3.rel1.macos64_1.0.100.202403111906/tools/bin/../lib/gcc/arm-none-eabi/12.3.1/../../../../arm-none-eabi/lib/thumb/v7e-m+fp/hard/libc_nano.a(libc_a-fstatr.o)
                0x0800b4c8                _fstat_r
 .text._isatty_r
                0x0800b4ec       0x20 /Applications/STM32CubeIDE.app/Contents/Eclipse/plugins/com.st.stm32cube.ide.mcu.externaltools.gnu-tools-for-stm32.12.3.rel1.macos64_1.0.100.202403111906/tools/bin/../lib/gcc/arm-none-eabi/12.3.1/../../../../arm-none-eabi/lib/thumb/v7e-m+fp/hard/libc_nano.a(libc_a-isattyr.o)
                0x0800b4ec                _isatty_r
 .text._lseek_r
                0x0800b50c       0x24 /Applications/STM32CubeIDE.app/Contents/Eclipse/plugins/com.st.stm32cube.ide.mcu.externaltools.gnu-tools-for-stm32.12.3.rel1.macos64_1.0.100.202403111906/tools/bin/../lib/gcc/arm-none-eabi/12.3.1/../../../../arm-none-eabi/lib/thumb/v7e-m+fp/hard/libc_nano.a(libc_a-lseekr.o)
                0x0800b50c                _lseek_r
 .text._read_r  0x0800b530       0x24 /Applications/STM32CubeIDE.app/Contents/Eclipse/plugins/com.st.stm32cube.ide.mcu.externaltools.gnu-tools-for-stm32.12.3.rel1.macos64_1.0.100.202403111906/tools/bin/../lib/gcc/arm-none-eabi/12.3.1/../../../../arm-none-eabi/lib/thumb/v7e-m+fp/hard/libc_nano.a(libc_a-readr.o)
                0x0800b530                _read_r
 .text._sbrk_r  0x0800b554       0x20 /Applications/STM32CubeIDE.app/Contents/Eclipse/plugins/com.st.stm32cube.ide.mcu.externaltools.gnu-tools-for-stm32.12.3.rel1.macos64_1.0.100.202403111906/tools/bin/../lib/gcc/arm-none-eabi/12.3.1/../../../../arm-none-eabi/lib/thumb/v7e-m+fp/hard/libc_nano.a(libc_a-sbrkr.o)
                0x0800b554                _sbrk_r
 .text._write_r
                0x0800b574       0x24 /Applications/STM32CubeIDE.app/Contents/Eclipse/plugins/com.st.stm32cube.ide.mcu.externaltools.gnu-tools-for-stm32.12.3.rel1.macos64_1.0.100.202403111906/tools/bin/../lib/gcc/arm-none-eabi/12.3.1/../../../../arm-none-eabi/lib/thumb/v7e-m+fp/hard/libc_nano.a(libc_a-writer.o)
                0x0800b574                _write_r
 .text.memcpy   0x0800b598       0x1c /Applications/STM32CubeIDE.app/Contents/Eclipse/plugins/com.st.stm32cube.ide.mcu.externaltools.gnu-tools-for-stm32.12.3.rel1.macos64_1.0.100.202403111906/tools/bin/../lib/gcc/arm-none-eabi/12.3.1/../../../../arm-none-eabi/lib/thumb/v7e-m+fp/hard/libc_nano.a(libc_a-memcpy-stub.o)
                0x0800b598                memcpy
 .text._free_r  0x0800b5b4       0x94 /Applications/STM32CubeIDE.app/Contents/Eclipse/plugins/com.st.stm32cube.ide.mcu.externaltools.gnu-tools-for-stm32.12.3.rel1.macos64_1.0.100.202403111906/tools/bin/../lib/gcc/arm-none-eabi/12.3.1/../../../../arm-none-eabi/lib/thumb/v7e-m+fp/hard/libc_nano.a(libc_a-freer.o)
                0x0800b5b4                _free_r
 .text._malloc_usable_size_r
                0x0800b648       0x10 /Applications/STM32CubeIDE.app/Contents/Eclipse/plugins/com.st.stm32cube.ide.mcu.externaltools.gnu-tools-for-stm32.12.3.rel1.macos64_1.0.100.202403111906/tools/bin/../lib/gcc/arm-none-eabi/12.3.1/../../../../arm-none-eabi/lib/thumb/v7e-m+fp/hard/libc_nano.a(libc_a-msizer.o)
                0x0800b648                _malloc_usable_size_r
 *(.glue_7)
 .glue_7        0x0800b658        0x0 linker stubs
 *(.glue_7t)
 .glue_7t       0x0800b658        0x0 linker stubs
 *(.eh_frame)
 .eh_frame      0x0800b658        0x0 /Applications/STM32CubeIDE.app/Contents/Eclipse/plugins/com.st.stm32cube.ide.mcu.externaltools.gnu-tools-for-stm32.12.3.rel1.macos64_1.0.100.202403111906/tools/bin/../lib/gcc/arm-none-eabi/12.3.1/thumb/v7e-m+fp/hard/crtbegin.o
 *(.init)
 .init          0x0800b658        0x4 /Applications/STM32CubeIDE.app/Contents/Eclipse/plugins/com.st.stm32cube.ide.mcu.externaltools.gnu-tools-for-stm32.12.3.rel1.macos64_1.0.100.202403111906/tools/bin/../lib/gcc/arm-none-eabi/12.3.1/thumb/v7e-m+fp/hard/crti.o
                0x0800b658                _init
 .init          0x0800b65c        0x8 /Applications/STM32CubeIDE.app/Contents/Eclipse/plugins/com.st.stm32cube.ide.mcu.externaltools.gnu-tools-for-stm32.12.3.rel1.macos64_1.0.100.202403111906/tools/bin/../lib/gcc/arm-none-eabi/12.3.1/thumb/v7e-m+fp/hard/crtn.o
 *(.fini)
 .fini          0x0800b664        0x4 /Applications/STM32CubeIDE.app/Contents/Eclipse/plugins/com.st.stm32cube.ide.mcu.externaltools.gnu-tools-for-stm32.12.3.rel1.macos64_1.0.100.202403111906/tools/bin/../lib/gcc/arm-none-eabi/12.3.1/thumb/v7e-m+fp/hard/crti.o
                0x0800b664                _fini
 .fini          0x0800b668        0x8 /Applications/STM32CubeIDE.app/Contents/Eclipse/plugins/com.st.stm32cube.ide.mcu.externaltools.gnu-tools-for-stm32.12.3.rel1.macos64_1.0.100.202403111906/tools/bin/../lib/gcc/arm-none-eabi/12.3.1/thumb/v7e-m+fp/hard/crtn.o
                0x0800b670                        . = ALIGN (0x4)
                0x0800b670                        _etext = .

.vfp11_veneer   0x0800b670        0x0
 .vfp11_veneer  0x0800b670        0x0 linker stubs

.v4_bx          0x0800b670        0x0
 .v4_bx         0x0800b670        0x0 linker stubs

.iplt           0x0800b670        0x0
 .iplt          0x0800b670        0x0 /Applications/STM32CubeIDE.app/Contents/Eclipse/plugins/com.st.stm32cube.ide.mcu.externaltools.gnu-tools-for-stm32.12.3.rel1.macos64_1.0.100.202403111906/tools/bin/../lib/gcc/arm-none-eabi/12.3.1/thumb/v7e-m+fp/hard/crtbegin.o

.rodata         0x0800b670     0x6424
                0x0800b670                        . = ALIGN (0x4)
 *(.rodata)
 .rodata        0x0800b670       0xc8 ./Example/User/lcd.o
 .rodata        0x0800b738       0x3a ./Example/User/log.o
 *fill*         0x0800b772        0x2 
 .rodata        0x0800b774       0x73 ./Example/User/main.o
 *fill*         0x0800b7e7        0x1 
 .rodata        0x0800b7e8       0x8f ./Example/User/mems.o
 *fill*         0x0800b877        0x1 
 .rodata        0x0800b878       0x89 ./Example/User/touchscreen.o
 *fill*         0x0800b901        0x3 
 .rodata        0x0800b904       0x83 ./Example/User/ts_calibration.o
 *(.rodata*)
 *fill*         0x0800b987        0x1 
 .rodata.GPIO_PIN
                0x0800b988        0x4 ./Drivers/BSP/STM32F429I-Discovery/stm32f429i_discovery.o
                0x0800b988                GPIO_PIN
 .rodata.Font24_Table
                0x0800b98c     0x1ab8 ./Drivers/BSP/STM32F429I-Discovery/stm32f429i_discovery_lcd.o
                0x0800b98c                Font24_Table
 .rodata.Font20_Table
                0x0800d444      0xed8 ./Drivers/BSP/STM32F429I-Discovery/stm32f429i_discovery_lcd.o
                0x0800d444                Font20_Table
 .rodata.Font16_Table
                0x0800e31c      0xbe0 ./Drivers/BSP/STM32F429I-Discovery/stm32f429i_discovery_lcd.o
                0x0800e31c                Font16_Table
 .rodata.Font12_Table
                0x0800eefc      0x474 ./Drivers/BSP/STM32F429I-Discovery/stm32f429i_discovery_lcd.o
                0x0800eefc                Font12_Table
 .rodata.Font8_Table
                0x0800f370      0x2f8 ./Drivers/BSP/STM32F429I-Discovery/stm32f429i_discovery_lcd.o
                0x0800f370                Font8_Table
 .rodata.AHBPrescTable
                0x0800f668       0x10 ./Drivers/CMSIS/system_stm32f4xx.o
                0x0800f668                AHBPrescTable
 .rodata.APBPrescTable
                0x0800f678        0x8 ./Drivers/CMSIS/system_stm32f4xx.o
                0x0800f678                APBPrescTable
 .rodata.flagBitshiftOffset.0
                0x0800f680        0x8 ./Drivers/STM32F4xx_HAL_Driver/stm32f4xx_hal_dma.o
 .rodata.stlogo
                0x0800f688     0x23d6 ./Example/User/main.o
                0x0800f688                stlogo
 .rodata._svfprintf_r.str1.1
                0x08011a5e       0x11 /Applications/STM32CubeIDE.app/Contents/Eclipse/plugins/com.st.stm32cube.ide.mcu.externaltools.gnu-tools-for-stm32.12.3.rel1.macos64_1.0.100.202403111906/tools/bin/../lib/gcc/arm-none-eabi/12.3.1/../../../../arm-none-eabi/lib/thumb/v7e-m+fp/hard/libc_nano.a(libc_a-nano-svfprintf.o)
 .rodata._vfprintf_r.str1.1
                0x08011a6f       0x11 /Applications/STM32CubeIDE.app/Contents/Eclipse/plugins/com.st.stm32cube.ide.mcu.externaltools.gnu-tools-for-stm32.12.3.rel1.macos64_1.0.100.202403111906/tools/bin/../lib/gcc/arm-none-eabi/12.3.1/../../../../arm-none-eabi/lib/thumb/v7e-m+fp/hard/libc_nano.a(libc_a-nano-vfprintf.o)
 .rodata._printf_i.str1.1
                0x08011a6f       0x22 /Applications/STM32CubeIDE.app/Contents/Eclipse/plugins/com.st.stm32cube.ide.mcu.externaltools.gnu-tools-for-stm32.12.3.rel1.macos64_1.0.100.202403111906/tools/bin/../lib/gcc/arm-none-eabi/12.3.1/../../../../arm-none-eabi/lib/thumb/v7e-m+fp/hard/libc_nano.a(libc_a-nano-vfprintf_i.o)
                0x08011a94                        . = ALIGN (0x4)
 *fill*         0x08011a91        0x3 

.ARM.extab      0x08011a94        0x0
                0x08011a94                        . = ALIGN (0x4)
 *(.ARM.extab* .gnu.linkonce.armextab.*)
                0x08011a94                        . = ALIGN (0x4)

.ARM            0x08011a94        0x8
                0x08011a94                        . = ALIGN (0x4)
                0x08011a94                        __exidx_start = .
 *(.ARM.exidx*)
 .ARM.exidx     0x08011a94        0x8 /Applications/STM32CubeIDE.app/Contents/Eclipse/plugins/com.st.stm32cube.ide.mcu.externaltools.gnu-tools-for-stm32.12.3.rel1.macos64_1.0.100.202403111906/tools/bin/../lib/gcc/arm-none-eabi/12.3.1/../../../../arm-none-eabi/lib/thumb/v7e-m+fp/hard/libc_nano.a(libc_a-memchr.o)
 .ARM.exidx     0x08011a9c        0x0 /Applications/STM32CubeIDE.app/Contents/Eclipse/plugins/com.st.stm32cube.ide.mcu.externaltools.gnu-tools-for-stm32.12.3.rel1.macos64_1.0.100.202403111906/tools/bin/../lib/gcc/arm-none-eabi/12.3.1/thumb/v7e-m+fp/hard/libgcc.a(_udivmoddi4.o)
                                  0x8 (size before relaxing)
                0x08011a9c                        __exidx_end = .
                0x08011a9c                        . = ALIGN (0x4)

.rel.dyn        0x08011a9c        0x0
 .rel.iplt      0x08011a9c        0x0 /Applications/STM32CubeIDE.app/Contents/Eclipse/plugins/com.st.stm32cube.ide.mcu.externaltools.gnu-tools-for-stm32.12.3.rel1.macos64_1.0.100.202403111906/tools/bin/../lib/gcc/arm-none-eabi/12.3.1/thumb/v7e-m+fp/hard/crtbegin.o

.preinit_array  0x08011a9c        0x0
                0x08011a9c                        . = ALIGN (0x4)
                0x08011a9c                        PROVIDE (__preinit_array_start = .)
 *(.preinit_array*)
                0x08011a9c                        PROVIDE (__preinit_array_end = .)
                0x08011a9c                        . = ALIGN (0x4)

.init_array     0x08011a9c        0x4
                0x08011a9c                        . = ALIGN (0x4)
                0x08011a9c                        PROVIDE (__init_array_start = .)
 *(SORT_BY_NAME(.init_array.*))
 *(.init_array*)
 .init_array    0x08011a9c        0x4 /Applications/STM32CubeIDE.app/Contents/Eclipse/plugins/com.st.stm32cube.ide.mcu.externaltools.gnu-tools-for-stm32.12.3.rel1.macos64_1.0.100.202403111906/tools/bin/../lib/gcc/arm-none-eabi/12.3.1/thumb/v7e-m+fp/hard/crtbegin.o
                0x08011aa0                        PROVIDE (__init_array_end = .)
                0x08011aa0                        . = ALIGN (0x4)

.fini_array     0x08011aa0        0x4
                0x08011aa0                        . = ALIGN (0x4)
                [!provide]                        PROVIDE (__fini_array_start = .)
 *(SORT_BY_NAME(.fini_array.*))
 *(.fini_array*)
 .fini_array    0x08011aa0        0x4 /Applications/STM32CubeIDE.app/Contents/Eclipse/plugins/com.st.stm32cube.ide.mcu.externaltools.gnu-tools-for-stm32.12.3.rel1.macos64_1.0.100.202403111906/tools/bin/../lib/gcc/arm-none-eabi/12.3.1/thumb/v7e-m+fp/hard/crtbegin.o
                [!provide]                        PROVIDE (__fini_array_end = .)
                0x08011aa4                        . = ALIGN (0x4)
                0x08011aa4                        _sidata = LOADADDR (.data)

.data           0x20000000      0x22c load address 0x08011aa4
                0x20000000                        . = ALIGN (0x4)
                0x20000000                        _sdata = .
 *(.data)
 *(.data*)
 .data.ili9341_drv
                0x20000000       0x38 ./Drivers/BSP/Components/ili9341.o
                0x20000000                ili9341_drv
 .data.L3gd20Drv
                0x20000038       0x34 ./Drivers/BSP/Components/l3gd20.o
                0x20000038                L3gd20Drv
 .data.stmpe811_ts_drv
                0x2000006c       0x28 ./Drivers/BSP/Components/stmpe811.o
                0x2000006c                stmpe811_ts_drv
 .data.GPIO_PORT
                0x20000094        0x8 ./Drivers/BSP/STM32F429I-Discovery/stm32f429i_discovery.o
                0x20000094                GPIO_PORT
 .data.BUTTON_PORT
                0x2000009c        0x4 ./Drivers/BSP/STM32F429I-Discovery/stm32f429i_discovery.o
                0x2000009c                BUTTON_PORT
 .data.I2cxTimeout
                0x200000a0        0x4 ./Drivers/BSP/STM32F429I-Discovery/stm32f429i_discovery.o
                0x200000a0                I2cxTimeout
 .data.SpixTimeout
                0x200000a4        0x4 ./Drivers/BSP/STM32F429I-Discovery/stm32f429i_discovery.o
                0x200000a4                SpixTimeout
 .data.Font24   0x200000a8        0x8 ./Drivers/BSP/STM32F429I-Discovery/stm32f429i_discovery_lcd.o
                0x200000a8                Font24
 .data.Font20   0x200000b0        0x8 ./Drivers/BSP/STM32F429I-Discovery/stm32f429i_discovery_lcd.o
                0x200000b0                Font20
 .data.Font16   0x200000b8        0x8 ./Drivers/BSP/STM32F429I-Discovery/stm32f429i_discovery_lcd.o
                0x200000b8                Font16
 .data.Font12   0x200000c0        0x8 ./Drivers/BSP/STM32F429I-Discovery/stm32f429i_discovery_lcd.o
                0x200000c0                Font12
 .data.Font8    0x200000c8        0x8 ./Drivers/BSP/STM32F429I-Discovery/stm32f429i_discovery_lcd.o
                0x200000c8                Font8
 .data.sdramstatus.2
                0x200000d0        0x1 ./Drivers/BSP/STM32F429I-Discovery/stm32f429i_discovery_sdram.o
 *fill*         0x200000d1        0x3 
 .data.SystemCoreClock
                0x200000d4        0x4 ./Drivers/CMSIS/system_stm32f4xx.o
                0x200000d4                SystemCoreClock
 .data.uwTickPrio
                0x200000d8        0x4 ./Drivers/STM32F4xx_HAL_Driver/stm32f4xx_hal.o
                0x200000d8                uwTickPrio
 .data.uwTickFreq
                0x200000dc        0x1 ./Drivers/STM32F4xx_HAL_Driver/stm32f4xx_hal.o
                0x200000dc                uwTickFreq
 *fill*         0x200000dd        0x3 
 .data.BSP_examples
                0x200000e0       0xf0 ./Example/User/main.o
                0x200000e0                BSP_examples
 .data.__sglue  0x200001d0        0xc /Applications/STM32CubeIDE.app/Contents/Eclipse/plugins/com.st.stm32cube.ide.mcu.externaltools.gnu-tools-for-stm32.12.3.rel1.macos64_1.0.100.202403111906/tools/bin/../lib/gcc/arm-none-eabi/12.3.1/../../../../arm-none-eabi/lib/thumb/v7e-m+fp/hard/libc_nano.a(libc_a-findfp.o)
                0x200001d0                __sglue
 .data._impure_ptr
                0x200001dc        0x4 /Applications/STM32CubeIDE.app/Contents/Eclipse/plugins/com.st.stm32cube.ide.mcu.externaltools.gnu-tools-for-stm32.12.3.rel1.macos64_1.0.100.202403111906/tools/bin/../lib/gcc/arm-none-eabi/12.3.1/../../../../arm-none-eabi/lib/thumb/v7e-m+fp/hard/libc_nano.a(libc_a-impure.o)
                0x200001dc                _impure_ptr
 .data._impure_data
                0x200001e0       0x4c /Applications/STM32CubeIDE.app/Contents/Eclipse/plugins/com.st.stm32cube.ide.mcu.externaltools.gnu-tools-for-stm32.12.3.rel1.macos64_1.0.100.202403111906/tools/bin/../lib/gcc/arm-none-eabi/12.3.1/../../../../arm-none-eabi/lib/thumb/v7e-m+fp/hard/libc_nano.a(libc_a-impure.o)
                0x200001e0                _impure_data
 *(.RamFunc)
 *(.RamFunc*)
                0x2000022c                        . = ALIGN (0x4)
                0x2000022c                        _edata = .
                0x08011cd0                        _siccmram = LOADADDR (.ccmram)

.igot.plt       0x2000022c        0x0 load address 0x08011cd0
 .igot.plt      0x2000022c        0x0 /Applications/STM32CubeIDE.app/Contents/Eclipse/plugins/com.st.stm32cube.ide.mcu.externaltools.gnu-tools-for-stm32.12.3.rel1.macos64_1.0.100.202403111906/tools/bin/../lib/gcc/arm-none-eabi/12.3.1/thumb/v7e-m+fp/hard/crtbegin.o

.ccmram         0x10000000        0x0 load address 0x08011cd0
                0x10000000                        . = ALIGN (0x4)
                0x10000000                        _sccmram = .
 *(.ccmram)
 *(.ccmram*)
                0x10000000                        . = ALIGN (0x4)
                0x10000000                        _eccmram = .
                0x10000000                        . = ALIGN (0x4)

.bss            0x2000022c     0x40e4
                0x2000022c                        _sbss = .
                0x2000022c                        __bss_start__ = _sbss
 *(.bss)
 .bss           0x2000022c       0x1c /Applications/STM32CubeIDE.app/Contents/Eclipse/plugins/com.st.stm32cube.ide.mcu.externaltools.gnu-tools-for-stm32.12.3.rel1.macos64_1.0.100.202403111906/tools/bin/../lib/gcc/arm-none-eabi/12.3.1/thumb/v7e-m+fp/hard/crtbegin.o
 *(.bss*)
 .bss.stmpe811  0x20000248        0x2 ./Drivers/BSP/Components/stmpe811.o
                0x20000248                stmpe811
 *fill*         0x2000024a        0x2 
 .bss.I2cHandle
                0x2000024c       0x54 ./Drivers/BSP/STM32F429I-Discovery/stm32f429i_discovery.o
                0x2000024c                I2cHandle
 .bss.SpiHandle
                0x200002a0       0x58 ./Drivers/BSP/STM32F429I-Discovery/stm32f429i_discovery.o
 .bss.Is_LCD_IO_Initialized
                0x200002f8        0x1 ./Drivers/BSP/STM32F429I-Discovery/stm32f429i_discovery.o
 *fill*         0x200002f9        0x3 
 .bss.GyroscopeDrv
                0x200002fc        0x4 ./Drivers/BSP/STM32F429I-Discovery/stm32f429i_discovery_gyroscope.o
 .bss.LtdcHandler
                0x20000300       0xa8 ./Drivers/BSP/STM32F429I-Discovery/stm32f429i_discovery_lcd.o
                0x20000300                LtdcHandler
 .bss.Dma2dHandler
                0x200003a8       0x40 ./Drivers/BSP/STM32F429I-Discovery/stm32f429i_discovery_lcd.o
 .bss.PeriphClkInitStruct
                0x200003e8       0x30 ./Drivers/BSP/STM32F429I-Discovery/stm32f429i_discovery_lcd.o
 .bss.ActiveLayer
                0x20000418        0x4 ./Drivers/BSP/STM32F429I-Discovery/stm32f429i_discovery_lcd.o
 .bss.DrawProp  0x2000041c       0x18 ./Drivers/BSP/STM32F429I-Discovery/stm32f429i_discovery_lcd.o
 .bss.LcdDrv    0x20000434        0x4 ./Drivers/BSP/STM32F429I-Discovery/stm32f429i_discovery_lcd.o
                0x20000434                LcdDrv
 .bss.SdramHandle
                0x20000438       0x34 ./Drivers/BSP/STM32F429I-Discovery/stm32f429i_discovery_sdram.o
 .bss.Timing    0x2000046c       0x1c ./Drivers/BSP/STM32F429I-Discovery/stm32f429i_discovery_sdram.o
 .bss.Command   0x20000488       0x10 ./Drivers/BSP/STM32F429I-Discovery/stm32f429i_discovery_sdram.o
 .bss.dmaHandle.1
                0x20000498       0x60 ./Drivers/BSP/STM32F429I-Discovery/stm32f429i_discovery_sdram.o
 .bss.TsDrv     0x200004f8        0x4 ./Drivers/BSP/STM32F429I-Discovery/stm32f429i_discovery_ts.o
 .bss.TsXBoundary
                0x200004fc        0x2 ./Drivers/BSP/STM32F429I-Discovery/stm32f429i_discovery_ts.o
 .bss.TsYBoundary
                0x200004fe        0x2 ./Drivers/BSP/STM32F429I-Discovery/stm32f429i_discovery_ts.o
 .bss._x.1      0x20000500        0x4 ./Drivers/BSP/STM32F429I-Discovery/stm32f429i_discovery_ts.o
 .bss._y.0      0x20000504        0x4 ./Drivers/BSP/STM32F429I-Discovery/stm32f429i_discovery_ts.o
 .bss.uwTick    0x20000508        0x4 ./Drivers/STM32F4xx_HAL_Driver/stm32f4xx_hal.o
                0x20000508                uwTick
 .bss.LCD_Feature
                0x2000050c        0x1 ./Example/User/lcd.o
 .bss.DemoIndex
                0x2000050d        0x1 ./Example/User/main.o
 .bss.ubKeyPressed
                0x2000050e        0x1 ./Example/User/main.o
                0x2000050e                ubKeyPressed
 .bss.ticks.0   0x2000050f        0x1 ./Example/User/main.o
 .bss.Buffer    0x20000510        0xc ./Example/User/mems.o
                0x20000510                Buffer
 .bss.Xval      0x2000051c        0x4 ./Example/User/mems.o
                0x2000051c                Xval
 .bss.Yval      0x20000520        0x4 ./Example/User/mems.o
                0x20000520                Yval
 .bss.Zval      0x20000524        0x4 ./Example/User/mems.o
                0x20000524                Zval
 .bss.state     0x20000528        0x1 ./Example/User/mems.o
                0x20000528                state
 *fill*         0x20000529        0x3 
 .bss.__sbrk_heap_end
                0x2000052c        0x4 ./Example/User/sysmem.o
 .bss.TS_State  0x20000530        0x8 ./Example/User/touchscreen.o
 .bss.TS_State  0x20000538        0x8 ./Example/User/ts_calibration.o
 .bss.Calibration_Done
                0x20000540        0x1 ./Example/User/ts_calibration.o
 *fill*         0x20000541        0x1 
 .bss.A1        0x20000542        0x2 ./Example/User/ts_calibration.o
 .bss.A2        0x20000544        0x2 ./Example/User/ts_calibration.o
 .bss.B1        0x20000546        0x2 ./Example/User/ts_calibration.o
 .bss.B2        0x20000548        0x2 ./Example/User/ts_calibration.o
 *fill*         0x2000054a        0x2 
 .bss.aPhysX    0x2000054c        0x4 ./Example/User/ts_calibration.o
 .bss.aPhysY    0x20000550        0x4 ./Example/User/ts_calibration.o
 .bss.aLogX     0x20000554        0x4 ./Example/User/ts_calibration.o
 .bss.aLogY     0x20000558        0x4 ./Example/User/ts_calibration.o
 .bss.LCD_CacheBuffer
                0x2000055c     0x3c54 ./Example/Utilities/lcd_log.o
                0x2000055c                LCD_CacheBuffer
 .bss.LCD_LineColor
                0x200041b0        0x4 ./Example/Utilities/lcd_log.o
                0x200041b0                LCD_LineColor
 .bss.LCD_CacheBuffer_xptr
                0x200041b4        0x2 ./Example/Utilities/lcd_log.o
                0x200041b4                LCD_CacheBuffer_xptr
 .bss.LCD_CacheBuffer_yptr_top
                0x200041b6        0x2 ./Example/Utilities/lcd_log.o
                0x200041b6                LCD_CacheBuffer_yptr_top
 .bss.LCD_CacheBuffer_yptr_bottom
                0x200041b8        0x2 ./Example/Utilities/lcd_log.o
                0x200041b8                LCD_CacheBuffer_yptr_bottom
 .bss.LCD_CacheBuffer_yptr_top_bak
                0x200041ba        0x2 ./Example/Utilities/lcd_log.o
                0x200041ba                LCD_CacheBuffer_yptr_top_bak
 .bss.LCD_CacheBuffer_yptr_bottom_bak
                0x200041bc        0x2 ./Example/Utilities/lcd_log.o
                0x200041bc                LCD_CacheBuffer_yptr_bottom_bak
 .bss.LCD_CacheBuffer_yptr_invert
                0x200041be        0x1 ./Example/Utilities/lcd_log.o
                0x200041be                LCD_CacheBuffer_yptr_invert
 .bss.LCD_ScrollActive
                0x200041bf        0x1 ./Example/Utilities/lcd_log.o
                0x200041bf                LCD_ScrollActive
 .bss.LCD_Lock  0x200041c0        0x1 ./Example/Utilities/lcd_log.o
                0x200041c0                LCD_Lock
 .bss.LCD_Scrolled
                0x200041c1        0x1 ./Example/Utilities/lcd_log.o
                0x200041c1                LCD_Scrolled
 .bss.LCD_ScrollBackStep
                0x200041c2        0x2 ./Example/Utilities/lcd_log.o
                0x200041c2                LCD_ScrollBackStep
 .bss.__sf      0x200041c4      0x138 /Applications/STM32CubeIDE.app/Contents/Eclipse/plugins/com.st.stm32cube.ide.mcu.externaltools.gnu-tools-for-stm32.12.3.rel1.macos64_1.0.100.202403111906/tools/bin/../lib/gcc/arm-none-eabi/12.3.1/../../../../arm-none-eabi/lib/thumb/v7e-m+fp/hard/libc_nano.a(libc_a-findfp.o)
                0x200041c4                __sf
 .bss.__stdio_exit_handler
                0x200042fc        0x4 /Applications/STM32CubeIDE.app/Contents/Eclipse/plugins/com.st.stm32cube.ide.mcu.externaltools.gnu-tools-for-stm32.12.3.rel1.macos64_1.0.100.202403111906/tools/bin/../lib/gcc/arm-none-eabi/12.3.1/../../../../arm-none-eabi/lib/thumb/v7e-m+fp/hard/libc_nano.a(libc_a-findfp.o)
                0x200042fc                __stdio_exit_handler
 .bss.__lock___malloc_recursive_mutex
                0x20004300        0x1 /Applications/STM32CubeIDE.app/Contents/Eclipse/plugins/com.st.stm32cube.ide.mcu.externaltools.gnu-tools-for-stm32.12.3.rel1.macos64_1.0.100.202403111906/tools/bin/../lib/gcc/arm-none-eabi/12.3.1/../../../../arm-none-eabi/lib/thumb/v7e-m+fp/hard/libc_nano.a(libc_a-lock.o)
                0x20004300                __lock___malloc_recursive_mutex
 .bss.__lock___sfp_recursive_mutex
                0x20004301        0x1 /Applications/STM32CubeIDE.app/Contents/Eclipse/plugins/com.st.stm32cube.ide.mcu.externaltools.gnu-tools-for-stm32.12.3.rel1.macos64_1.0.100.202403111906/tools/bin/../lib/gcc/arm-none-eabi/12.3.1/../../../../arm-none-eabi/lib/thumb/v7e-m+fp/hard/libc_nano.a(libc_a-lock.o)
                0x20004301                __lock___sfp_recursive_mutex
 *fill*         0x20004302        0x2 
 .bss.__malloc_sbrk_start
                0x20004304        0x4 /Applications/STM32CubeIDE.app/Contents/Eclipse/plugins/com.st.stm32cube.ide.mcu.externaltools.gnu-tools-for-stm32.12.3.rel1.macos64_1.0.100.202403111906/tools/bin/../lib/gcc/arm-none-eabi/12.3.1/../../../../arm-none-eabi/lib/thumb/v7e-m+fp/hard/libc_nano.a(libc_a-mallocr.o)
                0x20004304                __malloc_sbrk_start
 .bss.__malloc_free_list
                0x20004308        0x4 /Applications/STM32CubeIDE.app/Contents/Eclipse/plugins/com.st.stm32cube.ide.mcu.externaltools.gnu-tools-for-stm32.12.3.rel1.macos64_1.0.100.202403111906/tools/bin/../lib/gcc/arm-none-eabi/12.3.1/../../../../arm-none-eabi/lib/thumb/v7e-m+fp/hard/libc_nano.a(libc_a-mallocr.o)
                0x20004308                __malloc_free_list
 .bss.errno     0x2000430c        0x4 /Applications/STM32CubeIDE.app/Contents/Eclipse/plugins/com.st.stm32cube.ide.mcu.externaltools.gnu-tools-for-stm32.12.3.rel1.macos64_1.0.100.202403111906/tools/bin/../lib/gcc/arm-none-eabi/12.3.1/../../../../arm-none-eabi/lib/thumb/v7e-m+fp/hard/libc_nano.a(libc_a-reent.o)
                0x2000430c                errno
 *(COMMON)
                0x20004310                        . = ALIGN (0x4)
                0x20004310                        _ebss = .
                0x20004310                        __bss_end__ = _ebss

._user_heap_stack
                0x20004310      0x600
                0x20004310                        . = ALIGN (0x8)
                [!provide]                        PROVIDE (end = .)
                0x20004310                        PROVIDE (_end = .)
                0x20004510                        . = (. + _Min_Heap_Size)
 *fill*         0x20004310      0x200 
                0x20004910                        . = (. + _Min_Stack_Size)
 *fill*         0x20004510      0x400 
                0x20004910                        . = ALIGN (0x8)

/DISCARD/
 libc.a(*)
 libm.a(*)
 libgcc.a(*)

.ARM.attributes
                0x00000000       0x30
 *(.ARM.attributes)
 .ARM.attributes
                0x00000000       0x22 /Applications/STM32CubeIDE.app/Contents/Eclipse/plugins/com.st.stm32cube.ide.mcu.externaltools.gnu-tools-for-stm32.12.3.rel1.macos64_1.0.100.202403111906/tools/bin/../lib/gcc/arm-none-eabi/12.3.1/thumb/v7e-m+fp/hard/crti.o
 .ARM.attributes