/Users/Shared/D/Projects/22stm32/stm32-dev/project2/BSP/Src/main.c:63:5:main	8	static
/Users/Shared/D/Projects/22stm32/stm32-dev/project2/BSP/Src/main.c:134:13:SystemClock_Config	88	static
/Users/Shared/D/Projects/22stm32/stm32-dev/project2/BSP/Src/main.c:176:13:Display_DemoDescription	80	static
/Users/Shared/D/Projects/22stm32/stm32-dev/project2/BSP/Src/main.c:218:9:CheckForUserInput	8	static
/Users/Shared/D/Projects/22stm32/stm32-dev/project2/BSP/Src/main.c:233:6:Toggle_Leds	8	static
/Users/Shared/D/Projects/22stm32/stm32-dev/project2/BSP/Src/main.c:250:6:HAL_GPIO_EXTI_Callback	16	static
